
d U0;

gi parallel_out_1[2];
ai .slack_logic 1.478 ;
gp Q[0];
ap .slack_logic 1.478 ;
gp D[0];
ap .slack_logic 3.823 ;
gp C;
ap .is_clock 1;

gi LFSR.lfsr_reg[2];
gp C;
ap .is_clock 1;

gi parallel_out_1[3];
ai .slack_logic 1.538 ;
gp Q[0];
ap .slack_logic 1.538 ;
gp D[0];
ap .slack_logic 3.823 ;
gp C;
ap .is_clock 1;

gi LFSR.lfsr_reg[3];
gp C;
ap .is_clock 1;

gi parallel_out_1[4];
ai .slack_logic 1.598 ;
gp Q[0];
ap .slack_logic 1.598 ;
gp D[0];
ap .slack_logic 3.823 ;
gp C;
ap .is_clock 1;

gi LFSR.lfsr_reg[4];
gp C;
ap .is_clock 1;

gi parallel_out_1[5];
ai .slack_logic 1.658 ;
gp Q[0];
ap .slack_logic 1.658 ;
gp D[0];
ap .slack_logic 5.232 ;
gp C;
ap .is_clock 1;

gi LFSR.lfsr_reg[5];
gp C;
ap .is_clock 1;

gi parallel_out_1[6];
ai .slack_logic 1.718 ;
gp Q[0];
ap .slack_logic 1.718 ;
gp D[0];
ap .slack_logic 5.232 ;
gp C;
ap .is_clock 1;

gi LFSR.lfsr_reg[6];
gp C;
ap .is_clock 1;

gi parallel_out_1[7];
ai .slack_logic 4.860 ;
gp Q[0];
ap .slack_logic 4.860 ;
gp D[0];
ap .slack_logic 5.232 ;
gp C;
ap .is_clock 1;

gi LFSR.lfsr_reg[7];
gp C;
ap .is_clock 1;

gi parallel_out_1[0];
ai .slack_logic 1.358 ;
gp Q[0];
ap .slack_logic 1.358 ;
gp D[0];
ap .slack_logic 5.199 ;
gp C;
ap .is_clock 1;

gi LFSR.lfsr_reg[0];
gp C;
ap .is_clock 1;

gi parallel_out_1[1];
ai .slack_logic 1.418 ;
gp Q[0];
ap .slack_logic 1.418 ;
gp D[0];
ap .slack_logic 5.232 ;
gp C;
ap .is_clock 1;

gi LFSR.lfsr_reg[1];
gp C;
ap .is_clock 1;

d U1;

gi parallel_out_1[2];
ai .slack_logic 0.497 ;
gp Q[0];
ap .slack_logic 0.497 ;
gp D[0];
ap .slack_logic 3.823 ;
gp C;
ap .is_clock 1;

gi LFSR.lfsr_reg[2];
gp C;
ap .is_clock 1;

gi parallel_out_1[3];
ai .slack_logic 0.497 ;
gp Q[0];
ap .slack_logic 0.497 ;
gp D[0];
ap .slack_logic 3.823 ;
gp C;
ap .is_clock 1;

gi LFSR.lfsr_reg[3];
gp C;
ap .is_clock 1;

gi parallel_out_1[5];
ai .slack_logic 0.098 ;
gp Q[0];
ap .slack_logic 0.098 ;
gp D[0];
ap .slack_logic 3.823 ;
gp C;
ap .is_clock 1;

gi LFSR.lfsr_reg[5];
gp C;
ap .is_clock 1;

gi parallel_out_1[4];
ai .slack_logic 1.426 ;
gp Q[0];
ap .slack_logic 1.426 ;
gp D[0];
ap .slack_logic 5.232 ;
gp C;
ap .is_clock 1;

gi LFSR.lfsr_reg[4];
gp C;
ap .is_clock 1;

gi parallel_out_1[6];
ai .slack_logic 0.098 ;
gp Q[0];
ap .slack_logic 0.098 ;
gp D[0];
ap .slack_logic 5.232 ;
gp C;
ap .is_clock 1;

gi LFSR.lfsr_reg[6];
gp C;
ap .is_clock 1;

gi parallel_out_1[7];
ai .slack_logic 1.426 ;
gp Q[0];
ap .slack_logic 1.426 ;
gp D[0];
ap .slack_logic 5.232 ;
gp C;
ap .is_clock 1;

gi LFSR.lfsr_reg[7];
gp C;
ap .is_clock 1;

gi parallel_out_1[8];
ai .slack_logic 3.401 ;
gp Q[0];
ap .slack_logic 3.401 ;
gp D[0];
ap .slack_logic 5.232 ;
gp C;
ap .is_clock 1;

gi LFSR.lfsr_reg[8];
gp C;
ap .is_clock 1;

gi parallel_out_1[9];
ai .slack_logic 3.401 ;
gp Q[0];
ap .slack_logic 3.401 ;
gp D[0];
ap .slack_logic 5.232 ;
gp C;
ap .is_clock 1;

gi LFSR.lfsr_reg[9];
gp C;
ap .is_clock 1;

gi parallel_out_1[10];
ai .slack_logic 3.401 ;
gp Q[0];
ap .slack_logic 3.401 ;
gp D[0];
ap .slack_logic 5.232 ;
gp C;
ap .is_clock 1;

gi LFSR.lfsr_reg[10];
gp C;
ap .is_clock 1;

gi parallel_out_1[11];
ai .slack_logic 4.812 ;
gp Q[0];
ap .slack_logic 4.812 ;
gp D[0];
ap .slack_logic 5.232 ;
gp C;
ap .is_clock 1;

gi LFSR.lfsr_reg[11];
gp C;
ap .is_clock 1;

gi parallel_out_1[12];
ai .slack_logic 4.812 ;
gp Q[0];
ap .slack_logic 4.812 ;
gp D[0];
ap .slack_logic 5.232 ;
gp C;
ap .is_clock 1;

gi LFSR.lfsr_reg[12];
gp C;
ap .is_clock 1;

gi parallel_out_1[13];
ai .slack_logic 4.812 ;
gp Q[0];
ap .slack_logic 4.812 ;
gp D[0];
ap .slack_logic 5.232 ;
gp C;
ap .is_clock 1;

gi LFSR.lfsr_reg[13];
gp C;
ap .is_clock 1;

gi parallel_out_1[14];
ai .slack_logic 4.812 ;
gp Q[0];
ap .slack_logic 4.812 ;
gp D[0];
ap .slack_logic 5.232 ;
gp C;
ap .is_clock 1;

gi LFSR.lfsr_reg[14];
gp C;
ap .is_clock 1;

gi parallel_out_1[15];
ai .slack_logic 5.232 ;
gp Q[0];
ap .slack_logic 5.299 ;
gp D[0];
ap .slack_logic 5.232 ;
gp C;
ap .is_clock 1;

gi LFSR.lfsr_reg[15];
gp C;
ap .is_clock 1;

gi parallel_out_1[0];
ai .slack_logic 1.863 ;
gp Q[0];
ap .slack_logic 1.863 ;
gp D[0];
ap .slack_logic 5.199 ;
gp C;
ap .is_clock 1;

gi LFSR.lfsr_reg[0];
gp C;
ap .is_clock 1;

gi parallel_out_1[1];
ai .slack_logic 0.497 ;
gp Q[0];
ap .slack_logic 0.497 ;
gp D[0];
ap .slack_logic 5.232 ;
gp C;
ap .is_clock 1;

gi LFSR.lfsr_reg[1];
gp C;
ap .is_clock 1;

d U2;

gi parallel_out_1[1];
ai .slack_logic -1.053 ;
gp Q[0];
ap .slack_logic -1.053 ;
gp D[0];
ap .slack_logic 3.837 ;
gp C;
ap .is_clock 1;

gi LFSR.lfsr_reg[1];
gp C;
ap .is_clock 1;

gi parallel_out_1[2];
ai .slack_logic -0.124 ;
gp Q[0];
ap .slack_logic -0.124 ;
gp D[0];
ap .slack_logic 5.232 ;
gp C;
ap .is_clock 1;

gi LFSR.lfsr_reg[2];
gp C;
ap .is_clock 1;

gi parallel_out_1[3];
ai .slack_logic -1.034 ;
gp Q[0];
ap .slack_logic -1.034 ;
gp D[0];
ap .slack_logic 5.232 ;
gp C;
ap .is_clock 1;

gi LFSR.lfsr_reg[3];
gp C;
ap .is_clock 1;

gi parallel_out_1[4];
ai .slack_logic -1.025 ;
gp Q[0];
ap .slack_logic -1.025 ;
gp D[0];
ap .slack_logic 5.232 ;
gp C;
ap .is_clock 1;

gi LFSR.lfsr_reg[4];
gp C;
ap .is_clock 1;

gi parallel_out_1[5];
ai .slack_logic -0.076 ;
gp Q[0];
ap .slack_logic -0.076 ;
gp D[0];
ap .slack_logic 5.232 ;
gp C;
ap .is_clock 1;

gi LFSR.lfsr_reg[5];
gp C;
ap .is_clock 1;

gi parallel_out_1[0];
ai .slack_logic -1.063 ;
gp Q[0];
ap .slack_logic -1.063 ;
gp D[0];
ap .slack_logic 5.213 ;
gp C;
ap .is_clock 1;

gi LFSR.lfsr_reg[0];
gp C;
ap .is_clock 1;

d U3;

gi parallel_out_1[1];
ai .slack_logic -2.958 ;
gp Q[0];
ap .slack_logic -2.958 ;
gp D[0];
ap .slack_logic 3.837 ;
gp C;
ap .is_clock 1;

gi LFSR.lfsr_reg[1];
gp C;
ap .is_clock 1;

gi parallel_out_1[2];
ai .slack_logic -2.958 ;
gp Q[0];
ap .slack_logic -2.958 ;
gp D[0];
ap .slack_logic 5.232 ;
gp C;
ap .is_clock 1;

gi LFSR.lfsr_reg[2];
gp C;
ap .is_clock 1;

gi parallel_out_1[3];
ai .slack_logic -2.958 ;
gp Q[0];
ap .slack_logic -2.958 ;
gp D[0];
ap .slack_logic 5.232 ;
gp C;
ap .is_clock 1;

gi LFSR.lfsr_reg[3];
gp C;
ap .is_clock 1;

gi parallel_out_1[0];
ai .slack_logic -2.958 ;
gp Q[0];
ap .slack_logic -2.958 ;
gp D[0];
ap .slack_logic 5.213 ;
gp C;
ap .is_clock 1;

gi LFSR.lfsr_reg[0];
gp C;
ap .is_clock 1;

d U4.U0;

gi done_p;
ai .slack_logic -0.485 ;
gp Q[0];
ap .slack_logic -0.485 ;
gp D[0];
ap .slack_logic 5.096 ;
gp C;
ap .is_clock 1;

gi temp[7:1];
gp C;
ap .is_clock 1;

gi temp[15];
ai .slack_logic 1.946 ;
gp Q[0];
ap .slack_logic 5.065 ;
gp D[0];
ap .slack_logic 1.946 ;
gp C;
ap .is_clock 1;
gp E;
ap .slack_logic 2.960 ;

d U4.U1;

gi count_cycle[0:3];
ai .slack_logic 0.171 ;
gp C;
ap .is_clock 1;

gi elite_offs_1_5[31:0];
ai .slack_logic 4.812 ;
gp B[25];
ap .slack_logic 4.812 ;

gi fin;
ai .slack_logic -0.038 ;
gp Q[0];
ap .slack_logic -0.038 ;
gp D[0];
ap .slack_logic 1.855 ;
gp C;
ap .is_clock 1;
gp E;
ap .slack_logic 0.016 ;

gi max_fit[7:0];
ai .slack_logic 1.855 ;
gp Q[0];
ap .slack_logic 5.022 ;
gp Q[1];
ap .slack_logic 4.812 ;
gp Q[2];
ap .slack_logic 4.812 ;
gp Q[3];
ap .slack_logic 4.812 ;
gp Q[4];
ap .slack_logic 3.882 ;
gp Q[5];
ap .slack_logic 3.882 ;
gp Q[6];
ap .slack_logic 3.882 ;
gp Q[7];
ap .slack_logic 3.882 ;
gp D[0];
ap .slack_logic 1.855 ;
gp D[1];
ap .slack_logic 1.855 ;
gp D[2];
ap .slack_logic 1.855 ;
gp D[3];
ap .slack_logic 1.855 ;
gp D[4];
ap .slack_logic 1.855 ;
gp D[5];
ap .slack_logic 1.855 ;
gp D[6];
ap .slack_logic 1.855 ;
gp D[7];
ap .slack_logic 1.855 ;
gp C;
ap .is_clock 1;
gp E;
ap .slack_logic 2.889 ;

gi counter[0];
gp C;
ap .is_clock 1;

gi best_fit_0[7:0];
ai .slack_logic -0.420 ;
gp Q[0];
ap .slack_logic 2.468 ;
gp Q[1];
ap .slack_logic 1.577 ;
gp Q[2];
ap .slack_logic 1.577 ;
gp Q[3];
ap .slack_logic 1.577 ;
gp Q[4];
ap .slack_logic 1.577 ;
gp Q[5];
ap .slack_logic 1.577 ;
gp Q[6];
ap .slack_logic 1.577 ;
gp Q[7];
ap .slack_logic 1.577 ;
gp D[0];
ap .slack_logic 2.913 ;
gp D[1];
ap .slack_logic 2.744 ;
gp D[2];
ap .slack_logic 2.744 ;
gp D[3];
ap .slack_logic 2.744 ;
gp D[4];
ap .slack_logic 2.744 ;
gp D[5];
ap .slack_logic 2.744 ;
gp D[6];
ap .slack_logic 2.744 ;
gp D[7];
ap .slack_logic 2.744 ;
gp C;
ap .is_clock 1;
gp E;
ap .slack_logic -0.420 ;

gi elite_indexs_0[31:0];
ai .slack_logic -0.420 ;
gp Q[0];
ap .slack_logic 4.812 ;
gp Q[1];
ap .slack_logic 4.812 ;
gp Q[2];
ap .slack_logic 4.812 ;
gp Q[3];
ap .slack_logic 4.812 ;
gp Q[4];
ap .slack_logic 4.812 ;
gp Q[5];
ap .slack_logic 4.812 ;
gp Q[6];
ap .slack_logic 4.812 ;
gp Q[7];
ap .slack_logic 4.812 ;
gp Q[8];
ap .slack_logic 4.812 ;
gp Q[9];
ap .slack_logic 4.812 ;
gp Q[10];
ap .slack_logic 4.812 ;
gp Q[11];
ap .slack_logic 4.812 ;
gp Q[12];
ap .slack_logic 4.812 ;
gp Q[13];
ap .slack_logic 4.812 ;
gp Q[14];
ap .slack_logic 4.812 ;
gp Q[15];
ap .slack_logic 4.812 ;
gp Q[16];
ap .slack_logic 4.812 ;
gp Q[17];
ap .slack_logic 4.812 ;
gp Q[18];
ap .slack_logic 4.812 ;
gp Q[19];
ap .slack_logic 4.812 ;
gp Q[20];
ap .slack_logic 4.812 ;
gp Q[21];
ap .slack_logic 4.812 ;
gp Q[22];
ap .slack_logic 4.812 ;
gp Q[23];
ap .slack_logic 4.812 ;
gp Q[24];
ap .slack_logic 4.812 ;
gp Q[25];
ap .slack_logic 4.812 ;
gp Q[26];
ap .slack_logic 4.812 ;
gp Q[27];
ap .slack_logic 4.812 ;
gp Q[28];
ap .slack_logic 4.812 ;
gp Q[29];
ap .slack_logic 4.812 ;
gp Q[30];
ap .slack_logic 4.812 ;
gp Q[31];
ap .slack_logic 4.812 ;
gp D[0];
ap .slack_logic 2.744 ;
gp D[1];
ap .slack_logic 2.744 ;
gp D[2];
ap .slack_logic 2.744 ;
gp D[3];
ap .slack_logic 2.744 ;
gp D[4];
ap .slack_logic 2.913 ;
gp D[5];
ap .slack_logic 2.913 ;
gp D[6];
ap .slack_logic 2.913 ;
gp D[7];
ap .slack_logic 2.913 ;
gp D[8];
ap .slack_logic 2.913 ;
gp D[9];
ap .slack_logic 2.913 ;
gp D[10];
ap .slack_logic 2.913 ;
gp D[11];
ap .slack_logic 2.913 ;
gp D[12];
ap .slack_logic 2.913 ;
gp D[13];
ap .slack_logic 2.913 ;
gp D[14];
ap .slack_logic 2.913 ;
gp D[15];
ap .slack_logic 2.913 ;
gp D[16];
ap .slack_logic 2.913 ;
gp D[17];
ap .slack_logic 2.913 ;
gp D[18];
ap .slack_logic 2.913 ;
gp D[19];
ap .slack_logic 2.913 ;
gp D[20];
ap .slack_logic 2.913 ;
gp D[21];
ap .slack_logic 2.913 ;
gp D[22];
ap .slack_logic 2.913 ;
gp D[23];
ap .slack_logic 2.913 ;
gp D[24];
ap .slack_logic 2.913 ;
gp D[25];
ap .slack_logic 2.913 ;
gp D[26];
ap .slack_logic 2.913 ;
gp D[27];
ap .slack_logic 2.913 ;
gp D[28];
ap .slack_logic 2.913 ;
gp D[29];
ap .slack_logic 2.913 ;
gp D[30];
ap .slack_logic 2.913 ;
gp D[31];
ap .slack_logic 2.913 ;
gp C;
ap .is_clock 1;
gp E;
ap .slack_logic -0.420 ;

gi best_fit_prev_gen_0[7:0];
gp C;
ap .is_clock 1;

gi best_fit_prev_gen_1[7:0];
gp C;
ap .is_clock 1;

gi temp1_1[7:0];
gp C;
ap .is_clock 1;

gi temp2_0[7:0];
gp C;
ap .is_clock 1;

gi elite_offs_0[31:0];
ai .slack_logic 1.704 ;
gp Q[0];
ap .slack_logic 2.466 ;
gp Q[1];
ap .slack_logic 2.466 ;
gp Q[2];
ap .slack_logic 2.526 ;
gp Q[3];
ap .slack_logic 2.574 ;
gp Q[4];
ap .slack_logic 1.704 ;
gp Q[5];
ap .slack_logic 2.634 ;
gp Q[6];
ap .slack_logic 2.694 ;
gp Q[7];
ap .slack_logic 2.694 ;
gp Q[8];
ap .slack_logic 2.754 ;
gp Q[9];
ap .slack_logic 2.754 ;
gp Q[10];
ap .slack_logic 2.814 ;
gp Q[11];
ap .slack_logic 2.814 ;
gp Q[12];
ap .slack_logic 2.874 ;
gp Q[13];
ap .slack_logic 2.874 ;
gp Q[14];
ap .slack_logic 2.934 ;
gp Q[15];
ap .slack_logic 2.934 ;
gp Q[16];
ap .slack_logic 2.994 ;
gp Q[17];
ap .slack_logic 2.994 ;
gp Q[18];
ap .slack_logic 3.054 ;
gp Q[19];
ap .slack_logic 3.054 ;
gp Q[20];
ap .slack_logic 3.114 ;
gp Q[21];
ap .slack_logic 3.114 ;
gp Q[22];
ap .slack_logic 3.174 ;
gp Q[23];
ap .slack_logic 3.174 ;
gp Q[24];
ap .slack_logic 3.234 ;
gp Q[25];
ap .slack_logic 3.234 ;
gp Q[26];
ap .slack_logic 3.294 ;
gp Q[27];
ap .slack_logic 3.294 ;
gp Q[28];
ap .slack_logic 3.354 ;
gp Q[29];
ap .slack_logic 3.354 ;
gp Q[30];
ap .slack_logic 3.414 ;
gp Q[31];
ap .slack_logic 3.414 ;
gp D[0];
ap .slack_logic 2.744 ;
gp D[1];
ap .slack_logic 2.744 ;
gp D[2];
ap .slack_logic 2.744 ;
gp D[3];
ap .slack_logic 2.744 ;
gp D[4];
ap .slack_logic 2.744 ;
gp D[5];
ap .slack_logic 2.744 ;
gp D[6];
ap .slack_logic 2.744 ;
gp D[7];
ap .slack_logic 2.744 ;
gp D[8];
ap .slack_logic 2.744 ;
gp D[9];
ap .slack_logic 2.744 ;
gp D[10];
ap .slack_logic 2.744 ;
gp D[11];
ap .slack_logic 2.744 ;
gp D[12];
ap .slack_logic 2.744 ;
gp D[13];
ap .slack_logic 2.744 ;
gp D[14];
ap .slack_logic 2.744 ;
gp D[15];
ap .slack_logic 2.744 ;
gp D[16];
ap .slack_logic 2.744 ;
gp D[17];
ap .slack_logic 2.744 ;
gp D[18];
ap .slack_logic 2.744 ;
gp D[19];
ap .slack_logic 2.744 ;
gp D[20];
ap .slack_logic 2.744 ;
gp D[21];
ap .slack_logic 2.744 ;
gp D[22];
ap .slack_logic 2.744 ;
gp D[23];
ap .slack_logic 2.744 ;
gp D[24];
ap .slack_logic 2.744 ;
gp D[25];
ap .slack_logic 2.744 ;
gp D[26];
ap .slack_logic 2.744 ;
gp D[27];
ap .slack_logic 2.744 ;
gp D[28];
ap .slack_logic 2.744 ;
gp D[29];
ap .slack_logic 2.744 ;
gp D[30];
ap .slack_logic 2.744 ;
gp D[31];
ap .slack_logic 2.744 ;
gp C;
ap .is_clock 1;
gp E;
ap .slack_logic 1.812 ;

gi elite_offs_1[31:0];
ai .slack_logic 1.704 ;
gp Q[0];
ap .slack_logic 2.514 ;
gp Q[1];
ap .slack_logic 2.514 ;
gp Q[2];
ap .slack_logic 2.574 ;
gp Q[3];
ap .slack_logic 2.574 ;
gp Q[4];
ap .slack_logic 1.704 ;
gp Q[5];
ap .slack_logic 2.634 ;
gp Q[6];
ap .slack_logic 2.694 ;
gp Q[7];
ap .slack_logic 2.694 ;
gp Q[8];
ap .slack_logic 2.754 ;
gp Q[9];
ap .slack_logic 2.754 ;
gp Q[10];
ap .slack_logic 2.814 ;
gp Q[11];
ap .slack_logic 2.814 ;
gp Q[12];
ap .slack_logic 2.874 ;
gp Q[13];
ap .slack_logic 2.874 ;
gp Q[14];
ap .slack_logic 2.934 ;
gp Q[15];
ap .slack_logic 2.934 ;
gp Q[16];
ap .slack_logic 2.994 ;
gp Q[17];
ap .slack_logic 2.994 ;
gp Q[18];
ap .slack_logic 3.054 ;
gp Q[19];
ap .slack_logic 3.054 ;
gp Q[20];
ap .slack_logic 3.114 ;
gp Q[21];
ap .slack_logic 3.114 ;
gp Q[22];
ap .slack_logic 3.174 ;
gp Q[23];
ap .slack_logic 3.174 ;
gp Q[24];
ap .slack_logic 3.234 ;
gp Q[25];
ap .slack_logic 3.234 ;
gp Q[26];
ap .slack_logic 3.294 ;
gp Q[27];
ap .slack_logic 3.294 ;
gp Q[28];
ap .slack_logic 3.354 ;
gp Q[29];
ap .slack_logic 3.354 ;
gp Q[30];
ap .slack_logic 3.414 ;
gp Q[31];
ap .slack_logic 3.414 ;
gp D[0];
ap .slack_logic 2.744 ;
gp D[1];
ap .slack_logic 2.744 ;
gp D[2];
ap .slack_logic 2.744 ;
gp D[3];
ap .slack_logic 2.744 ;
gp D[4];
ap .slack_logic 2.744 ;
gp D[5];
ap .slack_logic 2.744 ;
gp D[6];
ap .slack_logic 2.744 ;
gp D[7];
ap .slack_logic 2.744 ;
gp D[8];
ap .slack_logic 2.744 ;
gp D[9];
ap .slack_logic 2.744 ;
gp D[10];
ap .slack_logic 2.744 ;
gp D[11];
ap .slack_logic 2.744 ;
gp D[12];
ap .slack_logic 2.744 ;
gp D[13];
ap .slack_logic 2.744 ;
gp D[14];
ap .slack_logic 2.744 ;
gp D[15];
ap .slack_logic 2.744 ;
gp D[16];
ap .slack_logic 2.744 ;
gp D[17];
ap .slack_logic 2.744 ;
gp D[18];
ap .slack_logic 2.744 ;
gp D[19];
ap .slack_logic 2.744 ;
gp D[20];
ap .slack_logic 2.744 ;
gp D[21];
ap .slack_logic 2.744 ;
gp D[22];
ap .slack_logic 2.744 ;
gp D[23];
ap .slack_logic 2.744 ;
gp D[24];
ap .slack_logic 2.744 ;
gp D[25];
ap .slack_logic 2.744 ;
gp D[26];
ap .slack_logic 2.744 ;
gp D[27];
ap .slack_logic 2.744 ;
gp D[28];
ap .slack_logic 2.744 ;
gp D[29];
ap .slack_logic 2.744 ;
gp D[30];
ap .slack_logic 2.744 ;
gp D[31];
ap .slack_logic 2.744 ;
gp C;
ap .is_clock 1;
gp E;
ap .slack_logic 1.812 ;

gi temp_indexs_1_1[31:0];
gp C;
ap .is_clock 1;

gi temp_indexs_2_0[31:0];
ai .slack_logic 2.738 ;
gp Q[0];
ap .slack_logic 4.331 ;
gp Q[1];
ap .slack_logic 3.882 ;
gp Q[2];
ap .slack_logic 4.331 ;
gp Q[3];
ap .slack_logic 3.882 ;
gp Q[4];
ap .slack_logic 4.812 ;
gp Q[5];
ap .slack_logic 4.812 ;
gp Q[6];
ap .slack_logic 4.812 ;
gp Q[7];
ap .slack_logic 4.812 ;
gp Q[8];
ap .slack_logic 4.812 ;
gp Q[9];
ap .slack_logic 4.812 ;
gp Q[10];
ap .slack_logic 4.812 ;
gp Q[11];
ap .slack_logic 4.812 ;
gp Q[12];
ap .slack_logic 4.812 ;
gp Q[13];
ap .slack_logic 4.812 ;
gp Q[14];
ap .slack_logic 4.812 ;
gp Q[15];
ap .slack_logic 4.812 ;
gp Q[16];
ap .slack_logic 4.812 ;
gp Q[17];
ap .slack_logic 4.812 ;
gp Q[18];
ap .slack_logic 4.812 ;
gp Q[19];
ap .slack_logic 4.812 ;
gp Q[20];
ap .slack_logic 4.812 ;
gp Q[21];
ap .slack_logic 4.812 ;
gp Q[22];
ap .slack_logic 4.812 ;
gp Q[23];
ap .slack_logic 4.812 ;
gp Q[24];
ap .slack_logic 4.812 ;
gp Q[25];
ap .slack_logic 4.812 ;
gp Q[26];
ap .slack_logic 4.812 ;
gp Q[27];
ap .slack_logic 4.812 ;
gp Q[28];
ap .slack_logic 4.812 ;
gp Q[29];
ap .slack_logic 4.812 ;
gp Q[30];
ap .slack_logic 4.812 ;
gp Q[31];
ap .slack_logic 4.812 ;
gp D[0];
ap .slack_logic 5.299 ;
gp D[1];
ap .slack_logic 5.299 ;
gp D[2];
ap .slack_logic 5.299 ;
gp D[3];
ap .slack_logic 5.299 ;
gp D[4];
ap .slack_logic 5.299 ;
gp D[5];
ap .slack_logic 5.299 ;
gp D[6];
ap .slack_logic 5.299 ;
gp D[7];
ap .slack_logic 5.299 ;
gp D[8];
ap .slack_logic 5.299 ;
gp D[9];
ap .slack_logic 5.299 ;
gp D[10];
ap .slack_logic 5.299 ;
gp D[11];
ap .slack_logic 5.299 ;
gp D[12];
ap .slack_logic 5.299 ;
gp D[13];
ap .slack_logic 5.299 ;
gp D[14];
ap .slack_logic 5.299 ;
gp D[15];
ap .slack_logic 5.299 ;
gp D[16];
ap .slack_logic 5.299 ;
gp D[17];
ap .slack_logic 5.299 ;
gp D[18];
ap .slack_logic 5.299 ;
gp D[19];
ap .slack_logic 5.299 ;
gp D[20];
ap .slack_logic 5.299 ;
gp D[21];
ap .slack_logic 5.299 ;
gp D[22];
ap .slack_logic 5.299 ;
gp D[23];
ap .slack_logic 5.299 ;
gp D[24];
ap .slack_logic 5.299 ;
gp D[25];
ap .slack_logic 5.299 ;
gp D[26];
ap .slack_logic 5.299 ;
gp D[27];
ap .slack_logic 5.299 ;
gp D[28];
ap .slack_logic 5.299 ;
gp D[29];
ap .slack_logic 5.299 ;
gp D[30];
ap .slack_logic 5.299 ;
gp D[31];
ap .slack_logic 5.299 ;
gp C;
ap .is_clock 1;
gp E;
ap .slack_logic 2.738 ;

gi elite_indexs_1_7[31:0];
ai .slack_logic 4.379 ;
gp D1[1];
ap .slack_logic 4.379 ;
gp D1[5];
ap .slack_logic 4.860 ;
gp D1[10];
ap .slack_logic 4.860 ;
gp D1[12];
ap .slack_logic 4.860 ;
gp D1[13];
ap .slack_logic 4.860 ;
gp D1[14];
ap .slack_logic 4.860 ;
gp D1[15];
ap .slack_logic 4.860 ;
gp D1[16];
ap .slack_logic 4.860 ;
gp D1[17];
ap .slack_logic 4.860 ;
gp D1[18];
ap .slack_logic 4.860 ;
gp D1[19];
ap .slack_logic 4.860 ;
gp D1[20];
ap .slack_logic 4.860 ;
gp D1[24];
ap .slack_logic 4.860 ;
gp D1[27];
ap .slack_logic 4.860 ;
gp D1[32];
ap .slack_logic 4.860 ;

gi best_fit_1[7:0];
ai .slack_logic -0.420 ;
gp Q[0];
ap .slack_logic 2.915 ;
gp Q[1];
ap .slack_logic 2.023 ;
gp Q[2];
ap .slack_logic 2.023 ;
gp Q[3];
ap .slack_logic 2.023 ;
gp Q[4];
ap .slack_logic 2.023 ;
gp Q[5];
ap .slack_logic 2.023 ;
gp Q[6];
ap .slack_logic 2.023 ;
gp Q[7];
ap .slack_logic 2.023 ;
gp D[0];
ap .slack_logic 1.815 ;
gp D[1];
ap .slack_logic 2.263 ;
gp D[2];
ap .slack_logic 2.263 ;
gp D[3];
ap .slack_logic 2.263 ;
gp D[4];
ap .slack_logic 2.263 ;
gp D[5];
ap .slack_logic 2.263 ;
gp D[6];
ap .slack_logic 2.263 ;
gp D[7];
ap .slack_logic 2.263 ;
gp C;
ap .is_clock 1;
gp E;
ap .slack_logic -0.420 ;

gi elite_indexs_1[31:0];
ai .slack_logic -0.420 ;
gp Q[0];
ap .slack_logic 4.812 ;
gp Q[1];
ap .slack_logic 4.812 ;
gp Q[2];
ap .slack_logic 4.812 ;
gp Q[3];
ap .slack_logic 4.812 ;
gp Q[4];
ap .slack_logic 4.812 ;
gp Q[5];
ap .slack_logic 4.812 ;
gp Q[6];
ap .slack_logic 4.812 ;
gp Q[7];
ap .slack_logic 4.812 ;
gp Q[8];
ap .slack_logic 4.812 ;
gp Q[9];
ap .slack_logic 4.812 ;
gp Q[10];
ap .slack_logic 4.812 ;
gp Q[11];
ap .slack_logic 4.812 ;
gp Q[12];
ap .slack_logic 4.812 ;
gp Q[13];
ap .slack_logic 4.812 ;
gp Q[14];
ap .slack_logic 4.812 ;
gp Q[15];
ap .slack_logic 4.812 ;
gp Q[16];
ap .slack_logic 4.812 ;
gp Q[17];
ap .slack_logic 4.812 ;
gp Q[18];
ap .slack_logic 4.812 ;
gp Q[19];
ap .slack_logic 4.812 ;
gp Q[20];
ap .slack_logic 4.812 ;
gp Q[21];
ap .slack_logic 4.812 ;
gp Q[22];
ap .slack_logic 4.812 ;
gp Q[23];
ap .slack_logic 4.812 ;
gp Q[24];
ap .slack_logic 4.812 ;
gp Q[25];
ap .slack_logic 4.812 ;
gp Q[26];
ap .slack_logic 4.812 ;
gp Q[27];
ap .slack_logic 4.812 ;
gp Q[28];
ap .slack_logic 4.812 ;
gp Q[29];
ap .slack_logic 4.812 ;
gp Q[30];
ap .slack_logic 4.812 ;
gp Q[31];
ap .slack_logic 4.812 ;
gp D[0];
ap .slack_logic 0.587 ;
gp D[1];
ap .slack_logic 1.043 ;
gp D[2];
ap .slack_logic 0.587 ;
gp D[3];
ap .slack_logic 1.043 ;
gp D[4];
ap .slack_logic 0.721 ;
gp D[5];
ap .slack_logic 0.721 ;
gp D[6];
ap .slack_logic 0.721 ;
gp D[7];
ap .slack_logic 0.721 ;
gp D[8];
ap .slack_logic 0.721 ;
gp D[9];
ap .slack_logic 0.721 ;
gp D[10];
ap .slack_logic 0.721 ;
gp D[11];
ap .slack_logic 0.721 ;
gp D[12];
ap .slack_logic 0.721 ;
gp D[13];
ap .slack_logic 0.721 ;
gp D[14];
ap .slack_logic 0.721 ;
gp D[15];
ap .slack_logic 0.721 ;
gp D[16];
ap .slack_logic 0.721 ;
gp D[17];
ap .slack_logic 0.721 ;
gp D[18];
ap .slack_logic 0.721 ;
gp D[19];
ap .slack_logic 0.721 ;
gp D[20];
ap .slack_logic 0.721 ;
gp D[21];
ap .slack_logic 0.721 ;
gp D[22];
ap .slack_logic 0.721 ;
gp D[23];
ap .slack_logic 0.721 ;
gp D[24];
ap .slack_logic 0.721 ;
gp D[25];
ap .slack_logic 0.721 ;
gp D[26];
ap .slack_logic 0.721 ;
gp D[27];
ap .slack_logic 0.721 ;
gp D[28];
ap .slack_logic 0.721 ;
gp D[29];
ap .slack_logic 0.721 ;
gp D[30];
ap .slack_logic 0.721 ;
gp D[31];
ap .slack_logic 0.721 ;
gp C;
ap .is_clock 1;
gp E;
ap .slack_logic -0.420 ;

gi temp2_1[7:0];
gp C;
ap .is_clock 1;

gi temp_indexs_2_1[31:0];
ai .slack_logic 2.738 ;
gp Q[0];
ap .slack_logic 4.379 ;
gp Q[1];
ap .slack_logic 3.930 ;
gp Q[2];
ap .slack_logic 4.379 ;
gp Q[3];
ap .slack_logic 3.930 ;
gp Q[4];
ap .slack_logic 4.860 ;
gp Q[5];
ap .slack_logic 4.860 ;
gp Q[6];
ap .slack_logic 4.860 ;
gp Q[7];
ap .slack_logic 4.860 ;
gp Q[8];
ap .slack_logic 4.860 ;
gp Q[9];
ap .slack_logic 4.860 ;
gp Q[10];
ap .slack_logic 4.860 ;
gp Q[11];
ap .slack_logic 4.860 ;
gp Q[12];
ap .slack_logic 4.860 ;
gp Q[13];
ap .slack_logic 4.860 ;
gp Q[14];
ap .slack_logic 4.860 ;
gp Q[15];
ap .slack_logic 4.860 ;
gp Q[16];
ap .slack_logic 4.860 ;
gp Q[17];
ap .slack_logic 4.860 ;
gp Q[18];
ap .slack_logic 4.860 ;
gp Q[19];
ap .slack_logic 4.860 ;
gp Q[20];
ap .slack_logic 4.860 ;
gp Q[21];
ap .slack_logic 4.860 ;
gp Q[22];
ap .slack_logic 4.860 ;
gp Q[23];
ap .slack_logic 4.860 ;
gp Q[24];
ap .slack_logic 4.860 ;
gp Q[25];
ap .slack_logic 4.860 ;
gp Q[26];
ap .slack_logic 4.860 ;
gp Q[27];
ap .slack_logic 4.860 ;
gp Q[28];
ap .slack_logic 4.860 ;
gp Q[29];
ap .slack_logic 4.860 ;
gp Q[30];
ap .slack_logic 4.860 ;
gp Q[31];
ap .slack_logic 4.860 ;
gp D[0];
ap .slack_logic 5.299 ;
gp D[1];
ap .slack_logic 5.299 ;
gp D[2];
ap .slack_logic 5.299 ;
gp D[3];
ap .slack_logic 5.299 ;
gp D[4];
ap .slack_logic 5.299 ;
gp D[5];
ap .slack_logic 5.299 ;
gp D[6];
ap .slack_logic 5.299 ;
gp D[7];
ap .slack_logic 5.299 ;
gp D[8];
ap .slack_logic 5.299 ;
gp D[9];
ap .slack_logic 5.299 ;
gp D[10];
ap .slack_logic 5.299 ;
gp D[11];
ap .slack_logic 5.299 ;
gp D[12];
ap .slack_logic 5.299 ;
gp D[13];
ap .slack_logic 5.299 ;
gp D[14];
ap .slack_logic 5.299 ;
gp D[15];
ap .slack_logic 5.299 ;
gp D[16];
ap .slack_logic 5.299 ;
gp D[17];
ap .slack_logic 5.299 ;
gp D[18];
ap .slack_logic 5.299 ;
gp D[19];
ap .slack_logic 5.299 ;
gp D[20];
ap .slack_logic 5.299 ;
gp D[21];
ap .slack_logic 5.299 ;
gp D[22];
ap .slack_logic 5.299 ;
gp D[23];
ap .slack_logic 5.299 ;
gp D[24];
ap .slack_logic 5.299 ;
gp D[25];
ap .slack_logic 5.299 ;
gp D[26];
ap .slack_logic 5.299 ;
gp D[27];
ap .slack_logic 5.299 ;
gp D[28];
ap .slack_logic 5.299 ;
gp D[29];
ap .slack_logic 5.299 ;
gp D[30];
ap .slack_logic 5.299 ;
gp D[31];
ap .slack_logic 5.299 ;
gp C;
ap .is_clock 1;
gp E;
ap .slack_logic 2.738 ;

gi fit_sum[10:0];
ai .slack_logic -2.958 ;
gp Q[0];
ap .slack_logic -2.958 ;
gp Q[1];
ap .slack_logic -2.958 ;
gp Q[2];
ap .slack_logic -2.958 ;
gp Q[3];
ap .slack_logic -2.958 ;
gp Q[4];
ap .slack_logic -2.958 ;
gp Q[5];
ap .slack_logic -2.958 ;
gp Q[6];
ap .slack_logic -2.958 ;
gp Q[7];
ap .slack_logic -2.958 ;
gp Q[8];
ap .slack_logic -2.958 ;
gp Q[9];
ap .slack_logic -2.958 ;
gp Q[10];
ap .slack_logic -2.958 ;
gp D[0];
ap .slack_logic 1.855 ;
gp D[1];
ap .slack_logic 0.507 ;
gp D[2];
ap .slack_logic -1.786 ;
gp D[3];
ap .slack_logic -1.697 ;
gp D[4];
ap .slack_logic -1.757 ;
gp D[5];
ap .slack_logic -1.817 ;
gp D[6];
ap .slack_logic -1.877 ;
gp D[7];
ap .slack_logic -1.937 ;
gp D[8];
ap .slack_logic -1.997 ;
gp D[9];
ap .slack_logic -2.057 ;
gp D[10];
ap .slack_logic -2.117 ;
gp C;
ap .is_clock 1;
gp E;
ap .slack_logic 2.889 ;

gi sum_p[10:0];
ai .slack_logic -2.117 ;
gp Q[0];
ap .slack_logic -0.147 ;
gp Q[2];
ap .slack_logic -1.995 ;
gp Q[3];
ap .slack_logic -1.935 ;
gp Q[4];
ap .slack_logic -1.875 ;
gp Q[5];
ap .slack_logic -1.815 ;
gp Q[6];
ap .slack_logic -1.755 ;
gp Q[7];
ap .slack_logic -1.042 ;
gp Q[8];
ap .slack_logic -0.581 ;
gp Q[9];
ap .slack_logic 0.132 ;
gp Q[10];
ap .slack_logic 0.845 ;
gp D[0];
ap .slack_logic 1.855 ;
gp D[2];
ap .slack_logic -1.786 ;
gp D[3];
ap .slack_logic -1.697 ;
gp D[4];
ap .slack_logic -1.757 ;
gp D[5];
ap .slack_logic -1.817 ;
gp D[6];
ap .slack_logic -1.877 ;
gp D[7];
ap .slack_logic -1.937 ;
gp D[8];
ap .slack_logic -1.997 ;
gp D[9];
ap .slack_logic -2.057 ;
gp D[10];
ap .slack_logic -2.117 ;
gp C;
ap .is_clock 1;
gp E;
ap .slack_logic 1.076 ;

d U5;

gi count;
ai .slack_logic -2.085 ;
gp Q[0];
ap .slack_logic -2.085 ;
gp D[0];
ap .slack_logic 5.199 ;
gp C;
ap .is_clock 1;

gi cumSum_p1[10:0];
gp C;
ap .is_clock 1;

gi scalFitSum[14:0];
ai .slack_logic 1.361 ;
gp A[0];
ap .slack_logic 1.361 ;
gp A[1];
ap .slack_logic 1.421 ;
gp A[2];
ap .slack_logic 1.510 ;
gp A[3];
ap .slack_logic 1.541 ;
gp A[4];
ap .slack_logic 1.630 ;
gp A[5];
ap .slack_logic 1.661 ;
gp A[6];
ap .slack_logic 1.750 ;
gp A[7];
ap .slack_logic 1.781 ;
gp A[8];
ap .slack_logic 1.870 ;
gp A[9];
ap .slack_logic 1.901 ;
gp A[10];
ap .slack_logic 1.961 ;

gi scalFitSum_p[14:0];
ai .slack_logic 0.427 ;
gp Q[0];
ap .slack_logic 1.361 ;
gp Q[1];
ap .slack_logic 1.421 ;
gp Q[2];
ap .slack_logic 1.510 ;
gp Q[3];
ap .slack_logic 1.541 ;
gp Q[4];
ap .slack_logic 1.630 ;
gp Q[5];
ap .slack_logic 1.661 ;
gp Q[6];
ap .slack_logic 1.750 ;
gp Q[7];
ap .slack_logic 1.781 ;
gp Q[8];
ap .slack_logic 1.870 ;
gp Q[9];
ap .slack_logic 1.901 ;
gp Q[10];
ap .slack_logic 1.961 ;
gp D[0];
ap .slack_logic 1.387 ;
gp D[1];
ap .slack_logic 1.291 ;
gp D[2];
ap .slack_logic 1.118 ;
gp D[3];
ap .slack_logic 1.099 ;
gp D[4];
ap .slack_logic 0.926 ;
gp D[5];
ap .slack_logic 0.907 ;
gp D[6];
ap .slack_logic 0.734 ;
gp D[7];
ap .slack_logic 0.715 ;
gp D[8];
ap .slack_logic 0.542 ;
gp D[9];
ap .slack_logic 0.523 ;
gp D[10];
ap .slack_logic 0.427 ;
gp C;
ap .is_clock 1;
gp R;
ap .slack_logic 2.662 ;

gi done_t;
gp C;
ap .is_clock 1;

gi temp_rd;
gp C;
ap .is_clock 1;

gi selParent_p[7:0];
gp C;
ap .is_clock 1;

d U6;

gi crossout1_0_sqmuxa;
ai .slack_logic 3.484 ;
gp I0[0];
ap .slack_logic 3.484 ;

gi done_t;
ai .slack_logic 2.974 ;
gp Q[0];
ap .slack_logic 2.974 ;
gp D[0];
ap .slack_logic 3.302 ;
gp C;
ap .is_clock 1;

gi crossout1_t[7:0];
gp C;
ap .is_clock 1;

d U7;

gi done_p;
ai .slack_logic -0.048 ;
gp Q[0];
ap .slack_logic -0.048 ;
gp D[0];
ap .slack_logic 0.872 ;
gp C;
ap .is_clock 1;

gi count[3:0];
ai .slack_logic -0.628 ;
gp Q[0];
ap .slack_logic -0.628 ;
gp Q[1];
ap .slack_logic -0.619 ;
gp Q[2];
ap .slack_logic -0.600 ;
gp Q[3];
ap .slack_logic -0.581 ;
gp D[0];
ap .slack_logic -0.628 ;
gp D[1];
ap .slack_logic -0.628 ;
gp D[2];
ap .slack_logic -0.628 ;
gp D[3];
ap .slack_logic -0.628 ;
gp C;
ap .is_clock 1;

gi mutout_p1[7:0];
gp C;
ap .is_clock 1;

d U8;

gi rd;
ai .slack_logic 0.244 ;
gp Q[0];
ap .slack_logic 0.244 ;
gp C;
ap .is_clock 1;

gi fitlim_rd;
ai .slack_logic 0.292 ;
gp Q[0];
ap .slack_logic 0.292 ;
gp D[0];
ap .slack_logic 3.882 ;
gp C;
ap .is_clock 1;

d U9;

gi wr_r;
ai .slack_logic -0.274 ;
gp Q[0];
ap .slack_logic 3.106 ;
gp D[0];
ap .slack_logic -0.274 ;
gp C;
ap .is_clock 1;

gi add_r[2:0];
gp C;
ap .is_clock 1;

gi data_out_cl[15];
gp C;
ap .is_clock 1;

gi data_out_cl_1[15];
gp C;
ap .is_clock 1;

gi data_out_cl_2[15];
gp C;
ap .is_clock 1;

gi data_out_cl_3[15];
gp C;
ap .is_clock 1;

gi data_out_cl_4[15];
gp C;
ap .is_clock 1;

gi data_out_cl_5[15];
gp C;
ap .is_clock 1;

gi data_out_cl_6[15];
gp C;
ap .is_clock 1;

gi data_out_cl_7[15];
gp C;
ap .is_clock 1;

gi data_out_cl_8[15];
gp C;
ap .is_clock 1;

gi data_out_cl_9[15];
gp C;
ap .is_clock 1;

gi data_out_cl_10[15];
gp C;
ap .is_clock 1;

gi data_out_cl_11[15];
gp C;
ap .is_clock 1;

gi data_out_cl_12[15];
gp C;
ap .is_clock 1;

gi data_out_cl_13[15];
gp C;
ap .is_clock 1;

gi data_out_cl_14[15];
gp C;
ap .is_clock 1;

gi data_out_cl_15[15];
gp C;
ap .is_clock 1;

gi data[15:0];
gp CLK;
ap .is_clock 1;

gi data_out_1[0];
ai .slack_logic 0.572 ;
gp Q[0];
ap .slack_logic 2.986 ;
gp D[0];
ap .slack_logic 0.572 ;
gp C;
ap .is_clock 1;
gp E;
ap .slack_logic 3.106 ;

gi data_out_1[1];
ai .slack_logic 0.572 ;
gp Q[0];
ap .slack_logic 3.046 ;
gp D[0];
ap .slack_logic 0.572 ;
gp C;
ap .is_clock 1;
gp E;
ap .slack_logic 3.106 ;

gi data_out_1[2];
ai .slack_logic 0.572 ;
gp Q[0];
ap .slack_logic 3.106 ;
gp D[0];
ap .slack_logic 0.572 ;
gp C;
ap .is_clock 1;
gp E;
ap .slack_logic 3.106 ;

gi data_out_1[3];
ai .slack_logic 0.572 ;
gp Q[0];
ap .slack_logic 3.166 ;
gp D[0];
ap .slack_logic 0.572 ;
gp C;
ap .is_clock 1;
gp E;
ap .slack_logic 3.106 ;

gi data_out_1[4];
ai .slack_logic 0.572 ;
gp Q[0];
ap .slack_logic 3.226 ;
gp D[0];
ap .slack_logic 0.572 ;
gp C;
ap .is_clock 1;
gp E;
ap .slack_logic 3.106 ;

gi data_out_1[5];
ai .slack_logic 0.572 ;
gp Q[0];
ap .slack_logic 3.286 ;
gp D[0];
ap .slack_logic 0.572 ;
gp C;
ap .is_clock 1;
gp E;
ap .slack_logic 3.106 ;

gi data_out_1[6];
ai .slack_logic 0.572 ;
gp Q[0];
ap .slack_logic 3.346 ;
gp D[0];
ap .slack_logic 0.572 ;
gp C;
ap .is_clock 1;
gp E;
ap .slack_logic 3.106 ;

gi data_out_1[7];
ai .slack_logic 0.572 ;
gp Q[0];
ap .slack_logic 3.406 ;
gp D[0];
ap .slack_logic 0.572 ;
gp C;
ap .is_clock 1;
gp E;
ap .slack_logic 3.106 ;

gi data_out_1[8];
ai .slack_logic 0.572 ;
gp Q[0];
ap .slack_logic 4.974 ;
gp D[0];
ap .slack_logic 0.572 ;
gp C;
ap .is_clock 1;
gp E;
ap .slack_logic 3.106 ;

gi data_out_1[9];
ai .slack_logic 0.572 ;
gp Q[0];
ap .slack_logic 4.974 ;
gp D[0];
ap .slack_logic 0.572 ;
gp C;
ap .is_clock 1;
gp E;
ap .slack_logic 3.106 ;

gi data_out_1[10];
ai .slack_logic 0.572 ;
gp Q[0];
ap .slack_logic 4.974 ;
gp D[0];
ap .slack_logic 0.572 ;
gp C;
ap .is_clock 1;
gp E;
ap .slack_logic 3.106 ;

gi data_out_1[11];
ai .slack_logic 0.572 ;
gp Q[0];
ap .slack_logic 4.974 ;
gp D[0];
ap .slack_logic 0.572 ;
gp C;
ap .is_clock 1;
gp E;
ap .slack_logic 3.106 ;

gi data_out_1[12];
ai .slack_logic 0.572 ;
gp Q[0];
ap .slack_logic 4.974 ;
gp D[0];
ap .slack_logic 0.572 ;
gp C;
ap .is_clock 1;
gp E;
ap .slack_logic 3.106 ;

gi data_out_1[13];
ai .slack_logic 0.572 ;
gp Q[0];
ap .slack_logic 4.974 ;
gp D[0];
ap .slack_logic 0.572 ;
gp C;
ap .is_clock 1;
gp E;
ap .slack_logic 3.106 ;

gi data_out_1[14];
ai .slack_logic 0.572 ;
gp Q[0];
ap .slack_logic 4.974 ;
gp D[0];
ap .slack_logic 0.572 ;
gp C;
ap .is_clock 1;
gp E;
ap .slack_logic 3.106 ;

gi data_out_1[15];
ai .slack_logic 0.572 ;
gp Q[0];
ap .slack_logic 4.974 ;
gp D[0];
ap .slack_logic 0.572 ;
gp C;
ap .is_clock 1;
gp E;
ap .slack_logic 3.106 ;

d U10;

gi wr_r;
ai .slack_logic 2.131 ;
gp Q[0];
ap .slack_logic 3.163 ;
gp D[0];
ap .slack_logic 2.131 ;
gp C;
ap .is_clock 1;

gi add_r[3:0];
ai .slack_logic -0.380 ;
gp Q[0];
ap .slack_logic 4.009 ;
gp Q[1];
ap .slack_logic 4.009 ;
gp Q[2];
ap .slack_logic 4.009 ;
gp Q[3];
ap .slack_logic 4.009 ;
gp D[0];
ap .slack_logic -0.380 ;
gp D[1];
ap .slack_logic -0.380 ;
gp D[2];
ap .slack_logic -0.380 ;
gp D[3];
ap .slack_logic -0.380 ;
gp C;
ap .is_clock 1;

gi data_out_cl[7];
gp C;
ap .is_clock 1;

gi data_out_cl_1[7];
gp C;
ap .is_clock 1;

gi data_out_cl_2[7];
gp C;
ap .is_clock 1;

gi data_out_cl_3[7];
gp C;
ap .is_clock 1;

gi data_out_cl_4[7];
gp C;
ap .is_clock 1;

gi data_out_cl_5[7];
gp C;
ap .is_clock 1;

gi data_out_cl_6[7];
gp C;
ap .is_clock 1;

gi data_out_cl_7[7];
gp C;
ap .is_clock 1;

gi data[7:0];
gp CLK;
ap .is_clock 1;

gi data_out_1[0];
ai .slack_logic 3.163 ;
gp Q[0];
ap .slack_logic 4.812 ;
gp D[0];
ap .slack_logic 4.009 ;
gp C;
ap .is_clock 1;
gp E;
ap .slack_logic 3.163 ;

gi data_out_1[1];
ai .slack_logic 3.163 ;
gp Q[0];
ap .slack_logic 4.812 ;
gp D[0];
ap .slack_logic 4.009 ;
gp C;
ap .is_clock 1;
gp E;
ap .slack_logic 3.163 ;

gi data_out_1[2];
ai .slack_logic 3.163 ;
gp Q[0];
ap .slack_logic 4.812 ;
gp D[0];
ap .slack_logic 4.009 ;
gp C;
ap .is_clock 1;
gp E;
ap .slack_logic 3.163 ;

gi data_out_1[3];
ai .slack_logic 3.163 ;
gp Q[0];
ap .slack_logic 4.812 ;
gp D[0];
ap .slack_logic 4.009 ;
gp C;
ap .is_clock 1;
gp E;
ap .slack_logic 3.163 ;

gi data_out_1[4];
ai .slack_logic 3.163 ;
gp Q[0];
ap .slack_logic 4.812 ;
gp D[0];
ap .slack_logic 4.009 ;
gp C;
ap .is_clock 1;
gp E;
ap .slack_logic 3.163 ;

gi data_out_1[5];
ai .slack_logic 3.163 ;
gp Q[0];
ap .slack_logic 4.812 ;
gp D[0];
ap .slack_logic 4.009 ;
gp C;
ap .is_clock 1;
gp E;
ap .slack_logic 3.163 ;

gi data_out_1[6];
ai .slack_logic 3.163 ;
gp Q[0];
ap .slack_logic 4.812 ;
gp D[0];
ap .slack_logic 4.009 ;
gp C;
ap .is_clock 1;
gp E;
ap .slack_logic 3.163 ;

gi data_out_1[7];
ai .slack_logic 3.163 ;
gp Q[0];
ap .slack_logic 4.812 ;
gp D[0];
ap .slack_logic 4.009 ;
gp C;
ap .is_clock 1;
gp E;
ap .slack_logic 3.163 ;

d U11;

gi sreg[0:8];
ai .slack_logic -0.446 ;
gp C;
ap .is_clock 1;

gi term_rd_p1;
ai .slack_logic -0.853 ;
gp Q[0];
ap .slack_logic -0.853 ;
gp D[0];
ap .slack_logic 5.204 ;
gp C;
ap .is_clock 1;

gi notify_cnt_p[0:7];
ai .slack_logic -0.048 ;
gp I[5];
ap .slack_logic -0.048 ;
gp C;
ap .is_clock 1;

gi elite_null;
ai .slack_logic 0.181 ;
gp Q[0];
ap .slack_logic 0.181 ;
gp D[0];
ap .slack_logic 3.611 ;
gp C;
ap .is_clock 1;

gi next_gene;
ai .slack_logic 3.041 ;
gp Q[0];
ap .slack_logic 3.182 ;
gp D[0];
ap .slack_logic 3.041 ;
gp C;
ap .is_clock 1;

gi un48_notify_cnt_p;
ai .slack_logic -0.987 ;
gp I2[0];
ap .slack_logic -0.987 ;

gi un6_count_sel_wr_p1;
ai .slack_logic -0.967 ;
gp I3[0];
ap .slack_logic -0.967 ;

gi flag;
gp C;
ap .is_clock 1;

gi un5_dummy_cnt_adapt[28:32];
ai .slack_logic -2.680 ;
gp D0[1];
ap .slack_logic -2.680 ;
gp D0[2];
ap .slack_logic -1.304 ;

gi run2;
ai .slack_logic 2.243 ;
gp Q[0];
ap .slack_logic 4.592 ;
gp D[0];
ap .slack_logic 2.243 ;
gp C;
ap .is_clock 1;

gi data_valid;
ai .slack_logic -0.471 ;
gp Q[0];
ap .slack_logic -0.471 ;
gp D[0];
ap .slack_logic 3.930 ;
gp C;
ap .is_clock 1;

gi cross_out;
ai .slack_logic 3.094 ;
gp Q[0];
ap .slack_logic 3.484 ;
gp D[0];
ap .slack_logic 3.094 ;
gp C;
ap .is_clock 1;

gi load;
ai .slack_logic 3.124 ;
gp D[0];
ap .slack_logic 3.124 ;
gp C;
ap .is_clock 1;

gi mut_out;
ai .slack_logic 0.958 ;
gp Q[0];
ap .slack_logic 0.958 ;
gp D[0];
ap .slack_logic 3.336 ;
gp C;
ap .is_clock 1;

gi run;
ai .slack_logic 0.891 ;
gp Q[0];
ap .slack_logic 4.566 ;
gp D[0];
ap .slack_logic 0.891 ;
gp C;
ap .is_clock 1;

gi index[3:0];
ai .slack_logic -0.756 ;
gp Q[0];
ap .slack_logic 0.380 ;
gp Q[1];
ap .slack_logic 0.380 ;
gp Q[2];
ap .slack_logic 0.380 ;
gp Q[3];
ap .slack_logic 0.380 ;
gp D[0];
ap .slack_logic 0.920 ;
gp D[1];
ap .slack_logic 0.620 ;
gp D[2];
ap .slack_logic -0.756 ;
gp D[3];
ap .slack_logic -0.309 ;
gp C;
ap .is_clock 1;

gi run1;
ai .slack_logic 1.756 ;
gp Q[0];
ap .slack_logic 4.505 ;
gp D[0];
ap .slack_logic 1.756 ;
gp C;
ap .is_clock 1;

gi decode;
ai .slack_logic 0.556 ;
gp Q[0];
ap .slack_logic 0.556 ;
gp D[0];
ap .slack_logic 0.682 ;
gp C;
ap .is_clock 1;

gi temp1[7:0];
ai .slack_logic -0.065 ;
gp Q[0];
ap .slack_logic 5.347 ;
gp Q[1];
ap .slack_logic 5.347 ;
gp Q[2];
ap .slack_logic 5.347 ;
gp Q[3];
ap .slack_logic 5.347 ;
gp Q[4];
ap .slack_logic 5.347 ;
gp Q[5];
ap .slack_logic 5.347 ;
gp Q[6];
ap .slack_logic 5.347 ;
gp Q[7];
ap .slack_logic 5.347 ;
gp D[0];
ap .slack_logic 2.978 ;
gp D[1];
ap .slack_logic 2.978 ;
gp D[2];
ap .slack_logic 2.978 ;
gp D[3];
ap .slack_logic 2.978 ;
gp D[4];
ap .slack_logic 2.978 ;
gp D[5];
ap .slack_logic 2.978 ;
gp D[6];
ap .slack_logic 2.978 ;
gp D[7];
ap .slack_logic 2.978 ;
gp C;
ap .is_clock 1;
gp E;
ap .slack_logic -0.065 ;

gi sel_out;
ai .slack_logic 1.555 ;
gp Q[0];
ap .slack_logic 2.662 ;
gp D[0];
ap .slack_logic 1.555 ;
gp C;
ap .is_clock 1;

gi term_out;
ai .slack_logic 1.462 ;
gp D[0];
ap .slack_logic 1.462 ;
gp C;
ap .is_clock 1;

gi data_out_cross1[7:0];
ai .slack_logic 5.347 ;
gp Q[0];
ap .slack_logic 5.347 ;
gp Q[1];
ap .slack_logic 5.347 ;
gp Q[2];
ap .slack_logic 5.347 ;
gp Q[3];
ap .slack_logic 5.347 ;
gp Q[4];
ap .slack_logic 5.347 ;
gp Q[5];
ap .slack_logic 5.347 ;
gp Q[6];
ap .slack_logic 5.347 ;
gp Q[7];
ap .slack_logic 5.347 ;
gp D[0];
ap .slack_logic 5.347 ;
gp D[1];
ap .slack_logic 5.347 ;
gp D[2];
ap .slack_logic 5.347 ;
gp D[3];
ap .slack_logic 5.347 ;
gp D[4];
ap .slack_logic 5.347 ;
gp D[5];
ap .slack_logic 5.347 ;
gp D[6];
ap .slack_logic 5.347 ;
gp D[7];
ap .slack_logic 5.347 ;
gp C;
ap .is_clock 1;

gi ga_fin;
ai .slack_logic 3.124 ;
gp Q[0];
ap .slack_logic 5.022 ;
gp D[0];
ap .slack_logic 3.124 ;
gp C;
ap .is_clock 1;

gi count_gen_p1[6:0];
ai .slack_logic 0.891 ;
gp Q[0];
ap .slack_logic 0.891 ;
gp Q[1];
ap .slack_logic 0.951 ;
gp Q[2];
ap .slack_logic 1.011 ;
gp Q[3];
ap .slack_logic 1.071 ;
gp Q[4];
ap .slack_logic 1.131 ;
gp Q[5];
ap .slack_logic 1.191 ;
gp Q[6];
ap .slack_logic 1.904 ;
gp D[0];
ap .slack_logic 2.852 ;
gp D[1];
ap .slack_logic 1.270 ;
gp D[2];
ap .slack_logic 1.210 ;
gp D[3];
ap .slack_logic 1.150 ;
gp D[4];
ap .slack_logic 1.090 ;
gp D[5];
ap .slack_logic 1.030 ;
gp D[6];
ap .slack_logic 0.970 ;
gp C;
ap .is_clock 1;

gi temp2[7:0];
ai .slack_logic -1.015 ;
gp Q[0];
ap .slack_logic 5.347 ;
gp Q[1];
ap .slack_logic 5.347 ;
gp Q[2];
ap .slack_logic 5.347 ;
gp Q[3];
ap .slack_logic 5.347 ;
gp Q[4];
ap .slack_logic 5.347 ;
gp Q[5];
ap .slack_logic 5.347 ;
gp Q[6];
ap .slack_logic 5.347 ;
gp Q[7];
ap .slack_logic 5.347 ;
gp D[0];
ap .slack_logic 2.978 ;
gp D[1];
ap .slack_logic 2.978 ;
gp D[2];
ap .slack_logic 2.978 ;
gp D[3];
ap .slack_logic 2.978 ;
gp D[4];
ap .slack_logic 2.978 ;
gp D[5];
ap .slack_logic 2.978 ;
gp D[6];
ap .slack_logic 2.978 ;
gp D[7];
ap .slack_logic 2.978 ;
gp C;
ap .is_clock 1;
gp E;
ap .slack_logic -1.015 ;

gi cnt_adapted;
gp C;
ap .is_clock 1;

gi count_sel_wr_p1[3:0];
ai .slack_logic -1.015 ;
gp Q[0];
ap .slack_logic -1.015 ;
gp Q[1];
ap .slack_logic -0.996 ;
gp Q[2];
ap .slack_logic -0.977 ;
gp Q[3];
ap .slack_logic -0.967 ;
gp D[0];
ap .slack_logic 0.672 ;
gp D[1];
ap .slack_logic 0.672 ;
gp D[2];
ap .slack_logic -0.258 ;
gp D[3];
ap .slack_logic -0.258 ;
gp C;
ap .is_clock 1;

gi valid;
ai .slack_logic -1.380 ;
gp Q[0];
ap .slack_logic -0.491 ;
gp D[0];
ap .slack_logic -1.380 ;
gp C;
ap .is_clock 1;

gi data_out_cross2[7:0];
ai .slack_logic 5.347 ;
gp Q[0];
ap .slack_logic 5.347 ;
gp Q[1];
ap .slack_logic 5.347 ;
gp Q[2];
ap .slack_logic 5.347 ;
gp Q[3];
ap .slack_logic 5.347 ;
gp Q[4];
ap .slack_logic 5.347 ;
gp Q[5];
ap .slack_logic 5.347 ;
gp Q[6];
ap .slack_logic 5.347 ;
gp Q[7];
ap .slack_logic 5.347 ;
gp D[0];
ap .slack_logic 5.347 ;
gp D[1];
ap .slack_logic 5.347 ;
gp D[2];
ap .slack_logic 5.347 ;
gp D[3];
ap .slack_logic 5.347 ;
gp D[4];
ap .slack_logic 5.347 ;
gp D[5];
ap .slack_logic 5.347 ;
gp D[6];
ap .slack_logic 5.347 ;
gp D[7];
ap .slack_logic 5.347 ;
gp C;
ap .is_clock 1;

gi count_parents_p1[3:0];
ai .slack_logic -1.035 ;
gp Q[0];
ap .slack_logic -0.996 ;
gp Q[1];
ap .slack_logic -0.996 ;
gp Q[2];
ap .slack_logic -0.987 ;
gp Q[3];
ap .slack_logic -0.968 ;
gp D[0];
ap .slack_logic -0.105 ;
gp D[1];
ap .slack_logic -0.552 ;
gp D[2];
ap .slack_logic -0.552 ;
gp D[3];
ap .slack_logic -1.035 ;
gp C;
ap .is_clock 1;

gi cnt_parents_1[3:0];
ai .slack_logic 0.219 ;
gp Q[2];
ap .slack_logic 0.219 ;
gp Q[3];
ap .slack_logic 0.219 ;
gp D[2];
ap .slack_logic 5.213 ;
gp D[3];
ap .slack_logic 5.232 ;
gp C;
ap .is_clock 1;

gi count_offs_p1[3:0];
ai .slack_logic -2.756 ;
gp Q[0];
ap .slack_logic -2.756 ;
gp Q[1];
ap .slack_logic -2.732 ;
gp D[0];
ap .slack_logic -1.380 ;
gp D[1];
ap .slack_logic -2.756 ;
gp C;
ap .is_clock 1;

gi incr[3:0];
gp C;
ap .is_clock 1;

gi run3;
ai .slack_logic 0.853 ;
gp Q[0];
ap .slack_logic 4.621 ;
gp D[0];
ap .slack_logic 0.853 ;
gp C;
ap .is_clock 1;

gi incr_p1[3:0];
ai .slack_logic -2.732 ;
gp Q[0];
ap .slack_logic -2.732 ;
gp Q[1];
ap .slack_logic -2.680 ;
gp Q[2];
ap .slack_logic -1.304 ;
gp Q[3];
ap .slack_logic 0.197 ;
gp D[0];
ap .slack_logic 4.417 ;
gp D[1];
ap .slack_logic 2.964 ;
gp D[2];
ap .slack_logic 2.964 ;
gp D[3];
ap .slack_logic 2.964 ;
gp C;
ap .is_clock 1;

gi count_cross_offs_p1[2:0];
ai .slack_logic -0.995 ;
gp Q[0];
ap .slack_logic -0.995 ;
gp Q[1];
ap .slack_logic -0.958 ;
gp Q[2];
ap .slack_logic -0.882 ;
gp D[0];
ap .slack_logic 0.634 ;
gp D[1];
ap .slack_logic -0.552 ;
gp D[2];
ap .slack_logic -0.552 ;
gp C;
ap .is_clock 1;

gi count_sel_rd_p1[3:0];
ai .slack_logic 0.144 ;
gp Q[0];
ap .slack_logic 2.296 ;
gp Q[1];
ap .slack_logic 2.296 ;
gp Q[2];
ap .slack_logic 2.315 ;
gp Q[3];
ap .slack_logic 2.382 ;
gp D[0];
ap .slack_logic 0.144 ;
gp D[1];
ap .slack_logic 0.144 ;
gp D[2];
ap .slack_logic 0.144 ;
gp D[3];
ap .slack_logic 0.144 ;
gp C;
ap .is_clock 1;

d U15;

gi case1.iwidth.0.ilatency.0.idin.intern_0[0];
gp C;
ap .is_clock 1;

gi case1.iwidth.1.ilatency.0.idin.intern_0[1];
gp C;
ap .is_clock 1;

gi case1.iwidth.2.ilatency.0.idin.intern_0[2];
gp C;
ap .is_clock 1;

gi case1.iwidth.3.ilatency.0.idin.intern_0[3];
gp C;
ap .is_clock 1;

gi case1.iwidth.4.ilatency.0.idin.intern_0[4];
gp C;
ap .is_clock 1;

gi case1.iwidth.5.ilatency.0.idin.intern_0[5];
gp C;
ap .is_clock 1;

gi case1.iwidth.6.ilatency.0.idin.intern_0[6];
gp C;
ap .is_clock 1;

gi case1.iwidth.7.ilatency.0.idin.intern_0[7];
gp C;
ap .is_clock 1;

gi case1.iwidth.8.ilatency.0.idin.intern_0[8];
gp C;
ap .is_clock 1;

gi case1.iwidth.9.ilatency.0.idin.intern_0[9];
gp C;
ap .is_clock 1;

gi case1.iwidth.10.ilatency.0.idin.intern_0[10];
gp C;
ap .is_clock 1;

gi case1.iwidth.11.ilatency.0.idin.intern_0[11];
gp C;
ap .is_clock 1;

gi case1.iwidth.12.ilatency.0.idin.intern_0[12];
gp C;
ap .is_clock 1;

gi case1.iwidth.13.ilatency.0.idin.intern_0[13];
gp C;
ap .is_clock 1;

gi case1.iwidth.14.ilatency.0.idin.intern_0[14];
gp C;
ap .is_clock 1;

gi case1.iwidth.15.ilatency.0.idin.intern_0[15];
gp C;
ap .is_clock 1;

d U16;

gi case1.iwidth.0.ilatency.0.idin.intern_0[0];
gp C;
ap .is_clock 1;

gi case1.iwidth.1.ilatency.0.idin.intern_0[1];
gp C;
ap .is_clock 1;

gi case1.iwidth.2.ilatency.0.idin.intern_0[2];
gp C;
ap .is_clock 1;

gi case1.iwidth.3.ilatency.0.idin.intern_0[3];
gp C;
ap .is_clock 1;

gi case1.iwidth.4.ilatency.0.idin.intern_0[4];
gp C;
ap .is_clock 1;

gi case1.iwidth.5.ilatency.0.idin.intern_0[5];
gp C;
ap .is_clock 1;

d U17;

gi case1.iwidth.0.ilatency.0.idin.intern_0[0];
gp C;
ap .is_clock 1;

gi case1.iwidth.1.ilatency.0.idin.intern_0[1];
gp C;
ap .is_clock 1;

gi case1.iwidth.2.ilatency.0.idin.intern_0[2];
gp C;
ap .is_clock 1;

gi case1.iwidth.3.ilatency.0.idin.intern_0[3];
gp C;
ap .is_clock 1;

n work ga str;

gi fit_limit_reach;
gp C;
ap .is_clock 1;

gi ga_fin;
gp C;
ap .is_clock 1;

gi run_ga;
gp C;
ap .is_clock 1;
av syn_information_type logic;

d U19;

gi case1.iwidth.0.ilatency.0.idin.intern_0[0];
gp C;
ap .is_clock 1;

gi case1.iwidth.1.ilatency.0.idin.intern_0[1];
gp C;
ap .is_clock 1;

d U18;

gi case1.iwidth.0.ilatency.0.idin.intern_0[0];
gp C;
ap .is_clock 1;

gi case1.iwidth.1.ilatency.0.idin.intern_0[1];
gp C;
ap .is_clock 1;

d U14;

gi case1.iwidth.0.ilatency.0.idin.intern_0[0];
gp C;
ap .is_clock 1;

gi case1.iwidth.1.ilatency.0.idin.intern_0[1];
gp C;
ap .is_clock 1;

gi case1.iwidth.2.ilatency.0.idin.intern_0[2];
gp C;
ap .is_clock 1;

gi case1.iwidth.3.ilatency.0.idin.intern_0[3];
gp C;
ap .is_clock 1;

gi case1.iwidth.4.ilatency.0.idin.intern_0[4];
gp C;
ap .is_clock 1;

gi case1.iwidth.5.ilatency.0.idin.intern_0[5];
gp C;
ap .is_clock 1;

gi case1.iwidth.6.ilatency.0.idin.intern_0[6];
gp C;
ap .is_clock 1;

gi case1.iwidth.7.ilatency.0.idin.intern_0[7];
gp C;
ap .is_clock 1;

d U13;

gi case1.iwidth.0.ilatency.0.idin.intern_0[0];
gp C;
ap .is_clock 1;

gi case1.iwidth.1.ilatency.0.idin.intern_0[1];
gp C;
ap .is_clock 1;

gi case1.iwidth.2.ilatency.0.idin.intern_0[2];
gp C;
ap .is_clock 1;

gi case1.iwidth.3.ilatency.0.idin.intern_0[3];
gp C;
ap .is_clock 1;

gi case1.iwidth.4.ilatency.0.idin.intern_0[4];
gp C;
ap .is_clock 1;

gi case1.iwidth.5.ilatency.0.idin.intern_0[5];
gp C;
ap .is_clock 1;

gi case1.iwidth.6.ilatency.0.idin.intern_0[6];
gp C;
ap .is_clock 1;

gi case1.iwidth.7.ilatency.0.idin.intern_0[7];
gp C;
ap .is_clock 1;

d U12;

gi case1.iwidth.0.ilatency.0.idin.intern_0[0];
gp C;
ap .is_clock 1;

gi case1.iwidth.1.ilatency.0.idin.intern_0[1];
gp C;
ap .is_clock 1;

gi case1.iwidth.2.ilatency.0.idin.intern_0[2];
gp C;
ap .is_clock 1;

gi case1.iwidth.3.ilatency.0.idin.intern_0[3];
gp C;
ap .is_clock 1;

gi case1.iwidth.4.ilatency.0.idin.intern_0[4];
gp C;
ap .is_clock 1;

gi case1.iwidth.5.ilatency.0.idin.intern_0[5];
gp C;
ap .is_clock 1;

gi case1.iwidth.6.ilatency.0.idin.intern_0[6];
gp C;
ap .is_clock 1;

gi case1.iwidth.7.ilatency.0.idin.intern_0[7];
gp C;
ap .is_clock 1;
