
d U0;

gi parallel_out_1[2];
ai .slack_logic 5.013 ;
gp Q[0];
ap .slack_logic 6.050 ;
gp D[0];
ap .slack_logic 5.013 ;
gp C;
ap .is_clock 1;

gi LFSR.lfsr_reg[2];
gp C;
ap .is_clock 1;

gi parallel_out_1[3];
ai .slack_logic 5.013 ;
gp Q[0];
ap .slack_logic 6.050 ;
gp D[0];
ap .slack_logic 5.013 ;
gp C;
ap .is_clock 1;

gi LFSR.lfsr_reg[3];
gp C;
ap .is_clock 1;

gi parallel_out_1[4];
ai .slack_logic 5.013 ;
gp Q[0];
ap .slack_logic 6.050 ;
gp D[0];
ap .slack_logic 5.013 ;
gp C;
ap .is_clock 1;

gi LFSR.lfsr_reg[4];
gp C;
ap .is_clock 1;

gi parallel_out_1[5];
ai .slack_logic 6.050 ;
gp Q[0];
ap .slack_logic 6.050 ;
gp D[0];
ap .slack_logic 6.423 ;
gp C;
ap .is_clock 1;

gi LFSR.lfsr_reg[5];
gp C;
ap .is_clock 1;

gi parallel_out_1[6];
ai .slack_logic 6.050 ;
gp Q[0];
ap .slack_logic 6.050 ;
gp D[0];
ap .slack_logic 6.423 ;
gp C;
ap .is_clock 1;

gi LFSR.lfsr_reg[6];
gp C;
ap .is_clock 1;

gi parallel_out_1[7];
ai .slack_logic 6.050 ;
gp Q[0];
ap .slack_logic 6.050 ;
gp D[0];
ap .slack_logic 6.423 ;
gp C;
ap .is_clock 1;

gi LFSR.lfsr_reg[7];
gp C;
ap .is_clock 1;

gi parallel_out_1[0];
ai .slack_logic 6.050 ;
gp Q[0];
ap .slack_logic 6.050 ;
gp D[0];
ap .slack_logic 6.389 ;
gp C;
ap .is_clock 1;

gi LFSR.lfsr_reg[0];
gp C;
ap .is_clock 1;

gi parallel_out_1[1];
ai .slack_logic 6.050 ;
gp Q[0];
ap .slack_logic 6.050 ;
gp D[0];
ap .slack_logic 6.423 ;
gp C;
ap .is_clock 1;

gi LFSR.lfsr_reg[1];
gp C;
ap .is_clock 1;

d U1;

gi parallel_out_1[2];
ai .slack_logic 1.880 ;
gp Q[0];
ap .slack_logic 1.880 ;
gp D[0];
ap .slack_logic 5.013 ;
gp C;
ap .is_clock 1;

gi LFSR.lfsr_reg[2];
gp C;
ap .is_clock 1;

gi parallel_out_1[3];
ai .slack_logic 1.880 ;
gp Q[0];
ap .slack_logic 1.880 ;
gp D[0];
ap .slack_logic 5.013 ;
gp C;
ap .is_clock 1;

gi LFSR.lfsr_reg[3];
gp C;
ap .is_clock 1;

gi parallel_out_1[5];
ai .slack_logic 1.481 ;
gp Q[0];
ap .slack_logic 1.481 ;
gp D[0];
ap .slack_logic 5.013 ;
gp C;
ap .is_clock 1;

gi LFSR.lfsr_reg[5];
gp C;
ap .is_clock 1;

gi parallel_out_1[4];
ai .slack_logic 2.809 ;
gp Q[0];
ap .slack_logic 2.809 ;
gp D[0];
ap .slack_logic 6.423 ;
gp C;
ap .is_clock 1;

gi LFSR.lfsr_reg[4];
gp C;
ap .is_clock 1;

gi parallel_out_1[6];
ai .slack_logic 1.481 ;
gp Q[0];
ap .slack_logic 1.481 ;
gp D[0];
ap .slack_logic 6.423 ;
gp C;
ap .is_clock 1;

gi LFSR.lfsr_reg[6];
gp C;
ap .is_clock 1;

gi parallel_out_1[7];
ai .slack_logic 2.809 ;
gp Q[0];
ap .slack_logic 2.809 ;
gp D[0];
ap .slack_logic 6.423 ;
gp C;
ap .is_clock 1;

gi LFSR.lfsr_reg[7];
gp C;
ap .is_clock 1;

gi parallel_out_1[8];
ai .slack_logic 6.002 ;
gp Q[0];
ap .slack_logic 6.002 ;
gp D[0];
ap .slack_logic 6.423 ;
gp C;
ap .is_clock 1;

gi LFSR.lfsr_reg[8];
gp C;
ap .is_clock 1;

gi parallel_out_1[9];
ai .slack_logic 6.002 ;
gp Q[0];
ap .slack_logic 6.002 ;
gp D[0];
ap .slack_logic 6.423 ;
gp C;
ap .is_clock 1;

gi LFSR.lfsr_reg[9];
gp C;
ap .is_clock 1;

gi parallel_out_1[10];
ai .slack_logic 6.002 ;
gp Q[0];
ap .slack_logic 6.002 ;
gp D[0];
ap .slack_logic 6.423 ;
gp C;
ap .is_clock 1;

gi LFSR.lfsr_reg[10];
gp C;
ap .is_clock 1;

gi parallel_out_1[11];
ai .slack_logic 6.002 ;
gp Q[0];
ap .slack_logic 6.002 ;
gp D[0];
ap .slack_logic 6.423 ;
gp C;
ap .is_clock 1;

gi LFSR.lfsr_reg[11];
gp C;
ap .is_clock 1;

gi parallel_out_1[12];
ai .slack_logic 6.002 ;
gp Q[0];
ap .slack_logic 6.002 ;
gp D[0];
ap .slack_logic 6.423 ;
gp C;
ap .is_clock 1;

gi LFSR.lfsr_reg[12];
gp C;
ap .is_clock 1;

gi parallel_out_1[13];
ai .slack_logic 6.002 ;
gp Q[0];
ap .slack_logic 6.002 ;
gp D[0];
ap .slack_logic 6.423 ;
gp C;
ap .is_clock 1;

gi LFSR.lfsr_reg[13];
gp C;
ap .is_clock 1;

gi parallel_out_1[14];
ai .slack_logic 6.002 ;
gp Q[0];
ap .slack_logic 6.002 ;
gp D[0];
ap .slack_logic 6.423 ;
gp C;
ap .is_clock 1;

gi LFSR.lfsr_reg[14];
gp C;
ap .is_clock 1;

gi parallel_out_1[15];
ai .slack_logic 6.002 ;
gp Q[0];
ap .slack_logic 6.002 ;
gp D[0];
ap .slack_logic 6.423 ;
gp C;
ap .is_clock 1;

gi LFSR.lfsr_reg[15];
gp C;
ap .is_clock 1;

gi parallel_out_1[0];
ai .slack_logic 3.092 ;
gp Q[0];
ap .slack_logic 3.092 ;
gp D[0];
ap .slack_logic 6.389 ;
gp C;
ap .is_clock 1;

gi LFSR.lfsr_reg[0];
gp C;
ap .is_clock 1;

gi parallel_out_1[1];
ai .slack_logic 1.880 ;
gp Q[0];
ap .slack_logic 1.880 ;
gp D[0];
ap .slack_logic 6.423 ;
gp C;
ap .is_clock 1;

gi LFSR.lfsr_reg[1];
gp C;
ap .is_clock 1;

d U2;

gi parallel_out_1[1];
ai .slack_logic 1.057 ;
gp Q[0];
ap .slack_logic 1.057 ;
gp D[0];
ap .slack_logic 5.027 ;
gp C;
ap .is_clock 1;

gi LFSR.lfsr_reg[1];
gp C;
ap .is_clock 1;

gi parallel_out_1[2];
ai .slack_logic 1.996 ;
gp Q[0];
ap .slack_logic 1.996 ;
gp D[0];
ap .slack_logic 6.423 ;
gp C;
ap .is_clock 1;

gi LFSR.lfsr_reg[2];
gp C;
ap .is_clock 1;

gi parallel_out_1[3];
ai .slack_logic 1.086 ;
gp Q[0];
ap .slack_logic 1.086 ;
gp D[0];
ap .slack_logic 6.423 ;
gp C;
ap .is_clock 1;

gi LFSR.lfsr_reg[3];
gp C;
ap .is_clock 1;

gi parallel_out_1[4];
ai .slack_logic 1.095 ;
gp Q[0];
ap .slack_logic 1.095 ;
gp D[0];
ap .slack_logic 6.423 ;
gp C;
ap .is_clock 1;

gi LFSR.lfsr_reg[4];
gp C;
ap .is_clock 1;

gi parallel_out_1[5];
ai .slack_logic 2.044 ;
gp Q[0];
ap .slack_logic 2.044 ;
gp D[0];
ap .slack_logic 6.423 ;
gp C;
ap .is_clock 1;

gi LFSR.lfsr_reg[5];
gp C;
ap .is_clock 1;

gi parallel_out_1[0];
ai .slack_logic 1.053 ;
gp Q[0];
ap .slack_logic 1.053 ;
gp D[0];
ap .slack_logic 6.404 ;
gp C;
ap .is_clock 1;

gi LFSR.lfsr_reg[0];
gp C;
ap .is_clock 1;

d U3;

gi parallel_out_1[1];
ai .slack_logic -1.768 ;
gp Q[0];
ap .slack_logic -1.768 ;
gp D[0];
ap .slack_logic 5.027 ;
gp C;
ap .is_clock 1;

gi LFSR.lfsr_reg[1];
gp C;
ap .is_clock 1;

gi parallel_out_1[2];
ai .slack_logic -1.768 ;
gp Q[0];
ap .slack_logic -1.768 ;
gp D[0];
ap .slack_logic 6.423 ;
gp C;
ap .is_clock 1;

gi LFSR.lfsr_reg[2];
gp C;
ap .is_clock 1;

gi parallel_out_1[3];
ai .slack_logic -1.768 ;
gp Q[0];
ap .slack_logic -1.768 ;
gp D[0];
ap .slack_logic 6.423 ;
gp C;
ap .is_clock 1;

gi LFSR.lfsr_reg[3];
gp C;
ap .is_clock 1;

gi parallel_out_1[0];
ai .slack_logic -1.768 ;
gp Q[0];
ap .slack_logic -1.768 ;
gp D[0];
ap .slack_logic 6.404 ;
gp C;
ap .is_clock 1;

gi LFSR.lfsr_reg[0];
gp C;
ap .is_clock 1;

d U4.U0;

gi done_p;
ai .slack_logic 1.163 ;
gp Q[0];
ap .slack_logic 1.163 ;
gp D[0];
ap .slack_logic 6.310 ;
gp C;
ap .is_clock 1;

gi temp[7:1];
ai .slack_logic -0.955 ;
gp Q[0];
ap .slack_logic -0.955 ;
gp Q[1];
ap .slack_logic -0.890 ;
gp Q[2];
ap .slack_logic -0.830 ;
gp Q[3];
ap .slack_logic -0.770 ;
gp Q[4];
ap .slack_logic -0.710 ;
gp Q[5];
ap .slack_logic -0.650 ;
gp Q[6];
ap .slack_logic 0.005 ;
gp D[0];
ap .slack_logic 4.113 ;
gp D[1];
ap .slack_logic 4.113 ;
gp D[2];
ap .slack_logic 4.113 ;
gp D[3];
ap .slack_logic 4.113 ;
gp D[4];
ap .slack_logic 4.113 ;
gp D[5];
ap .slack_logic 4.113 ;
gp D[6];
ap .slack_logic 4.113 ;
gp C;
ap .is_clock 1;
gp E;
ap .slack_logic 4.174 ;

gi temp[15];
ai .slack_logic 4.113 ;
gp Q[0];
ap .slack_logic 4.951 ;
gp D[0];
ap .slack_logic 4.113 ;
gp C;
ap .is_clock 1;
gp E;
ap .slack_logic 4.174 ;

d U4.U1;

gi un3_fit_sum[7:0];
ai .slack_logic 0.671 ;
gp A[2];
ap .slack_logic 0.671 ;
gp A[3];
ap .slack_logic 0.732 ;
gp A[5];
ap .slack_logic 0.852 ;
gp A[6];
ap .slack_logic 0.912 ;
gp A[7];
ap .slack_logic 0.972 ;
gp B[4];
ap .slack_logic 0.792 ;

gi count_cycle[0:3];
ai .slack_logic 1.720 ;
gp C;
ap .is_clock 1;

gi best_fit_prev_gen_0_4[7:0];
ai .slack_logic 3.697 ;
gp B[0];
ap .slack_logic 5.113 ;
gp B[1];
ap .slack_logic 3.697 ;
gp B[2];
ap .slack_logic 5.113 ;
gp B[3];
ap .slack_logic 5.113 ;
gp B[4];
ap .slack_logic 5.113 ;
gp B[5];
ap .slack_logic 5.113 ;
gp B[6];
ap .slack_logic 5.113 ;
gp B[7];
ap .slack_logic 5.113 ;

gi best_fit_prev_gen_1_4[7:0];
ai .slack_logic 4.143 ;
gp B[0];
ap .slack_logic 6.002 ;
gp B[1];
ap .slack_logic 4.143 ;
gp B[2];
ap .slack_logic 6.002 ;
gp B[3];
ap .slack_logic 6.002 ;
gp B[4];
ap .slack_logic 6.002 ;
gp B[5];
ap .slack_logic 6.002 ;
gp B[6];
ap .slack_logic 6.002 ;
gp B[7];
ap .slack_logic 6.002 ;

gi elite_offs_0_4[31:0];
ai .slack_logic 6.002 ;
gp B[0];
ap .slack_logic 6.002 ;
gp B[1];
ap .slack_logic 6.002 ;
gp B[2];
ap .slack_logic 6.002 ;
gp B[3];
ap .slack_logic 6.002 ;
gp B[4];
ap .slack_logic 6.002 ;
gp B[5];
ap .slack_logic 6.002 ;
gp B[6];
ap .slack_logic 6.002 ;
gp B[7];
ap .slack_logic 6.002 ;
gp B[8];
ap .slack_logic 6.002 ;
gp B[9];
ap .slack_logic 6.002 ;
gp B[10];
ap .slack_logic 6.002 ;
gp B[11];
ap .slack_logic 6.002 ;
gp B[12];
ap .slack_logic 6.002 ;
gp B[13];
ap .slack_logic 6.002 ;
gp B[14];
ap .slack_logic 6.002 ;
gp B[15];
ap .slack_logic 6.002 ;
gp B[16];
ap .slack_logic 6.002 ;
gp B[17];
ap .slack_logic 6.002 ;
gp B[18];
ap .slack_logic 6.002 ;
gp B[19];
ap .slack_logic 6.002 ;
gp B[20];
ap .slack_logic 6.002 ;
gp B[21];
ap .slack_logic 6.002 ;
gp B[22];
ap .slack_logic 6.002 ;
gp B[23];
ap .slack_logic 6.002 ;
gp B[24];
ap .slack_logic 6.002 ;
gp B[25];
ap .slack_logic 6.002 ;
gp B[26];
ap .slack_logic 6.002 ;
gp B[27];
ap .slack_logic 6.002 ;
gp B[28];
ap .slack_logic 6.002 ;
gp B[29];
ap .slack_logic 6.002 ;
gp B[30];
ap .slack_logic 6.002 ;
gp B[31];
ap .slack_logic 6.002 ;

gi elite_offs_1_5[31:0];
ai .slack_logic 6.002 ;
gp B[0];
ap .slack_logic 6.002 ;
gp B[1];
ap .slack_logic 6.002 ;
gp B[2];
ap .slack_logic 6.002 ;
gp B[3];
ap .slack_logic 6.002 ;
gp B[4];
ap .slack_logic 6.002 ;
gp B[5];
ap .slack_logic 6.002 ;
gp B[6];
ap .slack_logic 6.002 ;
gp B[7];
ap .slack_logic 6.002 ;
gp B[8];
ap .slack_logic 6.002 ;
gp B[9];
ap .slack_logic 6.002 ;
gp B[10];
ap .slack_logic 6.002 ;
gp B[11];
ap .slack_logic 6.002 ;
gp B[12];
ap .slack_logic 6.002 ;
gp B[13];
ap .slack_logic 6.002 ;
gp B[14];
ap .slack_logic 6.002 ;
gp B[15];
ap .slack_logic 6.002 ;
gp B[16];
ap .slack_logic 6.002 ;
gp B[17];
ap .slack_logic 6.002 ;
gp B[18];
ap .slack_logic 6.002 ;
gp B[19];
ap .slack_logic 6.002 ;
gp B[20];
ap .slack_logic 6.002 ;
gp B[21];
ap .slack_logic 6.002 ;
gp B[22];
ap .slack_logic 6.002 ;
gp B[23];
ap .slack_logic 6.002 ;
gp B[24];
ap .slack_logic 6.002 ;
gp B[25];
ap .slack_logic 6.002 ;
gp B[26];
ap .slack_logic 6.002 ;
gp B[27];
ap .slack_logic 6.002 ;
gp B[28];
ap .slack_logic 6.002 ;
gp B[29];
ap .slack_logic 6.002 ;
gp B[30];
ap .slack_logic 6.002 ;
gp B[31];
ap .slack_logic 6.002 ;

gi fin;
ai .slack_logic 1.507 ;
gp Q[0];
ap .slack_logic 1.507 ;
gp D[0];
ap .slack_logic 4.934 ;
gp C;
ap .is_clock 1;
gp E;
ap .slack_logic 3.095 ;

gi max_fit[7:0];
ai .slack_logic 2.173 ;
gp Q[0];
ap .slack_logic 6.212 ;
gp Q[1];
ap .slack_logic 6.002 ;
gp Q[2];
ap .slack_logic 6.002 ;
gp Q[3];
ap .slack_logic 6.002 ;
gp Q[4];
ap .slack_logic 5.073 ;
gp Q[5];
ap .slack_logic 5.073 ;
gp Q[6];
ap .slack_logic 5.073 ;
gp Q[7];
ap .slack_logic 5.073 ;
gp D[0];
ap .slack_logic 2.999 ;
gp D[1];
ap .slack_logic 2.999 ;
gp D[2];
ap .slack_logic 2.999 ;
gp D[3];
ap .slack_logic 2.999 ;
gp D[4];
ap .slack_logic 2.999 ;
gp D[5];
ap .slack_logic 2.999 ;
gp D[6];
ap .slack_logic 2.999 ;
gp D[7];
ap .slack_logic 2.999 ;
gp C;
ap .is_clock 1;
gp E;
ap .slack_logic 2.173 ;

gi counter[0];
gp C;
ap .is_clock 1;

gi un55_valid;
ai .slack_logic 0.795 ;
gp A[1];
ap .slack_logic 0.795 ;

gi best_fit_0[7:0];
ai .slack_logic 2.100 ;
gp Q[0];
ap .slack_logic 5.113 ;
gp Q[1];
ap .slack_logic 3.697 ;
gp Q[2];
ap .slack_logic 5.113 ;
gp Q[3];
ap .slack_logic 5.113 ;
gp Q[4];
ap .slack_logic 5.113 ;
gp Q[5];
ap .slack_logic 5.113 ;
gp Q[6];
ap .slack_logic 5.113 ;
gp Q[7];
ap .slack_logic 5.113 ;
gp D[0];
ap .slack_logic 3.287 ;
gp D[1];
ap .slack_logic 3.287 ;
gp D[2];
ap .slack_logic 3.287 ;
gp D[3];
ap .slack_logic 3.287 ;
gp D[4];
ap .slack_logic 3.287 ;
gp D[5];
ap .slack_logic 3.287 ;
gp D[6];
ap .slack_logic 3.287 ;
gp D[7];
ap .slack_logic 3.287 ;
gp C;
ap .is_clock 1;
gp E;
ap .slack_logic 2.100 ;

gi elite_indexs_0[31:0];
ai .slack_logic 2.100 ;
gp Q[0];
ap .slack_logic 6.002 ;
gp Q[1];
ap .slack_logic 6.002 ;
gp Q[2];
ap .slack_logic 6.002 ;
gp Q[3];
ap .slack_logic 6.002 ;
gp Q[4];
ap .slack_logic 6.002 ;
gp Q[5];
ap .slack_logic 6.002 ;
gp Q[6];
ap .slack_logic 6.002 ;
gp Q[7];
ap .slack_logic 6.002 ;
gp Q[8];
ap .slack_logic 6.002 ;
gp Q[9];
ap .slack_logic 6.002 ;
gp Q[10];
ap .slack_logic 6.002 ;
gp Q[11];
ap .slack_logic 6.002 ;
gp Q[12];
ap .slack_logic 6.002 ;
gp Q[13];
ap .slack_logic 6.002 ;
gp Q[14];
ap .slack_logic 6.002 ;
gp Q[15];
ap .slack_logic 6.002 ;
gp Q[16];
ap .slack_logic 6.002 ;
gp Q[17];
ap .slack_logic 6.002 ;
gp Q[18];
ap .slack_logic 6.002 ;
gp Q[19];
ap .slack_logic 6.002 ;
gp Q[20];
ap .slack_logic 6.002 ;
gp Q[21];
ap .slack_logic 6.002 ;
gp Q[22];
ap .slack_logic 6.002 ;
gp Q[23];
ap .slack_logic 6.002 ;
gp Q[24];
ap .slack_logic 6.002 ;
gp Q[25];
ap .slack_logic 6.002 ;
gp Q[26];
ap .slack_logic 6.002 ;
gp Q[27];
ap .slack_logic 6.002 ;
gp Q[28];
ap .slack_logic 6.002 ;
gp Q[29];
ap .slack_logic 6.002 ;
gp Q[30];
ap .slack_logic 6.002 ;
gp Q[31];
ap .slack_logic 6.002 ;
gp D[0];
ap .slack_logic 3.287 ;
gp D[1];
ap .slack_logic 3.287 ;
gp D[2];
ap .slack_logic 3.287 ;
gp D[3];
ap .slack_logic 3.287 ;
gp D[4];
ap .slack_logic 3.287 ;
gp D[5];
ap .slack_logic 3.287 ;
gp D[6];
ap .slack_logic 3.287 ;
gp D[7];
ap .slack_logic 3.287 ;
gp D[8];
ap .slack_logic 3.287 ;
gp D[9];
ap .slack_logic 3.287 ;
gp D[10];
ap .slack_logic 3.287 ;
gp D[11];
ap .slack_logic 3.287 ;
gp D[12];
ap .slack_logic 3.287 ;
gp D[13];
ap .slack_logic 3.287 ;
gp D[14];
ap .slack_logic 3.287 ;
gp D[15];
ap .slack_logic 3.287 ;
gp D[16];
ap .slack_logic 3.287 ;
gp D[17];
ap .slack_logic 3.287 ;
gp D[18];
ap .slack_logic 3.287 ;
gp D[19];
ap .slack_logic 3.287 ;
gp D[20];
ap .slack_logic 3.287 ;
gp D[21];
ap .slack_logic 3.287 ;
gp D[22];
ap .slack_logic 3.287 ;
gp D[23];
ap .slack_logic 3.287 ;
gp D[24];
ap .slack_logic 3.287 ;
gp D[25];
ap .slack_logic 3.287 ;
gp D[26];
ap .slack_logic 3.287 ;
gp D[27];
ap .slack_logic 3.287 ;
gp D[28];
ap .slack_logic 3.287 ;
gp D[29];
ap .slack_logic 3.287 ;
gp D[30];
ap .slack_logic 3.287 ;
gp D[31];
ap .slack_logic 3.287 ;
gp C;
ap .is_clock 1;
gp E;
ap .slack_logic 2.100 ;

gi best_fit_prev_gen_0[7:0];
ai .slack_logic 0.671 ;
gp Q[0];
ap .slack_logic 1.159 ;
gp Q[2];
ap .slack_logic 0.671 ;
gp Q[3];
ap .slack_logic 0.732 ;
gp Q[4];
ap .slack_logic 0.792 ;
gp Q[5];
ap .slack_logic 0.852 ;
gp Q[6];
ap .slack_logic 0.912 ;
gp Q[7];
ap .slack_logic 0.972 ;
gp D[0];
ap .slack_logic 2.999 ;
gp D[2];
ap .slack_logic 2.999 ;
gp D[3];
ap .slack_logic 2.999 ;
gp D[4];
ap .slack_logic 2.999 ;
gp D[5];
ap .slack_logic 2.999 ;
gp D[6];
ap .slack_logic 2.999 ;
gp D[7];
ap .slack_logic 2.999 ;
gp C;
ap .is_clock 1;
gp E;
ap .slack_logic 1.830 ;

gi best_fit_prev_gen_1[7:0];
ai .slack_logic 0.671 ;
gp Q[0];
ap .slack_logic 1.159 ;
gp Q[2];
ap .slack_logic 0.671 ;
gp Q[3];
ap .slack_logic 0.732 ;
gp Q[4];
ap .slack_logic 0.792 ;
gp Q[5];
ap .slack_logic 0.852 ;
gp Q[6];
ap .slack_logic 0.912 ;
gp Q[7];
ap .slack_logic 0.972 ;
gp D[0];
ap .slack_logic 3.888 ;
gp D[2];
ap .slack_logic 3.888 ;
gp D[3];
ap .slack_logic 3.888 ;
gp D[4];
ap .slack_logic 3.888 ;
gp D[5];
ap .slack_logic 3.888 ;
gp D[6];
ap .slack_logic 3.888 ;
gp D[7];
ap .slack_logic 3.888 ;
gp C;
ap .is_clock 1;
gp E;
ap .slack_logic 1.830 ;

gi temp1_1[7:0];
gp C;
ap .is_clock 1;

gi temp2_0[7:0];
ai .slack_logic -0.317 ;
gp Q[0];
ap .slack_logic 0.002 ;
gp Q[1];
ap .slack_logic -0.317 ;
gp Q[2];
ap .slack_logic -0.257 ;
gp Q[3];
ap .slack_logic -0.197 ;
gp Q[4];
ap .slack_logic -0.137 ;
gp Q[5];
ap .slack_logic -0.077 ;
gp Q[6];
ap .slack_logic -0.036 ;
gp Q[7];
ap .slack_logic -0.036 ;
gp D[0];
ap .slack_logic 6.489 ;
gp D[1];
ap .slack_logic 6.489 ;
gp D[2];
ap .slack_logic 6.489 ;
gp D[3];
ap .slack_logic 6.489 ;
gp D[4];
ap .slack_logic 6.489 ;
gp D[5];
ap .slack_logic 6.489 ;
gp D[6];
ap .slack_logic 6.489 ;
gp D[7];
ap .slack_logic 6.489 ;
gp C;
ap .is_clock 1;
gp E;
ap .slack_logic 2.021 ;

gi elite_offs_0[31:0];
ai .slack_logic 1.830 ;
gp Q[0];
ap .slack_logic 3.820 ;
gp Q[1];
ap .slack_logic 3.820 ;
gp Q[2];
ap .slack_logic 3.880 ;
gp Q[3];
ap .slack_logic 2.998 ;
gp Q[4];
ap .slack_logic 3.988 ;
gp Q[5];
ap .slack_logic 3.988 ;
gp Q[6];
ap .slack_logic 4.048 ;
gp Q[7];
ap .slack_logic 4.048 ;
gp Q[8];
ap .slack_logic 4.108 ;
gp Q[9];
ap .slack_logic 4.108 ;
gp Q[10];
ap .slack_logic 4.168 ;
gp Q[11];
ap .slack_logic 4.168 ;
gp Q[12];
ap .slack_logic 4.228 ;
gp Q[13];
ap .slack_logic 4.228 ;
gp Q[14];
ap .slack_logic 4.288 ;
gp Q[15];
ap .slack_logic 4.288 ;
gp Q[16];
ap .slack_logic 4.348 ;
gp Q[17];
ap .slack_logic 4.348 ;
gp Q[18];
ap .slack_logic 4.408 ;
gp Q[19];
ap .slack_logic 4.408 ;
gp Q[20];
ap .slack_logic 4.468 ;
gp Q[21];
ap .slack_logic 4.468 ;
gp Q[22];
ap .slack_logic 4.528 ;
gp Q[23];
ap .slack_logic 4.528 ;
gp Q[24];
ap .slack_logic 4.588 ;
gp Q[25];
ap .slack_logic 4.588 ;
gp Q[26];
ap .slack_logic 4.648 ;
gp Q[27];
ap .slack_logic 4.648 ;
gp Q[28];
ap .slack_logic 4.708 ;
gp Q[29];
ap .slack_logic 4.708 ;
gp Q[30];
ap .slack_logic 4.768 ;
gp Q[31];
ap .slack_logic 4.768 ;
gp D[0];
ap .slack_logic 3.888 ;
gp D[1];
ap .slack_logic 3.888 ;
gp D[2];
ap .slack_logic 3.888 ;
gp D[3];
ap .slack_logic 3.888 ;
gp D[4];
ap .slack_logic 3.888 ;
gp D[5];
ap .slack_logic 3.888 ;
gp D[6];
ap .slack_logic 3.888 ;
gp D[7];
ap .slack_logic 3.888 ;
gp D[8];
ap .slack_logic 3.888 ;
gp D[9];
ap .slack_logic 3.888 ;
gp D[10];
ap .slack_logic 3.888 ;
gp D[11];
ap .slack_logic 3.888 ;
gp D[12];
ap .slack_logic 3.888 ;
gp D[13];
ap .slack_logic 3.888 ;
gp D[14];
ap .slack_logic 3.888 ;
gp D[15];
ap .slack_logic 3.888 ;
gp D[16];
ap .slack_logic 3.888 ;
gp D[17];
ap .slack_logic 3.888 ;
gp D[18];
ap .slack_logic 3.888 ;
gp D[19];
ap .slack_logic 3.888 ;
gp D[20];
ap .slack_logic 3.888 ;
gp D[21];
ap .slack_logic 3.888 ;
gp D[22];
ap .slack_logic 3.888 ;
gp D[23];
ap .slack_logic 3.888 ;
gp D[24];
ap .slack_logic 3.888 ;
gp D[25];
ap .slack_logic 3.888 ;
gp D[26];
ap .slack_logic 3.888 ;
gp D[27];
ap .slack_logic 3.888 ;
gp D[28];
ap .slack_logic 3.888 ;
gp D[29];
ap .slack_logic 3.888 ;
gp D[30];
ap .slack_logic 3.888 ;
gp D[31];
ap .slack_logic 3.888 ;
gp C;
ap .is_clock 1;
gp E;
ap .slack_logic 1.830 ;

gi elite_offs_1[31:0];
ai .slack_logic 1.830 ;
gp Q[0];
ap .slack_logic 3.781 ;
gp Q[1];
ap .slack_logic 3.781 ;
gp Q[2];
ap .slack_logic 3.841 ;
gp Q[3];
ap .slack_logic 2.912 ;
gp Q[4];
ap .slack_logic 3.901 ;
gp Q[5];
ap .slack_logic 3.901 ;
gp Q[6];
ap .slack_logic 3.961 ;
gp Q[7];
ap .slack_logic 3.961 ;
gp Q[8];
ap .slack_logic 4.021 ;
gp Q[9];
ap .slack_logic 4.021 ;
gp Q[10];
ap .slack_logic 4.081 ;
gp Q[11];
ap .slack_logic 4.081 ;
gp Q[12];
ap .slack_logic 4.141 ;
gp Q[13];
ap .slack_logic 4.141 ;
gp Q[14];
ap .slack_logic 4.201 ;
gp Q[15];
ap .slack_logic 4.201 ;
gp Q[16];
ap .slack_logic 4.261 ;
gp Q[17];
ap .slack_logic 4.261 ;
gp Q[18];
ap .slack_logic 4.321 ;
gp Q[19];
ap .slack_logic 4.321 ;
gp Q[20];
ap .slack_logic 4.381 ;
gp Q[21];
ap .slack_logic 4.381 ;
gp Q[22];
ap .slack_logic 4.441 ;
gp Q[23];
ap .slack_logic 4.441 ;
gp Q[24];
ap .slack_logic 4.501 ;
gp Q[25];
ap .slack_logic 4.501 ;
gp Q[26];
ap .slack_logic 4.561 ;
gp Q[27];
ap .slack_logic 4.561 ;
gp Q[28];
ap .slack_logic 4.621 ;
gp Q[29];
ap .slack_logic 4.621 ;
gp Q[30];
ap .slack_logic 4.681 ;
gp Q[31];
ap .slack_logic 4.681 ;
gp D[0];
ap .slack_logic 3.888 ;
gp D[1];
ap .slack_logic 3.888 ;
gp D[2];
ap .slack_logic 3.888 ;
gp D[3];
ap .slack_logic 3.888 ;
gp D[4];
ap .slack_logic 3.888 ;
gp D[5];
ap .slack_logic 3.888 ;
gp D[6];
ap .slack_logic 3.888 ;
gp D[7];
ap .slack_logic 3.888 ;
gp D[8];
ap .slack_logic 3.888 ;
gp D[9];
ap .slack_logic 3.888 ;
gp D[10];
ap .slack_logic 3.888 ;
gp D[11];
ap .slack_logic 3.888 ;
gp D[12];
ap .slack_logic 3.888 ;
gp D[13];
ap .slack_logic 3.888 ;
gp D[14];
ap .slack_logic 3.888 ;
gp D[15];
ap .slack_logic 3.888 ;
gp D[16];
ap .slack_logic 3.888 ;
gp D[17];
ap .slack_logic 3.888 ;
gp D[18];
ap .slack_logic 3.888 ;
gp D[19];
ap .slack_logic 3.888 ;
gp D[20];
ap .slack_logic 3.888 ;
gp D[21];
ap .slack_logic 3.888 ;
gp D[22];
ap .slack_logic 3.888 ;
gp D[23];
ap .slack_logic 3.888 ;
gp D[24];
ap .slack_logic 3.888 ;
gp D[25];
ap .slack_logic 3.888 ;
gp D[26];
ap .slack_logic 3.888 ;
gp D[27];
ap .slack_logic 3.888 ;
gp D[28];
ap .slack_logic 3.888 ;
gp D[29];
ap .slack_logic 3.888 ;
gp D[30];
ap .slack_logic 3.888 ;
gp D[31];
ap .slack_logic 3.888 ;
gp C;
ap .is_clock 1;
gp E;
ap .slack_logic 1.830 ;

gi temp_indexs_1_1[31:0];
gp C;
ap .is_clock 1;

gi temp_indexs_2_0[31:0];
ai .slack_logic 2.021 ;
gp Q[0];
ap .slack_logic 5.521 ;
gp Q[1];
ap .slack_logic 5.521 ;
gp Q[2];
ap .slack_logic 5.521 ;
gp Q[3];
ap .slack_logic 5.521 ;
gp Q[4];
ap .slack_logic 5.521 ;
gp Q[5];
ap .slack_logic 6.002 ;
gp Q[6];
ap .slack_logic 6.002 ;
gp Q[7];
ap .slack_logic 6.002 ;
gp Q[8];
ap .slack_logic 6.002 ;
gp Q[9];
ap .slack_logic 6.002 ;
gp Q[10];
ap .slack_logic 6.002 ;
gp Q[11];
ap .slack_logic 6.002 ;
gp Q[12];
ap .slack_logic 6.002 ;
gp Q[13];
ap .slack_logic 6.002 ;
gp Q[14];
ap .slack_logic 6.002 ;
gp Q[15];
ap .slack_logic 6.002 ;
gp Q[16];
ap .slack_logic 6.002 ;
gp Q[17];
ap .slack_logic 6.002 ;
gp Q[18];
ap .slack_logic 6.002 ;
gp Q[19];
ap .slack_logic 6.002 ;
gp Q[20];
ap .slack_logic 6.002 ;
gp Q[21];
ap .slack_logic 6.002 ;
gp Q[22];
ap .slack_logic 6.002 ;
gp Q[23];
ap .slack_logic 6.002 ;
gp Q[24];
ap .slack_logic 6.002 ;
gp Q[25];
ap .slack_logic 6.002 ;
gp Q[26];
ap .slack_logic 6.002 ;
gp Q[27];
ap .slack_logic 6.002 ;
gp Q[28];
ap .slack_logic 6.002 ;
gp Q[29];
ap .slack_logic 6.002 ;
gp Q[30];
ap .slack_logic 6.002 ;
gp Q[31];
ap .slack_logic 6.002 ;
gp D[0];
ap .slack_logic 6.489 ;
gp D[1];
ap .slack_logic 6.489 ;
gp D[2];
ap .slack_logic 6.489 ;
gp D[3];
ap .slack_logic 6.489 ;
gp D[4];
ap .slack_logic 6.489 ;
gp D[5];
ap .slack_logic 6.489 ;
gp D[6];
ap .slack_logic 6.489 ;
gp D[7];
ap .slack_logic 6.489 ;
gp D[8];
ap .slack_logic 6.489 ;
gp D[9];
ap .slack_logic 6.489 ;
gp D[10];
ap .slack_logic 6.489 ;
gp D[11];
ap .slack_logic 6.489 ;
gp D[12];
ap .slack_logic 6.489 ;
gp D[13];
ap .slack_logic 6.489 ;
gp D[14];
ap .slack_logic 6.489 ;
gp D[15];
ap .slack_logic 6.489 ;
gp D[16];
ap .slack_logic 6.489 ;
gp D[17];
ap .slack_logic 6.489 ;
gp D[18];
ap .slack_logic 6.489 ;
gp D[19];
ap .slack_logic 6.489 ;
gp D[20];
ap .slack_logic 6.489 ;
gp D[21];
ap .slack_logic 6.489 ;
gp D[22];
ap .slack_logic 6.489 ;
gp D[23];
ap .slack_logic 6.489 ;
gp D[24];
ap .slack_logic 6.489 ;
gp D[25];
ap .slack_logic 6.489 ;
gp D[26];
ap .slack_logic 6.489 ;
gp D[27];
ap .slack_logic 6.489 ;
gp D[28];
ap .slack_logic 6.489 ;
gp D[29];
ap .slack_logic 6.489 ;
gp D[30];
ap .slack_logic 6.489 ;
gp D[31];
ap .slack_logic 6.489 ;
gp C;
ap .is_clock 1;
gp E;
ap .slack_logic 2.021 ;

gi elite_indexs_1_7[31:0];
ai .slack_logic 5.569 ;
gp D1[4];
ap .slack_logic 5.569 ;
gp D1[5];
ap .slack_logic 5.569 ;
gp D1[8];
ap .slack_logic 6.050 ;
gp D1[9];
ap .slack_logic 6.050 ;
gp D1[10];
ap .slack_logic 6.050 ;
gp D1[16];
ap .slack_logic 6.050 ;
gp D1[18];
ap .slack_logic 6.050 ;
gp D1[19];
ap .slack_logic 6.050 ;
gp D1[20];
ap .slack_logic 6.050 ;
gp D1[21];
ap .slack_logic 6.050 ;
gp D1[26];
ap .slack_logic 6.050 ;
gp D1[27];
ap .slack_logic 6.050 ;
gp D1[28];
ap .slack_logic 6.050 ;
gp D1[30];
ap .slack_logic 6.050 ;
gp D1[31];
ap .slack_logic 6.050 ;
gp D1[32];
ap .slack_logic 6.050 ;

gi best_fit_1[7:0];
ai .slack_logic -0.360 ;
gp Q[0];
ap .slack_logic 6.002 ;
gp Q[1];
ap .slack_logic 4.143 ;
gp Q[2];
ap .slack_logic 6.002 ;
gp Q[3];
ap .slack_logic 6.002 ;
gp Q[4];
ap .slack_logic 6.002 ;
gp Q[5];
ap .slack_logic 6.002 ;
gp Q[6];
ap .slack_logic 6.002 ;
gp Q[7];
ap .slack_logic 6.002 ;
gp D[0];
ap .slack_logic 0.365 ;
gp D[1];
ap .slack_logic 0.231 ;
gp D[2];
ap .slack_logic 0.231 ;
gp D[3];
ap .slack_logic 0.231 ;
gp D[4];
ap .slack_logic 0.231 ;
gp D[5];
ap .slack_logic 0.231 ;
gp D[6];
ap .slack_logic 0.231 ;
gp D[7];
ap .slack_logic 0.231 ;
gp C;
ap .is_clock 1;
gp E;
ap .slack_logic -0.360 ;

gi elite_indexs_1[31:0];
ai .slack_logic -0.360 ;
gp Q[0];
ap .slack_logic 6.002 ;
gp Q[1];
ap .slack_logic 6.002 ;
gp Q[2];
ap .slack_logic 6.002 ;
gp Q[3];
ap .slack_logic 6.002 ;
gp Q[4];
ap .slack_logic 6.002 ;
gp Q[5];
ap .slack_logic 6.002 ;
gp Q[6];
ap .slack_logic 6.002 ;
gp Q[7];
ap .slack_logic 6.002 ;
gp Q[8];
ap .slack_logic 6.002 ;
gp Q[9];
ap .slack_logic 6.002 ;
gp Q[10];
ap .slack_logic 6.002 ;
gp Q[11];
ap .slack_logic 6.002 ;
gp Q[12];
ap .slack_logic 6.002 ;
gp Q[13];
ap .slack_logic 6.002 ;
gp Q[14];
ap .slack_logic 6.002 ;
gp Q[15];
ap .slack_logic 6.002 ;
gp Q[16];
ap .slack_logic 6.002 ;
gp Q[17];
ap .slack_logic 6.002 ;
gp Q[18];
ap .slack_logic 6.002 ;
gp Q[19];
ap .slack_logic 6.002 ;
gp Q[20];
ap .slack_logic 6.002 ;
gp Q[21];
ap .slack_logic 6.002 ;
gp Q[22];
ap .slack_logic 6.002 ;
gp Q[23];
ap .slack_logic 6.002 ;
gp Q[24];
ap .slack_logic 6.002 ;
gp Q[25];
ap .slack_logic 6.002 ;
gp Q[26];
ap .slack_logic 6.002 ;
gp Q[27];
ap .slack_logic 6.002 ;
gp Q[28];
ap .slack_logic 6.002 ;
gp Q[29];
ap .slack_logic 6.002 ;
gp Q[30];
ap .slack_logic 6.002 ;
gp Q[31];
ap .slack_logic 6.002 ;
gp D[0];
ap .slack_logic 1.450 ;
gp D[1];
ap .slack_logic 1.450 ;
gp D[2];
ap .slack_logic 1.450 ;
gp D[3];
ap .slack_logic 1.450 ;
gp D[4];
ap .slack_logic 1.450 ;
gp D[5];
ap .slack_logic 1.584 ;
gp D[6];
ap .slack_logic 1.584 ;
gp D[7];
ap .slack_logic 1.584 ;
gp D[8];
ap .slack_logic 1.584 ;
gp D[9];
ap .slack_logic 1.584 ;
gp D[10];
ap .slack_logic 1.584 ;
gp D[11];
ap .slack_logic 1.584 ;
gp D[12];
ap .slack_logic 1.584 ;
gp D[13];
ap .slack_logic 1.584 ;
gp D[14];
ap .slack_logic 1.584 ;
gp D[15];
ap .slack_logic 1.584 ;
gp D[16];
ap .slack_logic 1.584 ;
gp D[17];
ap .slack_logic 1.584 ;
gp D[18];
ap .slack_logic 1.584 ;
gp D[19];
ap .slack_logic 1.584 ;
gp D[20];
ap .slack_logic 1.584 ;
gp D[21];
ap .slack_logic 1.584 ;
gp D[22];
ap .slack_logic 1.584 ;
gp D[23];
ap .slack_logic 1.584 ;
gp D[24];
ap .slack_logic 1.584 ;
gp D[25];
ap .slack_logic 1.584 ;
gp D[26];
ap .slack_logic 1.584 ;
gp D[27];
ap .slack_logic 1.584 ;
gp D[28];
ap .slack_logic 1.584 ;
gp D[29];
ap .slack_logic 1.584 ;
gp D[30];
ap .slack_logic 1.584 ;
gp D[31];
ap .slack_logic 1.584 ;
gp C;
ap .is_clock 1;
gp E;
ap .slack_logic -0.360 ;

gi temp2_1[7:0];
ai .slack_logic -0.017 ;
gp Q[0];
ap .slack_logic 0.012 ;
gp Q[1];
ap .slack_logic -0.017 ;
gp Q[2];
ap .slack_logic -0.017 ;
gp Q[3];
ap .slack_logic -0.017 ;
gp Q[4];
ap .slack_logic -0.017 ;
gp Q[5];
ap .slack_logic -0.017 ;
gp Q[6];
ap .slack_logic -0.017 ;
gp Q[7];
ap .slack_logic -0.017 ;
gp D[0];
ap .slack_logic 6.489 ;
gp D[1];
ap .slack_logic 6.489 ;
gp D[2];
ap .slack_logic 6.489 ;
gp D[3];
ap .slack_logic 6.489 ;
gp D[4];
ap .slack_logic 6.489 ;
gp D[5];
ap .slack_logic 6.489 ;
gp D[6];
ap .slack_logic 6.489 ;
gp D[7];
ap .slack_logic 6.489 ;
gp C;
ap .is_clock 1;
gp E;
ap .slack_logic 2.021 ;

gi temp_indexs_2_1[31:0];
ai .slack_logic 2.021 ;
gp Q[0];
ap .slack_logic 5.569 ;
gp Q[1];
ap .slack_logic 5.569 ;
gp Q[2];
ap .slack_logic 5.569 ;
gp Q[3];
ap .slack_logic 5.569 ;
gp Q[4];
ap .slack_logic 5.569 ;
gp Q[5];
ap .slack_logic 6.050 ;
gp Q[6];
ap .slack_logic 6.050 ;
gp Q[7];
ap .slack_logic 6.050 ;
gp Q[8];
ap .slack_logic 6.050 ;
gp Q[9];
ap .slack_logic 6.050 ;
gp Q[10];
ap .slack_logic 6.050 ;
gp Q[11];
ap .slack_logic 6.050 ;
gp Q[12];
ap .slack_logic 6.050 ;
gp Q[13];
ap .slack_logic 6.050 ;
gp Q[14];
ap .slack_logic 6.050 ;
gp Q[15];
ap .slack_logic 6.050 ;
gp Q[16];
ap .slack_logic 6.050 ;
gp Q[17];
ap .slack_logic 6.050 ;
gp Q[18];
ap .slack_logic 6.050 ;
gp Q[19];
ap .slack_logic 6.050 ;
gp Q[20];
ap .slack_logic 6.050 ;
gp Q[21];
ap .slack_logic 6.050 ;
gp Q[22];
ap .slack_logic 6.050 ;
gp Q[23];
ap .slack_logic 6.050 ;
gp Q[24];
ap .slack_logic 6.050 ;
gp Q[25];
ap .slack_logic 6.050 ;
gp Q[26];
ap .slack_logic 6.050 ;
gp Q[27];
ap .slack_logic 6.050 ;
gp Q[28];
ap .slack_logic 6.050 ;
gp Q[29];
ap .slack_logic 6.050 ;
gp Q[30];
ap .slack_logic 6.050 ;
gp Q[31];
ap .slack_logic 6.050 ;
gp D[0];
ap .slack_logic 6.489 ;
gp D[1];
ap .slack_logic 6.489 ;
gp D[2];
ap .slack_logic 6.489 ;
gp D[3];
ap .slack_logic 6.489 ;
gp D[4];
ap .slack_logic 6.489 ;
gp D[5];
ap .slack_logic 6.489 ;
gp D[6];
ap .slack_logic 6.489 ;
gp D[7];
ap .slack_logic 6.489 ;
gp D[8];
ap .slack_logic 6.489 ;
gp D[9];
ap .slack_logic 6.489 ;
gp D[10];
ap .slack_logic 6.489 ;
gp D[11];
ap .slack_logic 6.489 ;
gp D[12];
ap .slack_logic 6.489 ;
gp D[13];
ap .slack_logic 6.489 ;
gp D[14];
ap .slack_logic 6.489 ;
gp D[15];
ap .slack_logic 6.489 ;
gp D[16];
ap .slack_logic 6.489 ;
gp D[17];
ap .slack_logic 6.489 ;
gp D[18];
ap .slack_logic 6.489 ;
gp D[19];
ap .slack_logic 6.489 ;
gp D[20];
ap .slack_logic 6.489 ;
gp D[21];
ap .slack_logic 6.489 ;
gp D[22];
ap .slack_logic 6.489 ;
gp D[23];
ap .slack_logic 6.489 ;
gp D[24];
ap .slack_logic 6.489 ;
gp D[25];
ap .slack_logic 6.489 ;
gp D[26];
ap .slack_logic 6.489 ;
gp D[27];
ap .slack_logic 6.489 ;
gp D[28];
ap .slack_logic 6.489 ;
gp D[29];
ap .slack_logic 6.489 ;
gp D[30];
ap .slack_logic 6.489 ;
gp D[31];
ap .slack_logic 6.489 ;
gp C;
ap .is_clock 1;
gp E;
ap .slack_logic 2.021 ;

gi fit_sum[10:0];
ai .slack_logic -1.768 ;
gp Q[0];
ap .slack_logic -1.768 ;
gp Q[1];
ap .slack_logic -1.768 ;
gp Q[2];
ap .slack_logic -1.768 ;
gp Q[3];
ap .slack_logic -1.768 ;
gp Q[4];
ap .slack_logic -1.768 ;
gp Q[5];
ap .slack_logic -1.768 ;
gp Q[6];
ap .slack_logic -1.768 ;
gp Q[7];
ap .slack_logic -1.768 ;
gp Q[8];
ap .slack_logic -1.768 ;
gp Q[9];
ap .slack_logic -1.768 ;
gp Q[10];
ap .slack_logic -1.768 ;
gp D[0];
ap .slack_logic 2.094 ;
gp D[1];
ap .slack_logic 0.817 ;
gp D[2];
ap .slack_logic -0.624 ;
gp D[3];
ap .slack_logic -0.535 ;
gp D[4];
ap .slack_logic -0.595 ;
gp D[5];
ap .slack_logic -0.655 ;
gp D[6];
ap .slack_logic -0.715 ;
gp D[7];
ap .slack_logic -0.775 ;
gp D[8];
ap .slack_logic -0.835 ;
gp D[9];
ap .slack_logic -0.895 ;
gp D[10];
ap .slack_logic -0.955 ;
gp C;
ap .is_clock 1;
gp E;
ap .slack_logic 2.173 ;

gi sum_p[10:0];
ai .slack_logic -0.955 ;
gp Q[0];
ap .slack_logic 2.448 ;
gp Q[1];
ap .slack_logic -0.865 ;
gp Q[2];
ap .slack_logic -0.804 ;
gp Q[3];
ap .slack_logic -0.745 ;
gp Q[4];
ap .slack_logic -0.685 ;
gp Q[5];
ap .slack_logic -0.625 ;
gp Q[6];
ap .slack_logic -0.565 ;
gp Q[7];
ap .slack_logic 0.149 ;
gp Q[8];
ap .slack_logic 0.610 ;
gp Q[9];
ap .slack_logic 1.323 ;
gp Q[10];
ap .slack_logic 2.036 ;
gp D[0];
ap .slack_logic 2.094 ;
gp D[1];
ap .slack_logic 0.817 ;
gp D[2];
ap .slack_logic -0.624 ;
gp D[3];
ap .slack_logic -0.535 ;
gp D[4];
ap .slack_logic -0.595 ;
gp D[5];
ap .slack_logic -0.655 ;
gp D[6];
ap .slack_logic -0.715 ;
gp D[7];
ap .slack_logic -0.775 ;
gp D[8];
ap .slack_logic -0.835 ;
gp D[9];
ap .slack_logic -0.895 ;
gp D[10];
ap .slack_logic -0.955 ;
gp C;
ap .is_clock 1;
gp E;
ap .slack_logic 1.594 ;

d U5;

gi count;
gp C;
ap .is_clock 1;

gi cumSum_p1[10:0];
gp C;
ap .is_clock 1;

gi scalFitSum[14:0];
ai .slack_logic 2.612 ;
gp A[0];
ap .slack_logic 2.967 ;
gp A[1];
ap .slack_logic 2.612 ;
gp A[3];
ap .slack_logic 2.732 ;
gp A[4];
ap .slack_logic 2.821 ;
gp A[5];
ap .slack_logic 2.852 ;
gp A[6];
ap .slack_logic 2.941 ;
gp A[7];
ap .slack_logic 2.972 ;
gp A[8];
ap .slack_logic 3.061 ;
gp A[9];
ap .slack_logic 3.092 ;
gp A[10];
ap .slack_logic 3.152 ;

gi scalFitSum_p[14:0];
ai .slack_logic 1.618 ;
gp Q[0];
ap .slack_logic 2.967 ;
gp Q[1];
ap .slack_logic 2.612 ;
gp Q[2];
ap .slack_logic 2.437 ;
gp Q[3];
ap .slack_logic 2.732 ;
gp Q[4];
ap .slack_logic 2.821 ;
gp Q[5];
ap .slack_logic 2.852 ;
gp Q[6];
ap .slack_logic 2.941 ;
gp Q[7];
ap .slack_logic 2.972 ;
gp Q[8];
ap .slack_logic 3.061 ;
gp Q[9];
ap .slack_logic 3.092 ;
gp Q[10];
ap .slack_logic 3.152 ;
gp D[0];
ap .slack_logic 2.501 ;
gp D[1];
ap .slack_logic 2.482 ;
gp D[2];
ap .slack_logic 2.309 ;
gp D[3];
ap .slack_logic 2.290 ;
gp D[4];
ap .slack_logic 2.117 ;
gp D[5];
ap .slack_logic 2.098 ;
gp D[6];
ap .slack_logic 1.925 ;
gp D[7];
ap .slack_logic 1.906 ;
gp D[8];
ap .slack_logic 1.733 ;
gp D[9];
ap .slack_logic 1.714 ;
gp D[10];
ap .slack_logic 1.618 ;
gp C;
ap .is_clock 1;

gi done_t;
gp C;
ap .is_clock 1;

gi temp_rd;
gp C;
ap .is_clock 1;

gi selParent_p[7:0];
gp C;
ap .is_clock 1;

d U6;

gi crossout1_0_sqmuxa;
ai .slack_logic 4.674 ;
gp I0[0];
ap .slack_logic 4.674 ;

gi done_t;
ai .slack_logic 4.150 ;
gp Q[0];
ap .slack_logic 4.150 ;
gp D[0];
ap .slack_logic 4.492 ;
gp C;
ap .is_clock 1;

gi crossout1_t[7:0];
gp C;
ap .is_clock 1;

d U7;

gi un10_clk;
ai .slack_logic 4.502 ;
gp I0[0];
ap .slack_logic 4.502 ;

gi done_p;
ai .slack_logic 1.590 ;
gp Q[0];
ap .slack_logic 1.590 ;
gp D[0];
ap .slack_logic 2.605 ;
gp C;
ap .is_clock 1;

gi count[3:0];
ai .slack_logic 1.104 ;
gp Q[0];
ap .slack_logic 1.138 ;
gp Q[1];
ap .slack_logic 1.143 ;
gp Q[2];
ap .slack_logic 2.073 ;
gp Q[3];
ap .slack_logic 2.082 ;
gp D[0];
ap .slack_logic 1.104 ;
gp D[1];
ap .slack_logic 1.104 ;
gp D[2];
ap .slack_logic 1.104 ;
gp D[3];
ap .slack_logic 1.104 ;
gp C;
ap .is_clock 1;

gi mutout_p1[7:0];
gp C;
ap .is_clock 1;

d U8;

gi rd;
ai .slack_logic -0.783 ;
gp Q[0];
ap .slack_logic -0.783 ;
gp C;
ap .is_clock 1;

gi fitlim_rd;
ai .slack_logic -0.735 ;
gp Q[0];
ap .slack_logic -0.735 ;
gp D[0];
ap .slack_logic 5.073 ;
gp C;
ap .is_clock 1;

d U9;

gi data_out_cl[15];
gp C;
ap .is_clock 1;

gi data_out_cl_1[15];
gp C;
ap .is_clock 1;

gi data_out_cl_2[15];
gp C;
ap .is_clock 1;

gi data_out_cl_3[15];
gp C;
ap .is_clock 1;

gi data_out_cl_4[15];
gp C;
ap .is_clock 1;

gi data_out_cl_5[15];
gp C;
ap .is_clock 1;

gi data_out_cl_6[15];
gp C;
ap .is_clock 1;

gi data_out_cl_7[15];
gp C;
ap .is_clock 1;

gi data_out_cl_8[15];
gp C;
ap .is_clock 1;

gi data_out_cl_9[15];
gp C;
ap .is_clock 1;

gi data_out_cl_10[15];
gp C;
ap .is_clock 1;

gi data_out_cl_11[15];
gp C;
ap .is_clock 1;

gi data_out_cl_12[15];
gp C;
ap .is_clock 1;

gi data_out_cl_13[15];
gp C;
ap .is_clock 1;

gi data_out_cl_14[15];
gp C;
ap .is_clock 1;

gi data_out_cl_15[15];
gp C;
ap .is_clock 1;

gi data_0_3[15:0];
ai .slack_logic 4.951 ;
gp A[15];
ap .slack_logic 4.951 ;

gi data_out_6[15:0];
ai .slack_logic 5.600 ;
gp D0[10];
ap .slack_logic 5.657 ;
gp D0[11];
ap .slack_logic 5.657 ;
gp D0[12];
ap .slack_logic 5.657 ;
gp D0[13];
ap .slack_logic 5.657 ;
gp D0[14];
ap .slack_logic 5.657 ;
gp D0[15];
ap .slack_logic 5.657 ;
gp D0[16];
ap .slack_logic 5.657 ;
gp D1[10];
ap .slack_logic 5.657 ;
gp D1[15];
ap .slack_logic 5.657 ;
gp D1[16];
ap .slack_logic 5.657 ;
gp D2[9];
ap .slack_logic 5.600 ;
gp D3[11];
ap .slack_logic 5.600 ;
gp D3[12];
ap .slack_logic 5.600 ;
gp D3[13];
ap .slack_logic 5.600 ;
gp D3[14];
ap .slack_logic 5.600 ;
gp D4[9];
ap .slack_logic 5.657 ;
gp D5[9];
ap .slack_logic 5.657 ;
gp D5[11];
ap .slack_logic 5.657 ;
gp D5[12];
ap .slack_logic 5.657 ;
gp D5[13];
ap .slack_logic 5.657 ;
gp D5[14];
ap .slack_logic 5.657 ;
gp D6[10];
ap .slack_logic 5.600 ;
gp D6[11];
ap .slack_logic 5.600 ;
gp D6[12];
ap .slack_logic 5.600 ;
gp D6[13];
ap .slack_logic 5.600 ;
gp D6[14];
ap .slack_logic 5.600 ;
gp D6[15];
ap .slack_logic 5.600 ;
gp D6[16];
ap .slack_logic 5.600 ;
gp D7[9];
ap .slack_logic 5.600 ;
gp D7[10];
ap .slack_logic 5.600 ;
gp D7[15];
ap .slack_logic 5.600 ;
gp D7[16];
ap .slack_logic 5.600 ;

gi data_out_1[0];
gp C;
ap .is_clock 1;

gi data_out_1[1];
ai .slack_logic 4.150 ;
gp Q[0];
ap .slack_logic 4.150 ;
gp D[0];
ap .slack_logic 4.670 ;
gp C;
ap .is_clock 1;
gp E;
ap .slack_logic 4.201 ;

gi data_out_1[2];
ai .slack_logic 4.201 ;
gp Q[0];
ap .slack_logic 4.210 ;
gp D[0];
ap .slack_logic 4.670 ;
gp C;
ap .is_clock 1;
gp E;
ap .slack_logic 4.201 ;

gi data_out_1[3];
ai .slack_logic 4.201 ;
gp Q[0];
ap .slack_logic 4.270 ;
gp D[0];
ap .slack_logic 4.670 ;
gp C;
ap .is_clock 1;
gp E;
ap .slack_logic 4.201 ;

gi data_out_1[4];
ai .slack_logic 4.201 ;
gp Q[0];
ap .slack_logic 4.330 ;
gp D[0];
ap .slack_logic 4.670 ;
gp C;
ap .is_clock 1;
gp E;
ap .slack_logic 4.201 ;

gi data_out_1[5];
ai .slack_logic 4.201 ;
gp Q[0];
ap .slack_logic 4.390 ;
gp D[0];
ap .slack_logic 4.670 ;
gp C;
ap .is_clock 1;
gp E;
ap .slack_logic 4.201 ;

gi data_out_1[6];
ai .slack_logic 4.201 ;
gp Q[0];
ap .slack_logic 4.450 ;
gp D[0];
ap .slack_logic 4.670 ;
gp C;
ap .is_clock 1;
gp E;
ap .slack_logic 4.201 ;

gi data_out_1[7];
ai .slack_logic 4.201 ;
gp Q[0];
ap .slack_logic 4.510 ;
gp D[0];
ap .slack_logic 4.670 ;
gp C;
ap .is_clock 1;
gp E;
ap .slack_logic 4.201 ;

gi data_out_1[8];
gp C;
ap .is_clock 1;

gi data_out_1[9];
gp C;
ap .is_clock 1;

gi data_out_1[10];
gp C;
ap .is_clock 1;

gi data_out_1[11];
gp C;
ap .is_clock 1;

gi data_out_1[12];
gp C;
ap .is_clock 1;

gi data_out_1[13];
gp C;
ap .is_clock 1;

gi data_out_1[14];
gp C;
ap .is_clock 1;

gi data_0[15:0];
ai .slack_logic 2.096 ;
gp Q[8];
ap .slack_logic 5.657 ;
gp Q[9];
ap .slack_logic 5.657 ;
gp Q[10];
ap .slack_logic 5.657 ;
gp Q[11];
ap .slack_logic 5.657 ;
gp Q[12];
ap .slack_logic 5.657 ;
gp Q[13];
ap .slack_logic 5.657 ;
gp Q[14];
ap .slack_logic 5.657 ;
gp Q[15];
ap .slack_logic 5.657 ;
gp D[8];
ap .slack_logic 4.751 ;
gp D[9];
ap .slack_logic 4.751 ;
gp D[10];
ap .slack_logic 4.751 ;
gp D[11];
ap .slack_logic 4.751 ;
gp D[12];
ap .slack_logic 4.751 ;
gp D[13];
ap .slack_logic 4.751 ;
gp D[14];
ap .slack_logic 4.751 ;
gp D[15];
ap .slack_logic 4.751 ;
gp C;
ap .is_clock 1;
gp E;
ap .slack_logic 2.096 ;

gi data_1[15:0];
ai .slack_logic 2.096 ;
gp Q[8];
ap .slack_logic 5.657 ;
gp Q[9];
ap .slack_logic 5.657 ;
gp Q[10];
ap .slack_logic 5.657 ;
gp Q[11];
ap .slack_logic 5.657 ;
gp Q[12];
ap .slack_logic 5.657 ;
gp Q[13];
ap .slack_logic 5.657 ;
gp Q[14];
ap .slack_logic 5.657 ;
gp Q[15];
ap .slack_logic 5.657 ;
gp D[8];
ap .slack_logic 4.751 ;
gp D[9];
ap .slack_logic 4.751 ;
gp D[10];
ap .slack_logic 4.751 ;
gp D[11];
ap .slack_logic 4.751 ;
gp D[12];
ap .slack_logic 4.751 ;
gp D[13];
ap .slack_logic 4.751 ;
gp D[14];
ap .slack_logic 4.751 ;
gp D[15];
ap .slack_logic 4.751 ;
gp C;
ap .is_clock 1;
gp E;
ap .slack_logic 2.096 ;

gi data_2[15:0];
ai .slack_logic 2.096 ;
gp Q[8];
ap .slack_logic 5.600 ;
gp Q[9];
ap .slack_logic 5.600 ;
gp Q[10];
ap .slack_logic 5.600 ;
gp Q[11];
ap .slack_logic 5.600 ;
gp Q[12];
ap .slack_logic 5.600 ;
gp Q[13];
ap .slack_logic 5.600 ;
gp Q[14];
ap .slack_logic 5.600 ;
gp Q[15];
ap .slack_logic 5.600 ;
gp D[8];
ap .slack_logic 4.751 ;
gp D[9];
ap .slack_logic 4.751 ;
gp D[10];
ap .slack_logic 4.751 ;
gp D[11];
ap .slack_logic 4.751 ;
gp D[12];
ap .slack_logic 4.751 ;
gp D[13];
ap .slack_logic 4.751 ;
gp D[14];
ap .slack_logic 4.751 ;
gp D[15];
ap .slack_logic 4.751 ;
gp C;
ap .is_clock 1;
gp E;
ap .slack_logic 2.096 ;

gi data_3[15:0];
ai .slack_logic 2.096 ;
gp Q[8];
ap .slack_logic 5.600 ;
gp Q[9];
ap .slack_logic 5.600 ;
gp Q[10];
ap .slack_logic 5.600 ;
gp Q[11];
ap .slack_logic 5.600 ;
gp Q[12];
ap .slack_logic 5.600 ;
gp Q[13];
ap .slack_logic 5.600 ;
gp Q[14];
ap .slack_logic 5.600 ;
gp Q[15];
ap .slack_logic 5.600 ;
gp D[8];
ap .slack_logic 4.751 ;
gp D[9];
ap .slack_logic 4.751 ;
gp D[10];
ap .slack_logic 4.751 ;
gp D[11];
ap .slack_logic 4.751 ;
gp D[12];
ap .slack_logic 4.751 ;
gp D[13];
ap .slack_logic 4.751 ;
gp D[14];
ap .slack_logic 4.751 ;
gp D[15];
ap .slack_logic 4.751 ;
gp C;
ap .is_clock 1;
gp E;
ap .slack_logic 2.096 ;

gi data_4[15:0];
ai .slack_logic 2.096 ;
gp Q[8];
ap .slack_logic 5.657 ;
gp Q[9];
ap .slack_logic 5.657 ;
gp Q[10];
ap .slack_logic 5.657 ;
gp Q[11];
ap .slack_logic 5.657 ;
gp Q[12];
ap .slack_logic 5.657 ;
gp Q[13];
ap .slack_logic 5.657 ;
gp Q[14];
ap .slack_logic 5.657 ;
gp Q[15];
ap .slack_logic 5.657 ;
gp D[8];
ap .slack_logic 4.751 ;
gp D[9];
ap .slack_logic 4.751 ;
gp D[10];
ap .slack_logic 4.751 ;
gp D[11];
ap .slack_logic 4.751 ;
gp D[12];
ap .slack_logic 4.751 ;
gp D[13];
ap .slack_logic 4.751 ;
gp D[14];
ap .slack_logic 4.751 ;
gp D[15];
ap .slack_logic 4.751 ;
gp C;
ap .is_clock 1;
gp E;
ap .slack_logic 2.096 ;

gi data_5[15:0];
ai .slack_logic 2.096 ;
gp Q[8];
ap .slack_logic 5.657 ;
gp Q[9];
ap .slack_logic 5.657 ;
gp Q[10];
ap .slack_logic 5.657 ;
gp Q[11];
ap .slack_logic 5.657 ;
gp Q[12];
ap .slack_logic 5.657 ;
gp Q[13];
ap .slack_logic 5.657 ;
gp Q[14];
ap .slack_logic 5.657 ;
gp Q[15];
ap .slack_logic 5.657 ;
gp D[8];
ap .slack_logic 4.751 ;
gp D[9];
ap .slack_logic 4.751 ;
gp D[10];
ap .slack_logic 4.751 ;
gp D[11];
ap .slack_logic 4.751 ;
gp D[12];
ap .slack_logic 4.751 ;
gp D[13];
ap .slack_logic 4.751 ;
gp D[14];
ap .slack_logic 4.751 ;
gp D[15];
ap .slack_logic 4.751 ;
gp C;
ap .is_clock 1;
gp E;
ap .slack_logic 2.096 ;

gi data_6[15:0];
ai .slack_logic 2.096 ;
gp Q[8];
ap .slack_logic 5.600 ;
gp Q[9];
ap .slack_logic 5.600 ;
gp Q[10];
ap .slack_logic 5.600 ;
gp Q[11];
ap .slack_logic 5.600 ;
gp Q[12];
ap .slack_logic 5.600 ;
gp Q[13];
ap .slack_logic 5.600 ;
gp Q[14];
ap .slack_logic 5.600 ;
gp Q[15];
ap .slack_logic 5.600 ;
gp D[8];
ap .slack_logic 4.751 ;
gp D[9];
ap .slack_logic 4.751 ;
gp D[10];
ap .slack_logic 4.751 ;
gp D[11];
ap .slack_logic 4.751 ;
gp D[12];
ap .slack_logic 4.751 ;
gp D[13];
ap .slack_logic 4.751 ;
gp D[14];
ap .slack_logic 4.751 ;
gp D[15];
ap .slack_logic 4.751 ;
gp C;
ap .is_clock 1;
gp E;
ap .slack_logic 2.096 ;

gi data_7[15:0];
ai .slack_logic 2.096 ;
gp Q[8];
ap .slack_logic 5.600 ;
gp Q[9];
ap .slack_logic 5.600 ;
gp Q[10];
ap .slack_logic 5.600 ;
gp Q[11];
ap .slack_logic 5.600 ;
gp Q[12];
ap .slack_logic 5.600 ;
gp Q[13];
ap .slack_logic 5.600 ;
gp Q[14];
ap .slack_logic 5.600 ;
gp Q[15];
ap .slack_logic 5.600 ;
gp D[8];
ap .slack_logic 4.751 ;
gp D[9];
ap .slack_logic 4.751 ;
gp D[10];
ap .slack_logic 4.751 ;
gp D[11];
ap .slack_logic 4.751 ;
gp D[12];
ap .slack_logic 4.751 ;
gp D[13];
ap .slack_logic 4.751 ;
gp D[14];
ap .slack_logic 4.751 ;
gp D[15];
ap .slack_logic 4.751 ;
gp C;
ap .is_clock 1;
gp E;
ap .slack_logic 2.096 ;

gi data_out_1[15];
ai .slack_logic 4.201 ;
gp Q[0];
ap .slack_logic 6.164 ;
gp D[0];
ap .slack_logic 4.670 ;
gp C;
ap .is_clock 1;
gp E;
ap .slack_logic 4.201 ;

d U10;

gi data_out_cl[7];
gp C;
ap .is_clock 1;

gi data_out_cl_1[7];
gp C;
ap .is_clock 1;

gi data_out_cl_2[7];
gp C;
ap .is_clock 1;

gi data_out_cl_3[7];
gp C;
ap .is_clock 1;

gi data_out_cl_4[7];
gp C;
ap .is_clock 1;

gi data_out_cl_5[7];
gp C;
ap .is_clock 1;

gi data_out_cl_6[7];
gp C;
ap .is_clock 1;

gi data_out_cl_7[7];
gp C;
ap .is_clock 1;

gi data_0[7:0];
ai .slack_logic 2.571 ;
gp Q[0];
ap .slack_logic 5.150 ;
gp Q[1];
ap .slack_logic 5.150 ;
gp Q[2];
ap .slack_logic 5.150 ;
gp Q[3];
ap .slack_logic 5.150 ;
gp Q[4];
ap .slack_logic 5.150 ;
gp Q[5];
ap .slack_logic 5.150 ;
gp Q[6];
ap .slack_logic 5.150 ;
gp Q[7];
ap .slack_logic 5.150 ;
gp D[0];
ap .slack_logic 3.308 ;
gp D[1];
ap .slack_logic 3.308 ;
gp D[2];
ap .slack_logic 3.308 ;
gp D[3];
ap .slack_logic 3.308 ;
gp D[4];
ap .slack_logic 3.308 ;
gp D[5];
ap .slack_logic 3.308 ;
gp D[6];
ap .slack_logic 3.308 ;
gp D[7];
ap .slack_logic 3.308 ;
gp C;
ap .is_clock 1;
gp E;
ap .slack_logic 2.571 ;

gi data_1[7:0];
ai .slack_logic 2.571 ;
gp Q[0];
ap .slack_logic 5.150 ;
gp Q[1];
ap .slack_logic 5.150 ;
gp Q[2];
ap .slack_logic 5.150 ;
gp Q[3];
ap .slack_logic 5.150 ;
gp Q[4];
ap .slack_logic 5.150 ;
gp Q[5];
ap .slack_logic 5.150 ;
gp Q[6];
ap .slack_logic 5.150 ;
gp Q[7];
ap .slack_logic 5.150 ;
gp D[0];
ap .slack_logic 3.308 ;
gp D[1];
ap .slack_logic 3.308 ;
gp D[2];
ap .slack_logic 3.308 ;
gp D[3];
ap .slack_logic 3.308 ;
gp D[4];
ap .slack_logic 3.308 ;
gp D[5];
ap .slack_logic 3.308 ;
gp D[6];
ap .slack_logic 3.308 ;
gp D[7];
ap .slack_logic 3.308 ;
gp C;
ap .is_clock 1;
gp E;
ap .slack_logic 2.571 ;

gi data_2[7:0];
ai .slack_logic 2.571 ;
gp Q[0];
ap .slack_logic 5.150 ;
gp Q[1];
ap .slack_logic 5.150 ;
gp Q[2];
ap .slack_logic 5.150 ;
gp Q[3];
ap .slack_logic 5.150 ;
gp Q[4];
ap .slack_logic 5.150 ;
gp Q[5];
ap .slack_logic 5.150 ;
gp Q[6];
ap .slack_logic 5.150 ;
gp Q[7];
ap .slack_logic 5.150 ;
gp D[0];
ap .slack_logic 3.308 ;
gp D[1];
ap .slack_logic 3.308 ;
gp D[2];
ap .slack_logic 3.308 ;
gp D[3];
ap .slack_logic 3.308 ;
gp D[4];
ap .slack_logic 3.308 ;
gp D[5];
ap .slack_logic 3.308 ;
gp D[6];
ap .slack_logic 3.308 ;
gp D[7];
ap .slack_logic 3.308 ;
gp C;
ap .is_clock 1;
gp E;
ap .slack_logic 2.571 ;

gi data_3[7:0];
ai .slack_logic 2.571 ;
gp Q[0];
ap .slack_logic 5.150 ;
gp Q[1];
ap .slack_logic 5.150 ;
gp Q[2];
ap .slack_logic 5.150 ;
gp Q[3];
ap .slack_logic 5.150 ;
gp Q[4];
ap .slack_logic 5.150 ;
gp Q[5];
ap .slack_logic 5.150 ;
gp Q[6];
ap .slack_logic 5.150 ;
gp Q[7];
ap .slack_logic 5.150 ;
gp D[0];
ap .slack_logic 3.308 ;
gp D[1];
ap .slack_logic 3.308 ;
gp D[2];
ap .slack_logic 3.308 ;
gp D[3];
ap .slack_logic 3.308 ;
gp D[4];
ap .slack_logic 3.308 ;
gp D[5];
ap .slack_logic 3.308 ;
gp D[6];
ap .slack_logic 3.308 ;
gp D[7];
ap .slack_logic 3.308 ;
gp C;
ap .is_clock 1;
gp E;
ap .slack_logic 2.571 ;

gi data_4[7:0];
ai .slack_logic 2.571 ;
gp Q[0];
ap .slack_logic 5.093 ;
gp Q[1];
ap .slack_logic 5.093 ;
gp Q[2];
ap .slack_logic 5.093 ;
gp Q[3];
ap .slack_logic 5.093 ;
gp Q[4];
ap .slack_logic 5.093 ;
gp Q[5];
ap .slack_logic 5.093 ;
gp Q[6];
ap .slack_logic 5.093 ;
gp Q[7];
ap .slack_logic 5.093 ;
gp D[0];
ap .slack_logic 3.308 ;
gp D[1];
ap .slack_logic 3.308 ;
gp D[2];
ap .slack_logic 3.308 ;
gp D[3];
ap .slack_logic 3.308 ;
gp D[4];
ap .slack_logic 3.308 ;
gp D[5];
ap .slack_logic 3.308 ;
gp D[6];
ap .slack_logic 3.308 ;
gp D[7];
ap .slack_logic 3.308 ;
gp C;
ap .is_clock 1;
gp E;
ap .slack_logic 2.571 ;

gi data_5[7:0];
ai .slack_logic 2.571 ;
gp Q[0];
ap .slack_logic 5.093 ;
gp Q[1];
ap .slack_logic 5.093 ;
gp Q[2];
ap .slack_logic 5.093 ;
gp Q[3];
ap .slack_logic 5.093 ;
gp Q[4];
ap .slack_logic 5.093 ;
gp Q[5];
ap .slack_logic 5.093 ;
gp Q[6];
ap .slack_logic 5.093 ;
gp Q[7];
ap .slack_logic 5.093 ;
gp D[0];
ap .slack_logic 3.308 ;
gp D[1];
ap .slack_logic 3.308 ;
gp D[2];
ap .slack_logic 3.308 ;
gp D[3];
ap .slack_logic 3.308 ;
gp D[4];
ap .slack_logic 3.308 ;
gp D[5];
ap .slack_logic 3.308 ;
gp D[6];
ap .slack_logic 3.308 ;
gp D[7];
ap .slack_logic 3.308 ;
gp C;
ap .is_clock 1;
gp E;
ap .slack_logic 2.571 ;

gi data_6[7:0];
ai .slack_logic 2.571 ;
gp Q[0];
ap .slack_logic 5.093 ;
gp Q[1];
ap .slack_logic 5.093 ;
gp Q[2];
ap .slack_logic 5.093 ;
gp Q[3];
ap .slack_logic 5.093 ;
gp Q[4];
ap .slack_logic 5.093 ;
gp Q[5];
ap .slack_logic 5.093 ;
gp Q[6];
ap .slack_logic 5.093 ;
gp Q[7];
ap .slack_logic 5.093 ;
gp D[0];
ap .slack_logic 3.308 ;
gp D[1];
ap .slack_logic 3.308 ;
gp D[2];
ap .slack_logic 3.308 ;
gp D[3];
ap .slack_logic 3.308 ;
gp D[4];
ap .slack_logic 3.308 ;
gp D[5];
ap .slack_logic 3.308 ;
gp D[6];
ap .slack_logic 3.308 ;
gp D[7];
ap .slack_logic 3.308 ;
gp C;
ap .is_clock 1;
gp E;
ap .slack_logic 2.571 ;

gi data_7[7:0];
ai .slack_logic 2.571 ;
gp Q[0];
ap .slack_logic 5.093 ;
gp Q[1];
ap .slack_logic 5.093 ;
gp Q[2];
ap .slack_logic 5.093 ;
gp Q[3];
ap .slack_logic 5.093 ;
gp Q[4];
ap .slack_logic 5.093 ;
gp Q[5];
ap .slack_logic 5.093 ;
gp Q[6];
ap .slack_logic 5.093 ;
gp Q[7];
ap .slack_logic 5.093 ;
gp D[0];
ap .slack_logic 3.308 ;
gp D[1];
ap .slack_logic 3.308 ;
gp D[2];
ap .slack_logic 3.308 ;
gp D[3];
ap .slack_logic 3.308 ;
gp D[4];
ap .slack_logic 3.308 ;
gp D[5];
ap .slack_logic 3.308 ;
gp D[6];
ap .slack_logic 3.308 ;
gp D[7];
ap .slack_logic 3.308 ;
gp C;
ap .is_clock 1;
gp E;
ap .slack_logic 2.571 ;

gi data_8[7:0];
ai .slack_logic 2.486 ;
gp Q[0];
ap .slack_logic 5.150 ;
gp Q[1];
ap .slack_logic 5.150 ;
gp Q[2];
ap .slack_logic 5.150 ;
gp Q[3];
ap .slack_logic 5.150 ;
gp Q[4];
ap .slack_logic 5.150 ;
gp Q[5];
ap .slack_logic 5.150 ;
gp Q[6];
ap .slack_logic 5.150 ;
gp Q[7];
ap .slack_logic 5.150 ;
gp D[0];
ap .slack_logic 3.308 ;
gp D[1];
ap .slack_logic 3.308 ;
gp D[2];
ap .slack_logic 3.308 ;
gp D[3];
ap .slack_logic 3.308 ;
gp D[4];
ap .slack_logic 3.308 ;
gp D[5];
ap .slack_logic 3.308 ;
gp D[6];
ap .slack_logic 3.308 ;
gp D[7];
ap .slack_logic 3.308 ;
gp C;
ap .is_clock 1;
gp E;
ap .slack_logic 2.486 ;

gi data_9[7:0];
ai .slack_logic 2.486 ;
gp Q[0];
ap .slack_logic 5.150 ;
gp Q[1];
ap .slack_logic 5.150 ;
gp Q[2];
ap .slack_logic 5.150 ;
gp Q[3];
ap .slack_logic 5.150 ;
gp Q[4];
ap .slack_logic 5.150 ;
gp Q[5];
ap .slack_logic 5.150 ;
gp Q[6];
ap .slack_logic 5.150 ;
gp Q[7];
ap .slack_logic 5.150 ;
gp D[0];
ap .slack_logic 3.308 ;
gp D[1];
ap .slack_logic 3.308 ;
gp D[2];
ap .slack_logic 3.308 ;
gp D[3];
ap .slack_logic 3.308 ;
gp D[4];
ap .slack_logic 3.308 ;
gp D[5];
ap .slack_logic 3.308 ;
gp D[6];
ap .slack_logic 3.308 ;
gp D[7];
ap .slack_logic 3.308 ;
gp C;
ap .is_clock 1;
gp E;
ap .slack_logic 2.486 ;

gi data_10[7:0];
ai .slack_logic 2.486 ;
gp Q[0];
ap .slack_logic 5.150 ;
gp Q[1];
ap .slack_logic 5.150 ;
gp Q[2];
ap .slack_logic 5.150 ;
gp Q[3];
ap .slack_logic 5.150 ;
gp Q[4];
ap .slack_logic 5.150 ;
gp Q[5];
ap .slack_logic 5.150 ;
gp Q[6];
ap .slack_logic 5.150 ;
gp Q[7];
ap .slack_logic 5.150 ;
gp D[0];
ap .slack_logic 3.308 ;
gp D[1];
ap .slack_logic 3.308 ;
gp D[2];
ap .slack_logic 3.308 ;
gp D[3];
ap .slack_logic 3.308 ;
gp D[4];
ap .slack_logic 3.308 ;
gp D[5];
ap .slack_logic 3.308 ;
gp D[6];
ap .slack_logic 3.308 ;
gp D[7];
ap .slack_logic 3.308 ;
gp C;
ap .is_clock 1;
gp E;
ap .slack_logic 2.486 ;

gi data_11[7:0];
ai .slack_logic 2.486 ;
gp Q[0];
ap .slack_logic 5.150 ;
gp Q[1];
ap .slack_logic 5.150 ;
gp Q[2];
ap .slack_logic 5.150 ;
gp Q[3];
ap .slack_logic 5.150 ;
gp Q[4];
ap .slack_logic 5.150 ;
gp Q[5];
ap .slack_logic 5.150 ;
gp Q[6];
ap .slack_logic 5.150 ;
gp Q[7];
ap .slack_logic 5.150 ;
gp D[0];
ap .slack_logic 3.308 ;
gp D[1];
ap .slack_logic 3.308 ;
gp D[2];
ap .slack_logic 3.308 ;
gp D[3];
ap .slack_logic 3.308 ;
gp D[4];
ap .slack_logic 3.308 ;
gp D[5];
ap .slack_logic 3.308 ;
gp D[6];
ap .slack_logic 3.308 ;
gp D[7];
ap .slack_logic 3.308 ;
gp C;
ap .is_clock 1;
gp E;
ap .slack_logic 2.486 ;

gi data_12[7:0];
ai .slack_logic 2.486 ;
gp Q[0];
ap .slack_logic 5.093 ;
gp Q[1];
ap .slack_logic 5.093 ;
gp Q[2];
ap .slack_logic 5.093 ;
gp Q[3];
ap .slack_logic 5.093 ;
gp Q[4];
ap .slack_logic 5.093 ;
gp Q[5];
ap .slack_logic 5.093 ;
gp Q[6];
ap .slack_logic 5.093 ;
gp Q[7];
ap .slack_logic 5.093 ;
gp D[0];
ap .slack_logic 3.308 ;
gp D[1];
ap .slack_logic 3.308 ;
gp D[2];
ap .slack_logic 3.308 ;
gp D[3];
ap .slack_logic 3.308 ;
gp D[4];
ap .slack_logic 3.308 ;
gp D[5];
ap .slack_logic 3.308 ;
gp D[6];
ap .slack_logic 3.308 ;
gp D[7];
ap .slack_logic 3.308 ;
gp C;
ap .is_clock 1;
gp E;
ap .slack_logic 2.486 ;

gi data_13[7:0];
ai .slack_logic 2.486 ;
gp Q[0];
ap .slack_logic 5.093 ;
gp Q[1];
ap .slack_logic 5.093 ;
gp Q[2];
ap .slack_logic 5.093 ;
gp Q[3];
ap .slack_logic 5.093 ;
gp Q[4];
ap .slack_logic 5.093 ;
gp Q[5];
ap .slack_logic 5.093 ;
gp Q[6];
ap .slack_logic 5.093 ;
gp Q[7];
ap .slack_logic 5.093 ;
gp D[0];
ap .slack_logic 3.308 ;
gp D[1];
ap .slack_logic 3.308 ;
gp D[2];
ap .slack_logic 3.308 ;
gp D[3];
ap .slack_logic 3.308 ;
gp D[4];
ap .slack_logic 3.308 ;
gp D[5];
ap .slack_logic 3.308 ;
gp D[6];
ap .slack_logic 3.308 ;
gp D[7];
ap .slack_logic 3.308 ;
gp C;
ap .is_clock 1;
gp E;
ap .slack_logic 2.486 ;

gi data_14[7:0];
ai .slack_logic 2.486 ;
gp Q[0];
ap .slack_logic 5.093 ;
gp Q[1];
ap .slack_logic 5.093 ;
gp Q[2];
ap .slack_logic 5.093 ;
gp Q[3];
ap .slack_logic 5.093 ;
gp Q[4];
ap .slack_logic 5.093 ;
gp Q[5];
ap .slack_logic 5.093 ;
gp Q[6];
ap .slack_logic 5.093 ;
gp Q[7];
ap .slack_logic 5.093 ;
gp D[0];
ap .slack_logic 3.308 ;
gp D[1];
ap .slack_logic 3.308 ;
gp D[2];
ap .slack_logic 3.308 ;
gp D[3];
ap .slack_logic 3.308 ;
gp D[4];
ap .slack_logic 3.308 ;
gp D[5];
ap .slack_logic 3.308 ;
gp D[6];
ap .slack_logic 3.308 ;
gp D[7];
ap .slack_logic 3.308 ;
gp C;
ap .is_clock 1;
gp E;
ap .slack_logic 2.486 ;

gi data_15[7:0];
ai .slack_logic 2.486 ;
gp Q[0];
ap .slack_logic 5.093 ;
gp Q[1];
ap .slack_logic 5.093 ;
gp Q[2];
ap .slack_logic 5.093 ;
gp Q[3];
ap .slack_logic 5.093 ;
gp Q[4];
ap .slack_logic 5.093 ;
gp Q[5];
ap .slack_logic 5.093 ;
gp Q[6];
ap .slack_logic 5.093 ;
gp Q[7];
ap .slack_logic 5.093 ;
gp D[0];
ap .slack_logic 3.308 ;
gp D[1];
ap .slack_logic 3.308 ;
gp D[2];
ap .slack_logic 3.308 ;
gp D[3];
ap .slack_logic 3.308 ;
gp D[4];
ap .slack_logic 3.308 ;
gp D[5];
ap .slack_logic 3.308 ;
gp D[6];
ap .slack_logic 3.308 ;
gp D[7];
ap .slack_logic 3.308 ;
gp C;
ap .is_clock 1;
gp E;
ap .slack_logic 2.486 ;

gi data_out_2_1[7:0];
ai .slack_logic 5.093 ;
gp D0[1];
ap .slack_logic 5.150 ;
gp D0[2];
ap .slack_logic 5.150 ;
gp D0[3];
ap .slack_logic 5.150 ;
gp D0[4];
ap .slack_logic 5.150 ;
gp D0[5];
ap .slack_logic 5.150 ;
gp D0[6];
ap .slack_logic 5.150 ;
gp D0[7];
ap .slack_logic 5.150 ;
gp D0[8];
ap .slack_logic 5.150 ;
gp D1[1];
ap .slack_logic 5.150 ;
gp D1[2];
ap .slack_logic 5.150 ;
gp D1[3];
ap .slack_logic 5.150 ;
gp D1[4];
ap .slack_logic 5.150 ;
gp D1[5];
ap .slack_logic 5.150 ;
gp D1[6];
ap .slack_logic 5.150 ;
gp D1[7];
ap .slack_logic 5.150 ;
gp D1[8];
ap .slack_logic 5.150 ;
gp D2[1];
ap .slack_logic 5.150 ;
gp D2[2];
ap .slack_logic 5.150 ;
gp D2[3];
ap .slack_logic 5.150 ;
gp D2[4];
ap .slack_logic 5.150 ;
gp D2[5];
ap .slack_logic 5.150 ;
gp D2[6];
ap .slack_logic 5.150 ;
gp D2[7];
ap .slack_logic 5.150 ;
gp D2[8];
ap .slack_logic 5.150 ;
gp D3[1];
ap .slack_logic 5.150 ;
gp D3[2];
ap .slack_logic 5.150 ;
gp D3[3];
ap .slack_logic 5.150 ;
gp D3[4];
ap .slack_logic 5.150 ;
gp D3[5];
ap .slack_logic 5.150 ;
gp D3[6];
ap .slack_logic 5.150 ;
gp D3[7];
ap .slack_logic 5.150 ;
gp D3[8];
ap .slack_logic 5.150 ;
gp D4[1];
ap .slack_logic 5.093 ;
gp D4[2];
ap .slack_logic 5.093 ;
gp D4[3];
ap .slack_logic 5.093 ;
gp D4[4];
ap .slack_logic 5.093 ;
gp D4[5];
ap .slack_logic 5.093 ;
gp D4[6];
ap .slack_logic 5.093 ;
gp D4[7];
ap .slack_logic 5.093 ;
gp D4[8];
ap .slack_logic 5.093 ;
gp D5[1];
ap .slack_logic 5.093 ;
gp D5[2];
ap .slack_logic 5.093 ;
gp D5[3];
ap .slack_logic 5.093 ;
gp D5[4];
ap .slack_logic 5.093 ;
gp D5[5];
ap .slack_logic 5.093 ;
gp D5[6];
ap .slack_logic 5.093 ;
gp D5[7];
ap .slack_logic 5.093 ;
gp D5[8];
ap .slack_logic 5.093 ;
gp D6[1];
ap .slack_logic 5.093 ;
gp D6[2];
ap .slack_logic 5.093 ;
gp D6[3];
ap .slack_logic 5.093 ;
gp D6[4];
ap .slack_logic 5.093 ;
gp D6[5];
ap .slack_logic 5.093 ;
gp D6[6];
ap .slack_logic 5.093 ;
gp D6[7];
ap .slack_logic 5.093 ;
gp D6[8];
ap .slack_logic 5.093 ;
gp D7[1];
ap .slack_logic 5.093 ;
gp D7[2];
ap .slack_logic 5.093 ;
gp D7[3];
ap .slack_logic 5.093 ;
gp D7[4];
ap .slack_logic 5.093 ;
gp D7[5];
ap .slack_logic 5.093 ;
gp D7[6];
ap .slack_logic 5.093 ;
gp D7[7];
ap .slack_logic 5.093 ;
gp D7[8];
ap .slack_logic 5.093 ;

gi data_out_1[0];
ai .slack_logic 4.220 ;
gp Q[0];
ap .slack_logic 6.002 ;
gp D[0];
ap .slack_logic 4.763 ;
gp C;
ap .is_clock 1;
gp E;
ap .slack_logic 4.220 ;

gi data_out_1[1];
ai .slack_logic 4.220 ;
gp Q[0];
ap .slack_logic 6.002 ;
gp D[0];
ap .slack_logic 4.763 ;
gp C;
ap .is_clock 1;
gp E;
ap .slack_logic 4.220 ;

gi data_out_1[2];
ai .slack_logic 4.220 ;
gp Q[0];
ap .slack_logic 6.002 ;
gp D[0];
ap .slack_logic 4.763 ;
gp C;
ap .is_clock 1;
gp E;
ap .slack_logic 4.220 ;

gi data_out_1[3];
ai .slack_logic 4.220 ;
gp Q[0];
ap .slack_logic 6.002 ;
gp D[0];
ap .slack_logic 4.763 ;
gp C;
ap .is_clock 1;
gp E;
ap .slack_logic 4.220 ;

gi data_out_1[4];
ai .slack_logic 4.220 ;
gp Q[0];
ap .slack_logic 6.002 ;
gp D[0];
ap .slack_logic 4.763 ;
gp C;
ap .is_clock 1;
gp E;
ap .slack_logic 4.220 ;

gi data_out_1[5];
ai .slack_logic 4.220 ;
gp Q[0];
ap .slack_logic 6.002 ;
gp D[0];
ap .slack_logic 4.763 ;
gp C;
ap .is_clock 1;
gp E;
ap .slack_logic 4.220 ;

gi data_out_1[6];
ai .slack_logic 4.220 ;
gp Q[0];
ap .slack_logic 6.002 ;
gp D[0];
ap .slack_logic 4.763 ;
gp C;
ap .is_clock 1;
gp E;
ap .slack_logic 4.220 ;

gi data_out_1[7];
ai .slack_logic 4.220 ;
gp Q[0];
ap .slack_logic 6.002 ;
gp D[0];
ap .slack_logic 4.763 ;
gp C;
ap .is_clock 1;
gp E;
ap .slack_logic 4.220 ;

d U11;

gi sreg[0:8];
ai .slack_logic -0.988 ;
gp I[15];
ap .slack_logic 0.803 ;
gp C;
ap .is_clock 1;

gi term_rd_p1;
ai .slack_logic 0.803 ;
gp Q[0];
ap .slack_logic 0.803 ;
gp D[0];
ap .slack_logic 6.394 ;
gp C;
ap .is_clock 1;

gi notify_cnt_p[0:7];
ai .slack_logic 1.507 ;
gp I[5];
ap .slack_logic 1.590 ;
gp I[17];
ap .slack_logic 1.507 ;
gp C;
ap .is_clock 1;

gi elite_null;
ai .slack_logic 3.202 ;
gp Q[0];
ap .slack_logic 3.202 ;
gp D[0];
ap .slack_logic 4.798 ;
gp C;
ap .is_clock 1;

gi next_gene;
ai .slack_logic 4.382 ;
gp Q[0];
ap .slack_logic 4.382 ;
gp D[0];
ap .slack_logic 4.930 ;
gp C;
ap .is_clock 1;

gi we2;
ai .slack_logic 2.577 ;
gp Q[0];
ap .slack_logic 2.577 ;
gp D[0];
ap .slack_logic 3.346 ;
gp C;
ap .is_clock 1;

gi flag;
ai .slack_logic 4.502 ;
gp Q[0];
ap .slack_logic 4.502 ;
gp D[0];
ap .slack_logic 4.687 ;
gp C;
ap .is_clock 1;

gi un5_dummy_cnt_adapt[28:32];
ai .slack_logic -1.499 ;
gp D0[1];
ap .slack_logic -1.499 ;
gp D0[2];
ap .slack_logic -0.123 ;

gi run2;
ai .slack_logic 3.489 ;
gp Q[0];
ap .slack_logic 5.783 ;
gp D[0];
ap .slack_logic 3.489 ;
gp C;
ap .is_clock 1;

gi data_valid;
ai .slack_logic 0.684 ;
gp Q[0];
ap .slack_logic 0.684 ;
gp D[0];
ap .slack_logic 4.307 ;
gp C;
ap .is_clock 1;

gi cross_out;
ai .slack_logic 4.248 ;
gp Q[0];
ap .slack_logic 4.674 ;
gp D[0];
ap .slack_logic 4.248 ;
gp C;
ap .is_clock 1;

gi load;
ai .slack_logic 4.311 ;
gp D[0];
ap .slack_logic 4.311 ;
gp C;
ap .is_clock 1;

gi clear;
ai .slack_logic 2.606 ;
gp Q[0];
ap .slack_logic 2.606 ;
gp D[0];
ap .slack_logic 4.426 ;
gp C;
ap .is_clock 1;

gi mut_out;
ai .slack_logic 1.219 ;
gp Q[0];
ap .slack_logic 1.219 ;
gp D[0];
ap .slack_logic 4.531 ;
gp C;
ap .is_clock 1;

gi run;
ai .slack_logic 2.034 ;
gp Q[0];
ap .slack_logic 5.756 ;
gp D[0];
ap .slack_logic 2.034 ;
gp C;
ap .is_clock 1;

gi index_1[4:0];
ai .slack_logic -0.100 ;
gp Q[0];
ap .slack_logic 2.438 ;
gp Q[1];
ap .slack_logic 2.438 ;
gp Q[2];
ap .slack_logic 2.438 ;
gp Q[4];
ap .slack_logic 2.438 ;
gp D[0];
ap .slack_logic 0.342 ;
gp D[1];
ap .slack_logic 0.342 ;
gp D[2];
ap .slack_logic 0.342 ;
gp D[4];
ap .slack_logic -0.100 ;
gp C;
ap .is_clock 1;

gi run1;
ai .slack_logic 3.002 ;
gp Q[0];
ap .slack_logic 5.696 ;
gp D[0];
ap .slack_logic 3.002 ;
gp C;
ap .is_clock 1;

gi we1;
ai .slack_logic -0.199 ;
gp Q[0];
ap .slack_logic 4.201 ;
gp D[0];
ap .slack_logic -0.199 ;
gp C;
ap .is_clock 1;

gi decode;
ai .slack_logic 0.910 ;
gp Q[0];
ap .slack_logic 0.910 ;
gp D[0];
ap .slack_logic 2.742 ;
gp C;
ap .is_clock 1;

gi temp1[7:0];
ai .slack_logic -0.085 ;
gp Q[0];
ap .slack_logic 6.537 ;
gp Q[1];
ap .slack_logic 6.537 ;
gp Q[2];
ap .slack_logic 6.537 ;
gp Q[3];
ap .slack_logic 6.537 ;
gp Q[4];
ap .slack_logic 6.537 ;
gp Q[5];
ap .slack_logic 6.537 ;
gp Q[6];
ap .slack_logic 6.537 ;
gp Q[7];
ap .slack_logic 6.537 ;
gp D[0];
ap .slack_logic 2.662 ;
gp D[1];
ap .slack_logic 2.662 ;
gp D[2];
ap .slack_logic 2.662 ;
gp D[3];
ap .slack_logic 2.662 ;
gp D[4];
ap .slack_logic 2.662 ;
gp D[5];
ap .slack_logic 2.662 ;
gp D[6];
ap .slack_logic 2.662 ;
gp D[7];
ap .slack_logic 2.662 ;
gp C;
ap .is_clock 1;
gp E;
ap .slack_logic -0.085 ;

gi sel_out;
ai .slack_logic 2.709 ;
gp D[0];
ap .slack_logic 2.709 ;
gp C;
ap .is_clock 1;

gi term_out;
ai .slack_logic 3.341 ;
gp D[0];
ap .slack_logic 3.341 ;
gp C;
ap .is_clock 1;

gi data_out_cross1[7:0];
ai .slack_logic 6.537 ;
gp Q[0];
ap .slack_logic 6.537 ;
gp Q[1];
ap .slack_logic 6.537 ;
gp Q[2];
ap .slack_logic 6.537 ;
gp Q[3];
ap .slack_logic 6.537 ;
gp Q[4];
ap .slack_logic 6.537 ;
gp Q[5];
ap .slack_logic 6.537 ;
gp Q[6];
ap .slack_logic 6.537 ;
gp Q[7];
ap .slack_logic 6.537 ;
gp D[0];
ap .slack_logic 6.537 ;
gp D[1];
ap .slack_logic 6.537 ;
gp D[2];
ap .slack_logic 6.537 ;
gp D[3];
ap .slack_logic 6.537 ;
gp D[4];
ap .slack_logic 6.537 ;
gp D[5];
ap .slack_logic 6.537 ;
gp D[6];
ap .slack_logic 6.537 ;
gp D[7];
ap .slack_logic 6.537 ;
gp C;
ap .is_clock 1;

gi ga_fin;
ai .slack_logic 4.426 ;
gp Q[0];
ap .slack_logic 6.212 ;
gp D[0];
ap .slack_logic 4.426 ;
gp C;
ap .is_clock 1;

gi addr_2_1[3:0];
ai .slack_logic 1.430 ;
gp Q[0];
ap .slack_logic 2.725 ;
gp Q[1];
ap .slack_logic 2.687 ;
gp Q[2];
ap .slack_logic 2.621 ;
gp Q[3];
ap .slack_logic 2.486 ;
gp D[0];
ap .slack_logic 1.430 ;
gp D[1];
ap .slack_logic 1.430 ;
gp D[2];
ap .slack_logic 1.430 ;
gp D[3];
ap .slack_logic 1.430 ;
gp C;
ap .is_clock 1;

gi count_gen_p1[6:0];
ai .slack_logic 1.105 ;
gp Q[0];
ap .slack_logic 2.081 ;
gp Q[1];
ap .slack_logic 2.141 ;
gp Q[2];
ap .slack_logic 2.201 ;
gp Q[3];
ap .slack_logic 2.261 ;
gp Q[4];
ap .slack_logic 2.321 ;
gp Q[5];
ap .slack_logic 2.381 ;
gp Q[6];
ap .slack_logic 3.094 ;
gp D[0];
ap .slack_logic 4.039 ;
gp D[1];
ap .slack_logic 2.457 ;
gp D[2];
ap .slack_logic 2.397 ;
gp D[3];
ap .slack_logic 2.337 ;
gp D[4];
ap .slack_logic 2.277 ;
gp D[5];
ap .slack_logic 2.217 ;
gp D[6];
ap .slack_logic 2.157 ;
gp C;
ap .is_clock 1;

gi temp2[7:0];
ai .slack_logic -0.085 ;
gp Q[0];
ap .slack_logic 6.537 ;
gp Q[1];
ap .slack_logic 6.537 ;
gp Q[2];
ap .slack_logic 6.537 ;
gp Q[3];
ap .slack_logic 6.537 ;
gp Q[4];
ap .slack_logic 6.537 ;
gp Q[5];
ap .slack_logic 6.537 ;
gp Q[6];
ap .slack_logic 6.537 ;
gp Q[7];
ap .slack_logic 6.537 ;
gp D[0];
ap .slack_logic 2.662 ;
gp D[1];
ap .slack_logic 2.662 ;
gp D[2];
ap .slack_logic 2.662 ;
gp D[3];
ap .slack_logic 2.662 ;
gp D[4];
ap .slack_logic 2.662 ;
gp D[5];
ap .slack_logic 2.662 ;
gp D[6];
ap .slack_logic 2.662 ;
gp D[7];
ap .slack_logic 2.662 ;
gp C;
ap .is_clock 1;
gp E;
ap .slack_logic -0.085 ;

gi cnt_adapted;
gp C;
ap .is_clock 1;

gi count_sel_wr_p1[3:0];
ai .slack_logic -0.943 ;
gp Q[0];
ap .slack_logic -0.943 ;
gp Q[1];
ap .slack_logic -0.924 ;
gp Q[2];
ap .slack_logic -0.905 ;
gp Q[3];
ap .slack_logic -0.895 ;
gp D[0];
ap .slack_logic 1.487 ;
gp D[1];
ap .slack_logic 1.487 ;
gp D[2];
ap .slack_logic 2.011 ;
gp D[3];
ap .slack_logic 0.558 ;
gp C;
ap .is_clock 1;

gi valid;
ai .slack_logic -0.199 ;
gp Q[0];
ap .slack_logic 1.154 ;
gp D[0];
ap .slack_logic -0.199 ;
gp C;
ap .is_clock 1;

gi data_out_cross2[7:0];
ai .slack_logic 6.537 ;
gp Q[0];
ap .slack_logic 6.537 ;
gp Q[1];
ap .slack_logic 6.537 ;
gp Q[2];
ap .slack_logic 6.537 ;
gp Q[3];
ap .slack_logic 6.537 ;
gp Q[4];
ap .slack_logic 6.537 ;
gp Q[5];
ap .slack_logic 6.537 ;
gp Q[6];
ap .slack_logic 6.537 ;
gp Q[7];
ap .slack_logic 6.537 ;
gp D[0];
ap .slack_logic 6.537 ;
gp D[1];
ap .slack_logic 6.537 ;
gp D[2];
ap .slack_logic 6.537 ;
gp D[3];
ap .slack_logic 6.537 ;
gp D[4];
ap .slack_logic 6.537 ;
gp D[5];
ap .slack_logic 6.537 ;
gp D[6];
ap .slack_logic 6.537 ;
gp D[7];
ap .slack_logic 6.537 ;
gp C;
ap .is_clock 1;

gi count_parents_p1[3:0];
ai .slack_logic -0.988 ;
gp Q[0];
ap .slack_logic -0.890 ;
gp Q[1];
ap .slack_logic -0.881 ;
gp Q[2];
ap .slack_logic -0.862 ;
gp Q[3];
ap .slack_logic -0.843 ;
gp D[0];
ap .slack_logic -0.059 ;
gp D[1];
ap .slack_logic -0.059 ;
gp D[2];
ap .slack_logic -0.988 ;
gp D[3];
ap .slack_logic -0.988 ;
gp C;
ap .is_clock 1;

gi cnt_parents_1[3:0];
ai .slack_logic 0.757 ;
gp Q[0];
ap .slack_logic 0.795 ;
gp Q[1];
ap .slack_logic 0.795 ;
gp Q[2];
ap .slack_logic 0.757 ;
gp Q[3];
ap .slack_logic 0.757 ;
gp D[0];
ap .slack_logic 6.394 ;
gp D[1];
ap .slack_logic 6.404 ;
gp D[2];
ap .slack_logic 6.423 ;
gp D[3];
ap .slack_logic 6.442 ;
gp C;
ap .is_clock 1;

gi addr_1[31:0];
gp C;
ap .is_clock 1;

gi count_offs_p1[3:0];
ai .slack_logic -1.575 ;
gp Q[0];
ap .slack_logic -1.575 ;
gp Q[1];
ap .slack_logic -1.551 ;
gp D[0];
ap .slack_logic -0.199 ;
gp D[1];
ap .slack_logic -1.575 ;
gp C;
ap .is_clock 1;

gi incr[3:0];
gp C;
ap .is_clock 1;

gi run3;
ai .slack_logic 2.082 ;
gp Q[0];
ap .slack_logic 5.811 ;
gp D[0];
ap .slack_logic 2.082 ;
gp C;
ap .is_clock 1;

gi incr_p1[3:0];
ai .slack_logic -1.547 ;
gp Q[0];
ap .slack_logic -1.547 ;
gp Q[1];
ap .slack_logic -1.499 ;
gp Q[2];
ap .slack_logic -0.123 ;
gp Q[3];
ap .slack_logic 1.378 ;
gp D[0];
ap .slack_logic 5.522 ;
gp D[1];
ap .slack_logic 4.069 ;
gp D[2];
ap .slack_logic 4.069 ;
gp D[3];
ap .slack_logic 4.069 ;
gp C;
ap .is_clock 1;

gi count_cross_offs_p1[2:0];
ai .slack_logic 0.066 ;
gp Q[0];
ap .slack_logic 0.582 ;
gp Q[1];
ap .slack_logic 0.591 ;
gp Q[2];
ap .slack_logic 0.605 ;
gp D[0];
ap .slack_logic 1.442 ;
gp D[1];
ap .slack_logic 0.066 ;
gp D[2];
ap .slack_logic 0.066 ;
gp C;
ap .is_clock 1;

gi count_sel_rd_p1[3:0];
ai .slack_logic 1.358 ;
gp Q[0];
ap .slack_logic 3.487 ;
gp Q[1];
ap .slack_logic 3.487 ;
gp Q[2];
ap .slack_logic 3.506 ;
gp Q[3];
ap .slack_logic 3.572 ;
gp D[0];
ap .slack_logic 1.358 ;
gp D[1];
ap .slack_logic 1.358 ;
gp D[2];
ap .slack_logic 1.358 ;
gp D[3];
ap .slack_logic 1.358 ;
gp C;
ap .is_clock 1;

d U15;

gi case1.iwidth.0.ilatency.0.idin.intern_0[0];
gp C;
ap .is_clock 1;

gi case1.iwidth.1.ilatency.0.idin.intern_0[1];
gp C;
ap .is_clock 1;

gi case1.iwidth.2.ilatency.0.idin.intern_0[2];
gp C;
ap .is_clock 1;

gi case1.iwidth.3.ilatency.0.idin.intern_0[3];
gp C;
ap .is_clock 1;

gi case1.iwidth.4.ilatency.0.idin.intern_0[4];
gp C;
ap .is_clock 1;

gi case1.iwidth.5.ilatency.0.idin.intern_0[5];
gp C;
ap .is_clock 1;

gi case1.iwidth.6.ilatency.0.idin.intern_0[6];
gp C;
ap .is_clock 1;

gi case1.iwidth.7.ilatency.0.idin.intern_0[7];
gp C;
ap .is_clock 1;

gi case1.iwidth.8.ilatency.0.idin.intern_0[8];
gp C;
ap .is_clock 1;

gi case1.iwidth.9.ilatency.0.idin.intern_0[9];
gp C;
ap .is_clock 1;

gi case1.iwidth.10.ilatency.0.idin.intern_0[10];
gp C;
ap .is_clock 1;

gi case1.iwidth.11.ilatency.0.idin.intern_0[11];
gp C;
ap .is_clock 1;

gi case1.iwidth.12.ilatency.0.idin.intern_0[12];
gp C;
ap .is_clock 1;

gi case1.iwidth.13.ilatency.0.idin.intern_0[13];
gp C;
ap .is_clock 1;

gi case1.iwidth.14.ilatency.0.idin.intern_0[14];
gp C;
ap .is_clock 1;

gi case1.iwidth.15.ilatency.0.idin.intern_0[15];
gp C;
ap .is_clock 1;

d U16;

gi case1.iwidth.0.ilatency.0.idin.intern_0[0];
gp C;
ap .is_clock 1;

gi case1.iwidth.1.ilatency.0.idin.intern_0[1];
gp C;
ap .is_clock 1;

gi case1.iwidth.2.ilatency.0.idin.intern_0[2];
gp C;
ap .is_clock 1;

gi case1.iwidth.3.ilatency.0.idin.intern_0[3];
gp C;
ap .is_clock 1;

gi case1.iwidth.4.ilatency.0.idin.intern_0[4];
gp C;
ap .is_clock 1;

gi case1.iwidth.5.ilatency.0.idin.intern_0[5];
gp C;
ap .is_clock 1;

d U17;

gi case1.iwidth.0.ilatency.0.idin.intern_0[0];
gp C;
ap .is_clock 1;

gi case1.iwidth.1.ilatency.0.idin.intern_0[1];
gp C;
ap .is_clock 1;

gi case1.iwidth.2.ilatency.0.idin.intern_0[2];
gp C;
ap .is_clock 1;

gi case1.iwidth.3.ilatency.0.idin.intern_0[3];
gp C;
ap .is_clock 1;

n work ga str;

gi fit_limit_reach;
gp C;
ap .is_clock 1;

gi ga_fin;
gp C;
ap .is_clock 1;

gi run_ga;
gp C;
ap .is_clock 1;
av syn_information_type logic;

d U19;

gi case1.iwidth.0.ilatency.0.idin.intern_0[0];
gp C;
ap .is_clock 1;

gi case1.iwidth.1.ilatency.0.idin.intern_0[1];
gp C;
ap .is_clock 1;

d U18;

gi case1.iwidth.0.ilatency.0.idin.intern_0[0];
gp C;
ap .is_clock 1;

gi case1.iwidth.1.ilatency.0.idin.intern_0[1];
gp C;
ap .is_clock 1;

d U14;

gi case1.iwidth.0.ilatency.0.idin.intern_0[0];
gp C;
ap .is_clock 1;

gi case1.iwidth.1.ilatency.0.idin.intern_0[1];
gp C;
ap .is_clock 1;

gi case1.iwidth.2.ilatency.0.idin.intern_0[2];
gp C;
ap .is_clock 1;

gi case1.iwidth.3.ilatency.0.idin.intern_0[3];
gp C;
ap .is_clock 1;

gi case1.iwidth.4.ilatency.0.idin.intern_0[4];
gp C;
ap .is_clock 1;

gi case1.iwidth.5.ilatency.0.idin.intern_0[5];
gp C;
ap .is_clock 1;

gi case1.iwidth.6.ilatency.0.idin.intern_0[6];
gp C;
ap .is_clock 1;

gi case1.iwidth.7.ilatency.0.idin.intern_0[7];
gp C;
ap .is_clock 1;

d U13;

gi case1.iwidth.0.ilatency.0.idin.intern_0[0];
gp C;
ap .is_clock 1;

gi case1.iwidth.1.ilatency.0.idin.intern_0[1];
gp C;
ap .is_clock 1;

gi case1.iwidth.2.ilatency.0.idin.intern_0[2];
gp C;
ap .is_clock 1;

gi case1.iwidth.3.ilatency.0.idin.intern_0[3];
gp C;
ap .is_clock 1;

gi case1.iwidth.4.ilatency.0.idin.intern_0[4];
gp C;
ap .is_clock 1;

gi case1.iwidth.5.ilatency.0.idin.intern_0[5];
gp C;
ap .is_clock 1;

gi case1.iwidth.6.ilatency.0.idin.intern_0[6];
gp C;
ap .is_clock 1;

gi case1.iwidth.7.ilatency.0.idin.intern_0[7];
gp C;
ap .is_clock 1;

d U12;

gi case1.iwidth.0.ilatency.0.idin.intern_0[0];
gp C;
ap .is_clock 1;

gi case1.iwidth.1.ilatency.0.idin.intern_0[1];
gp C;
ap .is_clock 1;

gi case1.iwidth.2.ilatency.0.idin.intern_0[2];
gp C;
ap .is_clock 1;

gi case1.iwidth.3.ilatency.0.idin.intern_0[3];
gp C;
ap .is_clock 1;

gi case1.iwidth.4.ilatency.0.idin.intern_0[4];
gp C;
ap .is_clock 1;

gi case1.iwidth.5.ilatency.0.idin.intern_0[5];
gp C;
ap .is_clock 1;

gi case1.iwidth.6.ilatency.0.idin.intern_0[6];
gp C;
ap .is_clock 1;

gi case1.iwidth.7.ilatency.0.idin.intern_0[7];
gp C;
ap .is_clock 1;
