
d U0;

gi parallel_out_1[2];
ai .slack_logic 5.013 ;
gp Q[0];
ap .slack_logic 6.050 ;
gp D[0];
ap .slack_logic 5.013 ;
gp C;
ap .is_clock 1;

gi LFSR.lfsr_reg[2];
gp C;
ap .is_clock 1;

gi parallel_out_1[3];
ai .slack_logic 5.013 ;
gp Q[0];
ap .slack_logic 6.050 ;
gp D[0];
ap .slack_logic 5.013 ;
gp C;
ap .is_clock 1;

gi LFSR.lfsr_reg[3];
gp C;
ap .is_clock 1;

gi parallel_out_1[4];
ai .slack_logic 5.013 ;
gp Q[0];
ap .slack_logic 6.050 ;
gp D[0];
ap .slack_logic 5.013 ;
gp C;
ap .is_clock 1;

gi LFSR.lfsr_reg[4];
gp C;
ap .is_clock 1;

gi parallel_out_1[5];
ai .slack_logic 6.050 ;
gp Q[0];
ap .slack_logic 6.050 ;
gp D[0];
ap .slack_logic 6.423 ;
gp C;
ap .is_clock 1;

gi LFSR.lfsr_reg[5];
gp C;
ap .is_clock 1;

gi parallel_out_1[6];
ai .slack_logic 6.050 ;
gp Q[0];
ap .slack_logic 6.050 ;
gp D[0];
ap .slack_logic 6.423 ;
gp C;
ap .is_clock 1;

gi LFSR.lfsr_reg[6];
gp C;
ap .is_clock 1;

gi parallel_out_1[7];
ai .slack_logic 6.050 ;
gp Q[0];
ap .slack_logic 6.050 ;
gp D[0];
ap .slack_logic 6.423 ;
gp C;
ap .is_clock 1;

gi LFSR.lfsr_reg[7];
gp C;
ap .is_clock 1;

gi parallel_out_1[0];
ai .slack_logic 6.050 ;
gp Q[0];
ap .slack_logic 6.050 ;
gp D[0];
ap .slack_logic 6.389 ;
gp C;
ap .is_clock 1;

gi LFSR.lfsr_reg[0];
gp C;
ap .is_clock 1;

gi parallel_out_1[1];
ai .slack_logic 6.050 ;
gp Q[0];
ap .slack_logic 6.050 ;
gp D[0];
ap .slack_logic 6.423 ;
gp C;
ap .is_clock 1;

gi LFSR.lfsr_reg[1];
gp C;
ap .is_clock 1;

d U1;

gi parallel_out_1[2];
ai .slack_logic 1.134 ;
gp Q[0];
ap .slack_logic 1.134 ;
gp D[0];
ap .slack_logic 5.013 ;
gp C;
ap .is_clock 1;

gi LFSR.lfsr_reg[2];
gp C;
ap .is_clock 1;

gi parallel_out_1[3];
ai .slack_logic 1.134 ;
gp Q[0];
ap .slack_logic 1.134 ;
gp D[0];
ap .slack_logic 5.013 ;
gp C;
ap .is_clock 1;

gi LFSR.lfsr_reg[3];
gp C;
ap .is_clock 1;

gi parallel_out_1[5];
ai .slack_logic 2.063 ;
gp Q[0];
ap .slack_logic 2.063 ;
gp D[0];
ap .slack_logic 5.013 ;
gp C;
ap .is_clock 1;

gi LFSR.lfsr_reg[5];
gp C;
ap .is_clock 1;

gi parallel_out_1[4];
ai .slack_logic 1.553 ;
gp Q[0];
ap .slack_logic 1.553 ;
gp D[0];
ap .slack_logic 6.423 ;
gp C;
ap .is_clock 1;

gi LFSR.lfsr_reg[4];
gp C;
ap .is_clock 1;

gi parallel_out_1[6];
ai .slack_logic 2.063 ;
gp Q[0];
ap .slack_logic 2.063 ;
gp D[0];
ap .slack_logic 6.423 ;
gp C;
ap .is_clock 1;

gi LFSR.lfsr_reg[6];
gp C;
ap .is_clock 1;

gi parallel_out_1[7];
ai .slack_logic 2.482 ;
gp Q[0];
ap .slack_logic 2.482 ;
gp D[0];
ap .slack_logic 6.423 ;
gp C;
ap .is_clock 1;

gi LFSR.lfsr_reg[7];
gp C;
ap .is_clock 1;

gi parallel_out_1[8];
ai .slack_logic 5.521 ;
gp Q[0];
ap .slack_logic 5.521 ;
gp D[0];
ap .slack_logic 6.423 ;
gp C;
ap .is_clock 1;

gi LFSR.lfsr_reg[8];
gp C;
ap .is_clock 1;

gi parallel_out_1[9];
ai .slack_logic 6.002 ;
gp Q[0];
ap .slack_logic 6.002 ;
gp D[0];
ap .slack_logic 6.423 ;
gp C;
ap .is_clock 1;

gi LFSR.lfsr_reg[9];
gp C;
ap .is_clock 1;

gi parallel_out_1[10];
ai .slack_logic 6.002 ;
gp Q[0];
ap .slack_logic 6.002 ;
gp D[0];
ap .slack_logic 6.423 ;
gp C;
ap .is_clock 1;

gi LFSR.lfsr_reg[10];
gp C;
ap .is_clock 1;

gi parallel_out_1[11];
ai .slack_logic 4.592 ;
gp Q[0];
ap .slack_logic 4.592 ;
gp D[0];
ap .slack_logic 6.423 ;
gp C;
ap .is_clock 1;

gi LFSR.lfsr_reg[11];
gp C;
ap .is_clock 1;

gi parallel_out_1[12];
ai .slack_logic 6.002 ;
gp Q[0];
ap .slack_logic 6.002 ;
gp D[0];
ap .slack_logic 6.423 ;
gp C;
ap .is_clock 1;

gi LFSR.lfsr_reg[12];
gp C;
ap .is_clock 1;

gi parallel_out_1[13];
ai .slack_logic 6.002 ;
gp Q[0];
ap .slack_logic 6.002 ;
gp D[0];
ap .slack_logic 6.423 ;
gp C;
ap .is_clock 1;

gi LFSR.lfsr_reg[13];
gp C;
ap .is_clock 1;

gi parallel_out_1[14];
ai .slack_logic 6.002 ;
gp Q[0];
ap .slack_logic 6.002 ;
gp D[0];
ap .slack_logic 6.423 ;
gp C;
ap .is_clock 1;

gi LFSR.lfsr_reg[14];
gp C;
ap .is_clock 1;

gi parallel_out_1[15];
ai .slack_logic 5.521 ;
gp Q[0];
ap .slack_logic 5.521 ;
gp D[0];
ap .slack_logic 6.423 ;
gp C;
ap .is_clock 1;

gi LFSR.lfsr_reg[15];
gp C;
ap .is_clock 1;

gi parallel_out_1[0];
ai .slack_logic 1.181 ;
gp Q[0];
ap .slack_logic 1.181 ;
gp D[0];
ap .slack_logic 6.389 ;
gp C;
ap .is_clock 1;

gi LFSR.lfsr_reg[0];
gp C;
ap .is_clock 1;

gi parallel_out_1[1];
ai .slack_logic 1.134 ;
gp Q[0];
ap .slack_logic 1.134 ;
gp D[0];
ap .slack_logic 6.423 ;
gp C;
ap .is_clock 1;

gi LFSR.lfsr_reg[1];
gp C;
ap .is_clock 1;

d U2;

gi parallel_out_1[1];
ai .slack_logic 1.072 ;
gp Q[0];
ap .slack_logic 1.072 ;
gp D[0];
ap .slack_logic 5.027 ;
gp C;
ap .is_clock 1;

gi LFSR.lfsr_reg[1];
gp C;
ap .is_clock 1;

gi parallel_out_1[2];
ai .slack_logic 1.996 ;
gp Q[0];
ap .slack_logic 1.996 ;
gp D[0];
ap .slack_logic 6.423 ;
gp C;
ap .is_clock 1;

gi LFSR.lfsr_reg[2];
gp C;
ap .is_clock 1;

gi parallel_out_1[3];
ai .slack_logic 1.086 ;
gp Q[0];
ap .slack_logic 1.086 ;
gp D[0];
ap .slack_logic 6.423 ;
gp C;
ap .is_clock 1;

gi LFSR.lfsr_reg[3];
gp C;
ap .is_clock 1;

gi parallel_out_1[4];
ai .slack_logic 1.095 ;
gp Q[0];
ap .slack_logic 1.095 ;
gp D[0];
ap .slack_logic 6.423 ;
gp C;
ap .is_clock 1;

gi LFSR.lfsr_reg[4];
gp C;
ap .is_clock 1;

gi parallel_out_1[5];
ai .slack_logic 2.044 ;
gp Q[0];
ap .slack_logic 2.044 ;
gp D[0];
ap .slack_logic 6.423 ;
gp C;
ap .is_clock 1;

gi LFSR.lfsr_reg[5];
gp C;
ap .is_clock 1;

gi parallel_out_1[0];
ai .slack_logic 1.057 ;
gp Q[0];
ap .slack_logic 1.057 ;
gp D[0];
ap .slack_logic 6.404 ;
gp C;
ap .is_clock 1;

gi LFSR.lfsr_reg[0];
gp C;
ap .is_clock 1;

d U3;

gi parallel_out_1[1];
ai .slack_logic -1.768 ;
gp Q[0];
ap .slack_logic -1.768 ;
gp D[0];
ap .slack_logic 5.027 ;
gp C;
ap .is_clock 1;

gi LFSR.lfsr_reg[1];
gp C;
ap .is_clock 1;

gi parallel_out_1[2];
ai .slack_logic -1.768 ;
gp Q[0];
ap .slack_logic -1.768 ;
gp D[0];
ap .slack_logic 6.423 ;
gp C;
ap .is_clock 1;

gi LFSR.lfsr_reg[2];
gp C;
ap .is_clock 1;

gi parallel_out_1[3];
ai .slack_logic -1.768 ;
gp Q[0];
ap .slack_logic -1.768 ;
gp D[0];
ap .slack_logic 6.423 ;
gp C;
ap .is_clock 1;

gi LFSR.lfsr_reg[3];
gp C;
ap .is_clock 1;

gi parallel_out_1[0];
ai .slack_logic -1.768 ;
gp Q[0];
ap .slack_logic -1.768 ;
gp D[0];
ap .slack_logic 6.404 ;
gp C;
ap .is_clock 1;

gi LFSR.lfsr_reg[0];
gp C;
ap .is_clock 1;

d U4.U0;

gi done_p;
ai .slack_logic -0.807 ;
gp Q[0];
ap .slack_logic -0.807 ;
gp D[0];
ap .slack_logic 6.306 ;
gp C;
ap .is_clock 1;

gi gene[7:0];
ai .slack_logic 6.050 ;
gp B[0];
ap .slack_logic 6.050 ;
gp B[1];
ap .slack_logic 6.050 ;
gp B[2];
ap .slack_logic 6.050 ;
gp B[3];
ap .slack_logic 6.050 ;
gp B[4];
ap .slack_logic 6.050 ;
gp B[5];
ap .slack_logic 6.050 ;
gp B[6];
ap .slack_logic 6.050 ;
gp B[7];
ap .slack_logic 6.050 ;

gi temp[7:1];
ai .slack_logic -0.960 ;
gp Q[0];
ap .slack_logic -0.960 ;
gp Q[1];
ap .slack_logic -0.895 ;
gp Q[2];
ap .slack_logic -0.835 ;
gp Q[3];
ap .slack_logic -0.775 ;
gp Q[4];
ap .slack_logic -0.715 ;
gp Q[5];
ap .slack_logic -0.655 ;
gp Q[6];
ap .slack_logic 0.058 ;
gp D[0];
ap .slack_logic 5.802 ;
gp D[1];
ap .slack_logic 4.113 ;
gp D[2];
ap .slack_logic 4.113 ;
gp D[3];
ap .slack_logic 5.802 ;
gp D[4];
ap .slack_logic 4.113 ;
gp D[5];
ap .slack_logic 4.113 ;
gp D[6];
ap .slack_logic 4.113 ;
gp C;
ap .is_clock 1;
gp E;
ap .slack_logic 4.170 ;

gi temp[15];
ai .slack_logic 4.113 ;
gp Q[0];
ap .slack_logic 6.255 ;
gp D[0];
ap .slack_logic 4.113 ;
gp C;
ap .is_clock 1;
gp E;
ap .slack_logic 4.170 ;

d U4.U1;

gi un3_fit_sum[7:0];
ai .slack_logic 0.852 ;
gp A[5];
ap .slack_logic 0.852 ;
gp A[6];
ap .slack_logic 0.912 ;
gp A[7];
ap .slack_logic 0.972 ;

gi count_cycle[0:3];
ai .slack_logic 1.215 ;
gp C;
ap .is_clock 1;

gi elite_offs_1_5[31:0];
ai .slack_logic 6.002 ;
gp B[25];
ap .slack_logic 6.002 ;

gi fin;
ai .slack_logic 0.431 ;
gp Q[0];
ap .slack_logic 0.431 ;
gp D[0];
ap .slack_logic 2.997 ;
gp C;
ap .is_clock 1;
gp E;
ap .slack_logic 1.158 ;

gi max_fit[7:0];
ai .slack_logic 0.791 ;
gp Q[0];
ap .slack_logic 6.212 ;
gp Q[1];
ap .slack_logic 6.002 ;
gp Q[2];
ap .slack_logic 6.002 ;
gp Q[3];
ap .slack_logic 6.002 ;
gp Q[4];
ap .slack_logic 5.073 ;
gp Q[5];
ap .slack_logic 5.073 ;
gp Q[6];
ap .slack_logic 5.073 ;
gp Q[7];
ap .slack_logic 5.073 ;
gp D[0];
ap .slack_logic 2.997 ;
gp D[1];
ap .slack_logic 2.997 ;
gp D[2];
ap .slack_logic 2.997 ;
gp D[3];
ap .slack_logic 2.997 ;
gp D[4];
ap .slack_logic 2.997 ;
gp D[5];
ap .slack_logic 2.997 ;
gp D[6];
ap .slack_logic 2.997 ;
gp D[7];
ap .slack_logic 2.997 ;
gp C;
ap .is_clock 1;
gp E;
ap .slack_logic 0.791 ;

gi counter[0];
gp C;
ap .is_clock 1;

gi un55_valid;
ai .slack_logic 0.795 ;
gp A[0];
ap .slack_logic 0.795 ;

gi best_fit_0[7:0];
ai .slack_logic 0.722 ;
gp Q[0];
ap .slack_logic 5.113 ;
gp Q[1];
ap .slack_logic 3.697 ;
gp Q[2];
ap .slack_logic 3.697 ;
gp Q[3];
ap .slack_logic 3.697 ;
gp Q[4];
ap .slack_logic 3.697 ;
gp Q[5];
ap .slack_logic 5.113 ;
gp Q[6];
ap .slack_logic 5.113 ;
gp Q[7];
ap .slack_logic 5.113 ;
gp D[0];
ap .slack_logic 3.283 ;
gp D[1];
ap .slack_logic 3.283 ;
gp D[2];
ap .slack_logic 3.283 ;
gp D[3];
ap .slack_logic 3.283 ;
gp D[4];
ap .slack_logic 3.283 ;
gp D[5];
ap .slack_logic 3.283 ;
gp D[6];
ap .slack_logic 3.283 ;
gp D[7];
ap .slack_logic 3.283 ;
gp C;
ap .is_clock 1;
gp E;
ap .slack_logic 0.722 ;

gi elite_indexs_0[31:0];
ai .slack_logic 0.722 ;
gp Q[0];
ap .slack_logic 6.002 ;
gp Q[1];
ap .slack_logic 6.002 ;
gp Q[2];
ap .slack_logic 6.002 ;
gp Q[3];
ap .slack_logic 6.002 ;
gp Q[4];
ap .slack_logic 6.002 ;
gp Q[5];
ap .slack_logic 6.002 ;
gp Q[6];
ap .slack_logic 6.002 ;
gp Q[7];
ap .slack_logic 6.002 ;
gp Q[8];
ap .slack_logic 6.002 ;
gp Q[9];
ap .slack_logic 6.002 ;
gp Q[10];
ap .slack_logic 6.002 ;
gp Q[11];
ap .slack_logic 6.002 ;
gp Q[12];
ap .slack_logic 6.002 ;
gp Q[13];
ap .slack_logic 6.002 ;
gp Q[14];
ap .slack_logic 6.002 ;
gp Q[15];
ap .slack_logic 6.002 ;
gp Q[16];
ap .slack_logic 6.002 ;
gp Q[17];
ap .slack_logic 6.002 ;
gp Q[18];
ap .slack_logic 6.002 ;
gp Q[19];
ap .slack_logic 6.002 ;
gp Q[20];
ap .slack_logic 6.002 ;
gp Q[21];
ap .slack_logic 6.002 ;
gp Q[22];
ap .slack_logic 6.002 ;
gp Q[23];
ap .slack_logic 6.002 ;
gp Q[24];
ap .slack_logic 6.002 ;
gp Q[25];
ap .slack_logic 6.002 ;
gp Q[26];
ap .slack_logic 6.002 ;
gp Q[27];
ap .slack_logic 6.002 ;
gp Q[28];
ap .slack_logic 6.002 ;
gp Q[29];
ap .slack_logic 6.002 ;
gp Q[30];
ap .slack_logic 6.002 ;
gp Q[31];
ap .slack_logic 6.002 ;
gp D[0];
ap .slack_logic 3.283 ;
gp D[1];
ap .slack_logic 3.283 ;
gp D[2];
ap .slack_logic 3.283 ;
gp D[3];
ap .slack_logic 3.283 ;
gp D[4];
ap .slack_logic 3.283 ;
gp D[5];
ap .slack_logic 3.283 ;
gp D[6];
ap .slack_logic 3.283 ;
gp D[7];
ap .slack_logic 3.283 ;
gp D[8];
ap .slack_logic 3.283 ;
gp D[9];
ap .slack_logic 3.283 ;
gp D[10];
ap .slack_logic 3.283 ;
gp D[11];
ap .slack_logic 3.283 ;
gp D[12];
ap .slack_logic 3.283 ;
gp D[13];
ap .slack_logic 3.283 ;
gp D[14];
ap .slack_logic 3.283 ;
gp D[15];
ap .slack_logic 3.283 ;
gp D[16];
ap .slack_logic 3.283 ;
gp D[17];
ap .slack_logic 3.283 ;
gp D[18];
ap .slack_logic 3.283 ;
gp D[19];
ap .slack_logic 3.283 ;
gp D[20];
ap .slack_logic 3.283 ;
gp D[21];
ap .slack_logic 3.283 ;
gp D[22];
ap .slack_logic 3.283 ;
gp D[23];
ap .slack_logic 3.283 ;
gp D[24];
ap .slack_logic 3.283 ;
gp D[25];
ap .slack_logic 3.283 ;
gp D[26];
ap .slack_logic 3.283 ;
gp D[27];
ap .slack_logic 3.283 ;
gp D[28];
ap .slack_logic 3.283 ;
gp D[29];
ap .slack_logic 3.283 ;
gp D[30];
ap .slack_logic 3.283 ;
gp D[31];
ap .slack_logic 3.283 ;
gp C;
ap .is_clock 1;
gp E;
ap .slack_logic 0.722 ;

gi best_fit_prev_gen_0[7:0];
ai .slack_logic 0.644 ;
gp Q[0];
ap .slack_logic 1.159 ;
gp Q[5];
ap .slack_logic 0.852 ;
gp Q[6];
ap .slack_logic 0.912 ;
gp Q[7];
ap .slack_logic 0.972 ;
gp D[0];
ap .slack_logic 2.997 ;
gp D[5];
ap .slack_logic 2.997 ;
gp D[6];
ap .slack_logic 2.997 ;
gp D[7];
ap .slack_logic 2.997 ;
gp C;
ap .is_clock 1;
gp E;
ap .slack_logic 0.644 ;

gi best_fit_prev_gen_1[7:0];
ai .slack_logic 0.644 ;
gp Q[0];
ap .slack_logic 1.159 ;
gp Q[5];
ap .slack_logic 0.852 ;
gp Q[6];
ap .slack_logic 0.912 ;
gp Q[7];
ap .slack_logic 0.972 ;
gp D[0];
ap .slack_logic 3.887 ;
gp D[5];
ap .slack_logic 3.887 ;
gp D[6];
ap .slack_logic 3.887 ;
gp D[7];
ap .slack_logic 3.887 ;
gp C;
ap .is_clock 1;
gp E;
ap .slack_logic 0.644 ;

gi temp1_1[7:0];
gp C;
ap .is_clock 1;

gi temp2_0[7:0];
ai .slack_logic 0.027 ;
gp Q[0];
ap .slack_logic 0.027 ;
gp Q[1];
ap .slack_logic 0.049 ;
gp Q[2];
ap .slack_logic 0.109 ;
gp Q[3];
ap .slack_logic 0.169 ;
gp Q[4];
ap .slack_logic 0.229 ;
gp Q[5];
ap .slack_logic 0.289 ;
gp Q[6];
ap .slack_logic 0.349 ;
gp Q[7];
ap .slack_logic 0.409 ;
gp D[0];
ap .slack_logic 6.489 ;
gp D[1];
ap .slack_logic 6.489 ;
gp D[2];
ap .slack_logic 6.489 ;
gp D[3];
ap .slack_logic 6.489 ;
gp D[4];
ap .slack_logic 6.489 ;
gp D[5];
ap .slack_logic 6.489 ;
gp D[6];
ap .slack_logic 6.489 ;
gp D[7];
ap .slack_logic 6.489 ;
gp C;
ap .is_clock 1;
gp E;
ap .slack_logic 2.020 ;

gi elite_offs_0[31:0];
ai .slack_logic 0.644 ;
gp Q[0];
ap .slack_logic 3.657 ;
gp Q[1];
ap .slack_logic 3.657 ;
gp Q[2];
ap .slack_logic 3.717 ;
gp Q[3];
ap .slack_logic 3.764 ;
gp Q[4];
ap .slack_logic 3.824 ;
gp Q[5];
ap .slack_logic 3.824 ;
gp Q[6];
ap .slack_logic 3.884 ;
gp Q[7];
ap .slack_logic 3.884 ;
gp Q[8];
ap .slack_logic 3.944 ;
gp Q[9];
ap .slack_logic 3.944 ;
gp Q[10];
ap .slack_logic 4.004 ;
gp Q[11];
ap .slack_logic 4.004 ;
gp Q[12];
ap .slack_logic 4.064 ;
gp Q[13];
ap .slack_logic 4.064 ;
gp Q[14];
ap .slack_logic 4.124 ;
gp Q[15];
ap .slack_logic 4.124 ;
gp Q[16];
ap .slack_logic 4.184 ;
gp Q[17];
ap .slack_logic 4.184 ;
gp Q[18];
ap .slack_logic 4.244 ;
gp Q[19];
ap .slack_logic 4.244 ;
gp Q[20];
ap .slack_logic 4.304 ;
gp Q[21];
ap .slack_logic 4.304 ;
gp Q[22];
ap .slack_logic 4.364 ;
gp Q[23];
ap .slack_logic 4.364 ;
gp Q[24];
ap .slack_logic 4.424 ;
gp Q[25];
ap .slack_logic 4.424 ;
gp Q[26];
ap .slack_logic 4.484 ;
gp Q[27];
ap .slack_logic 4.484 ;
gp Q[28];
ap .slack_logic 4.544 ;
gp Q[29];
ap .slack_logic 4.544 ;
gp Q[30];
ap .slack_logic 4.604 ;
gp Q[31];
ap .slack_logic 4.604 ;
gp D[0];
ap .slack_logic 3.887 ;
gp D[1];
ap .slack_logic 3.887 ;
gp D[2];
ap .slack_logic 3.887 ;
gp D[3];
ap .slack_logic 3.887 ;
gp D[4];
ap .slack_logic 3.887 ;
gp D[5];
ap .slack_logic 3.887 ;
gp D[6];
ap .slack_logic 3.887 ;
gp D[7];
ap .slack_logic 3.887 ;
gp D[8];
ap .slack_logic 3.887 ;
gp D[9];
ap .slack_logic 3.887 ;
gp D[10];
ap .slack_logic 3.887 ;
gp D[11];
ap .slack_logic 3.887 ;
gp D[12];
ap .slack_logic 3.887 ;
gp D[13];
ap .slack_logic 3.887 ;
gp D[14];
ap .slack_logic 3.887 ;
gp D[15];
ap .slack_logic 3.887 ;
gp D[16];
ap .slack_logic 3.887 ;
gp D[17];
ap .slack_logic 3.887 ;
gp D[18];
ap .slack_logic 3.887 ;
gp D[19];
ap .slack_logic 3.887 ;
gp D[20];
ap .slack_logic 3.887 ;
gp D[21];
ap .slack_logic 3.887 ;
gp D[22];
ap .slack_logic 3.887 ;
gp D[23];
ap .slack_logic 3.887 ;
gp D[24];
ap .slack_logic 3.887 ;
gp D[25];
ap .slack_logic 3.887 ;
gp D[26];
ap .slack_logic 3.887 ;
gp D[27];
ap .slack_logic 3.887 ;
gp D[28];
ap .slack_logic 3.887 ;
gp D[29];
ap .slack_logic 3.887 ;
gp D[30];
ap .slack_logic 3.887 ;
gp D[31];
ap .slack_logic 3.887 ;
gp C;
ap .is_clock 1;
gp E;
ap .slack_logic 0.644 ;

gi elite_offs_1[31:0];
ai .slack_logic 0.644 ;
gp Q[0];
ap .slack_logic 3.704 ;
gp Q[1];
ap .slack_logic 3.704 ;
gp Q[2];
ap .slack_logic 3.764 ;
gp Q[3];
ap .slack_logic 3.764 ;
gp Q[4];
ap .slack_logic 3.824 ;
gp Q[5];
ap .slack_logic 3.824 ;
gp Q[6];
ap .slack_logic 3.884 ;
gp Q[7];
ap .slack_logic 3.884 ;
gp Q[8];
ap .slack_logic 3.944 ;
gp Q[9];
ap .slack_logic 3.944 ;
gp Q[10];
ap .slack_logic 4.004 ;
gp Q[11];
ap .slack_logic 4.004 ;
gp Q[12];
ap .slack_logic 4.064 ;
gp Q[13];
ap .slack_logic 4.064 ;
gp Q[14];
ap .slack_logic 4.124 ;
gp Q[15];
ap .slack_logic 4.124 ;
gp Q[16];
ap .slack_logic 4.184 ;
gp Q[17];
ap .slack_logic 4.184 ;
gp Q[18];
ap .slack_logic 4.244 ;
gp Q[19];
ap .slack_logic 4.244 ;
gp Q[20];
ap .slack_logic 4.304 ;
gp Q[21];
ap .slack_logic 4.304 ;
gp Q[22];
ap .slack_logic 4.364 ;
gp Q[23];
ap .slack_logic 4.364 ;
gp Q[24];
ap .slack_logic 4.424 ;
gp Q[25];
ap .slack_logic 4.424 ;
gp Q[26];
ap .slack_logic 4.484 ;
gp Q[27];
ap .slack_logic 4.484 ;
gp Q[28];
ap .slack_logic 4.544 ;
gp Q[29];
ap .slack_logic 4.544 ;
gp Q[30];
ap .slack_logic 4.604 ;
gp Q[31];
ap .slack_logic 4.604 ;
gp D[0];
ap .slack_logic 3.887 ;
gp D[1];
ap .slack_logic 3.887 ;
gp D[2];
ap .slack_logic 3.887 ;
gp D[3];
ap .slack_logic 3.887 ;
gp D[4];
ap .slack_logic 3.887 ;
gp D[5];
ap .slack_logic 3.887 ;
gp D[6];
ap .slack_logic 3.887 ;
gp D[7];
ap .slack_logic 3.887 ;
gp D[8];
ap .slack_logic 3.887 ;
gp D[9];
ap .slack_logic 3.887 ;
gp D[10];
ap .slack_logic 3.887 ;
gp D[11];
ap .slack_logic 3.887 ;
gp D[12];
ap .slack_logic 3.887 ;
gp D[13];
ap .slack_logic 3.887 ;
gp D[14];
ap .slack_logic 3.887 ;
gp D[15];
ap .slack_logic 3.887 ;
gp D[16];
ap .slack_logic 3.887 ;
gp D[17];
ap .slack_logic 3.887 ;
gp D[18];
ap .slack_logic 3.887 ;
gp D[19];
ap .slack_logic 3.887 ;
gp D[20];
ap .slack_logic 3.887 ;
gp D[21];
ap .slack_logic 3.887 ;
gp D[22];
ap .slack_logic 3.887 ;
gp D[23];
ap .slack_logic 3.887 ;
gp D[24];
ap .slack_logic 3.887 ;
gp D[25];
ap .slack_logic 3.887 ;
gp D[26];
ap .slack_logic 3.887 ;
gp D[27];
ap .slack_logic 3.887 ;
gp D[28];
ap .slack_logic 3.887 ;
gp D[29];
ap .slack_logic 3.887 ;
gp D[30];
ap .slack_logic 3.887 ;
gp D[31];
ap .slack_logic 3.887 ;
gp C;
ap .is_clock 1;
gp E;
ap .slack_logic 0.644 ;

gi temp_indexs_1_1[31:0];
gp C;
ap .is_clock 1;

gi temp_indexs_2_0[31:0];
ai .slack_logic 2.020 ;
gp Q[0];
ap .slack_logic 5.521 ;
gp Q[1];
ap .slack_logic 5.073 ;
gp Q[2];
ap .slack_logic 5.521 ;
gp Q[3];
ap .slack_logic 5.073 ;
gp Q[4];
ap .slack_logic 6.002 ;
gp Q[5];
ap .slack_logic 6.002 ;
gp Q[6];
ap .slack_logic 6.002 ;
gp Q[7];
ap .slack_logic 6.002 ;
gp Q[8];
ap .slack_logic 6.002 ;
gp Q[9];
ap .slack_logic 6.002 ;
gp Q[10];
ap .slack_logic 6.002 ;
gp Q[11];
ap .slack_logic 6.002 ;
gp Q[12];
ap .slack_logic 6.002 ;
gp Q[13];
ap .slack_logic 6.002 ;
gp Q[14];
ap .slack_logic 6.002 ;
gp Q[15];
ap .slack_logic 6.002 ;
gp Q[16];
ap .slack_logic 6.002 ;
gp Q[17];
ap .slack_logic 6.002 ;
gp Q[18];
ap .slack_logic 6.002 ;
gp Q[19];
ap .slack_logic 6.002 ;
gp Q[20];
ap .slack_logic 6.002 ;
gp Q[21];
ap .slack_logic 6.002 ;
gp Q[22];
ap .slack_logic 6.002 ;
gp Q[23];
ap .slack_logic 6.002 ;
gp Q[24];
ap .slack_logic 6.002 ;
gp Q[25];
ap .slack_logic 6.002 ;
gp Q[26];
ap .slack_logic 6.002 ;
gp Q[27];
ap .slack_logic 6.002 ;
gp Q[28];
ap .slack_logic 6.002 ;
gp Q[29];
ap .slack_logic 6.002 ;
gp Q[30];
ap .slack_logic 6.002 ;
gp Q[31];
ap .slack_logic 6.002 ;
gp D[0];
ap .slack_logic 6.489 ;
gp D[1];
ap .slack_logic 6.489 ;
gp D[2];
ap .slack_logic 6.489 ;
gp D[3];
ap .slack_logic 6.489 ;
gp D[4];
ap .slack_logic 6.489 ;
gp D[5];
ap .slack_logic 6.489 ;
gp D[6];
ap .slack_logic 6.489 ;
gp D[7];
ap .slack_logic 6.489 ;
gp D[8];
ap .slack_logic 6.489 ;
gp D[9];
ap .slack_logic 6.489 ;
gp D[10];
ap .slack_logic 6.489 ;
gp D[11];
ap .slack_logic 6.489 ;
gp D[12];
ap .slack_logic 6.489 ;
gp D[13];
ap .slack_logic 6.489 ;
gp D[14];
ap .slack_logic 6.489 ;
gp D[15];
ap .slack_logic 6.489 ;
gp D[16];
ap .slack_logic 6.489 ;
gp D[17];
ap .slack_logic 6.489 ;
gp D[18];
ap .slack_logic 6.489 ;
gp D[19];
ap .slack_logic 6.489 ;
gp D[20];
ap .slack_logic 6.489 ;
gp D[21];
ap .slack_logic 6.489 ;
gp D[22];
ap .slack_logic 6.489 ;
gp D[23];
ap .slack_logic 6.489 ;
gp D[24];
ap .slack_logic 6.489 ;
gp D[25];
ap .slack_logic 6.489 ;
gp D[26];
ap .slack_logic 6.489 ;
gp D[27];
ap .slack_logic 6.489 ;
gp D[28];
ap .slack_logic 6.489 ;
gp D[29];
ap .slack_logic 6.489 ;
gp D[30];
ap .slack_logic 6.489 ;
gp D[31];
ap .slack_logic 6.489 ;
gp C;
ap .is_clock 1;
gp E;
ap .slack_logic 2.020 ;

gi elite_indexs_1_7[31:0];
ai .slack_logic 5.121 ;
gp D1[3];
ap .slack_logic 5.569 ;
gp D1[4];
ap .slack_logic 5.121 ;
gp D1[7];
ap .slack_logic 6.050 ;
gp D1[8];
ap .slack_logic 6.050 ;
gp D1[9];
ap .slack_logic 6.050 ;
gp D1[10];
ap .slack_logic 6.050 ;
gp D1[11];
ap .slack_logic 6.050 ;
gp D1[12];
ap .slack_logic 6.050 ;
gp D1[13];
ap .slack_logic 6.050 ;
gp D1[15];
ap .slack_logic 6.050 ;
gp D1[16];
ap .slack_logic 6.050 ;
gp D1[17];
ap .slack_logic 6.050 ;
gp D1[20];
ap .slack_logic 6.050 ;
gp D1[21];
ap .slack_logic 6.050 ;
gp D1[22];
ap .slack_logic 6.050 ;
gp D1[23];
ap .slack_logic 6.050 ;
gp D1[24];
ap .slack_logic 6.050 ;
gp D1[25];
ap .slack_logic 6.050 ;
gp D1[26];
ap .slack_logic 6.050 ;
gp D1[28];
ap .slack_logic 6.050 ;
gp D1[29];
ap .slack_logic 6.050 ;
gp D1[30];
ap .slack_logic 6.050 ;

gi best_fit_1[7:0];
ai .slack_logic 0.002 ;
gp Q[0];
ap .slack_logic 6.002 ;
gp Q[1];
ap .slack_logic 4.143 ;
gp Q[2];
ap .slack_logic 4.143 ;
gp Q[3];
ap .slack_logic 4.143 ;
gp Q[4];
ap .slack_logic 4.143 ;
gp Q[5];
ap .slack_logic 6.002 ;
gp Q[6];
ap .slack_logic 6.002 ;
gp Q[7];
ap .slack_logic 6.002 ;
gp D[0];
ap .slack_logic 1.904 ;
gp D[1];
ap .slack_logic 1.770 ;
gp D[2];
ap .slack_logic 1.770 ;
gp D[3];
ap .slack_logic 1.770 ;
gp D[4];
ap .slack_logic 1.770 ;
gp D[5];
ap .slack_logic 1.770 ;
gp D[6];
ap .slack_logic 1.770 ;
gp D[7];
ap .slack_logic 1.770 ;
gp C;
ap .is_clock 1;
gp E;
ap .slack_logic 0.002 ;

gi elite_indexs_1[31:0];
ai .slack_logic 0.002 ;
gp Q[0];
ap .slack_logic 6.002 ;
gp Q[1];
ap .slack_logic 6.002 ;
gp Q[2];
ap .slack_logic 6.002 ;
gp Q[3];
ap .slack_logic 6.002 ;
gp Q[4];
ap .slack_logic 6.002 ;
gp Q[5];
ap .slack_logic 6.002 ;
gp Q[6];
ap .slack_logic 6.002 ;
gp Q[7];
ap .slack_logic 6.002 ;
gp Q[8];
ap .slack_logic 6.002 ;
gp Q[9];
ap .slack_logic 6.002 ;
gp Q[10];
ap .slack_logic 6.002 ;
gp Q[11];
ap .slack_logic 6.002 ;
gp Q[12];
ap .slack_logic 6.002 ;
gp Q[13];
ap .slack_logic 6.002 ;
gp Q[14];
ap .slack_logic 6.002 ;
gp Q[15];
ap .slack_logic 6.002 ;
gp Q[16];
ap .slack_logic 6.002 ;
gp Q[17];
ap .slack_logic 6.002 ;
gp Q[18];
ap .slack_logic 6.002 ;
gp Q[19];
ap .slack_logic 6.002 ;
gp Q[20];
ap .slack_logic 6.002 ;
gp Q[21];
ap .slack_logic 6.002 ;
gp Q[22];
ap .slack_logic 6.002 ;
gp Q[23];
ap .slack_logic 6.002 ;
gp Q[24];
ap .slack_logic 6.002 ;
gp Q[25];
ap .slack_logic 6.002 ;
gp Q[26];
ap .slack_logic 6.002 ;
gp Q[27];
ap .slack_logic 6.002 ;
gp Q[28];
ap .slack_logic 6.002 ;
gp Q[29];
ap .slack_logic 6.002 ;
gp Q[30];
ap .slack_logic 6.002 ;
gp Q[31];
ap .slack_logic 6.002 ;
gp D[0];
ap .slack_logic 1.309 ;
gp D[1];
ap .slack_logic 1.907 ;
gp D[2];
ap .slack_logic 1.309 ;
gp D[3];
ap .slack_logic 1.907 ;
gp D[4];
ap .slack_logic 1.585 ;
gp D[5];
ap .slack_logic 1.585 ;
gp D[6];
ap .slack_logic 1.585 ;
gp D[7];
ap .slack_logic 1.585 ;
gp D[8];
ap .slack_logic 1.585 ;
gp D[9];
ap .slack_logic 1.585 ;
gp D[10];
ap .slack_logic 1.585 ;
gp D[11];
ap .slack_logic 1.585 ;
gp D[12];
ap .slack_logic 1.585 ;
gp D[13];
ap .slack_logic 1.585 ;
gp D[14];
ap .slack_logic 1.585 ;
gp D[15];
ap .slack_logic 1.585 ;
gp D[16];
ap .slack_logic 1.585 ;
gp D[17];
ap .slack_logic 1.585 ;
gp D[18];
ap .slack_logic 1.585 ;
gp D[19];
ap .slack_logic 1.585 ;
gp D[20];
ap .slack_logic 1.585 ;
gp D[21];
ap .slack_logic 1.585 ;
gp D[22];
ap .slack_logic 1.585 ;
gp D[23];
ap .slack_logic 1.585 ;
gp D[24];
ap .slack_logic 1.585 ;
gp D[25];
ap .slack_logic 1.585 ;
gp D[26];
ap .slack_logic 1.585 ;
gp D[27];
ap .slack_logic 1.585 ;
gp D[28];
ap .slack_logic 1.585 ;
gp D[29];
ap .slack_logic 1.585 ;
gp D[30];
ap .slack_logic 1.585 ;
gp D[31];
ap .slack_logic 1.585 ;
gp C;
ap .is_clock 1;
gp E;
ap .slack_logic 0.002 ;

gi temp2_1[7:0];
ai .slack_logic 0.075 ;
gp Q[0];
ap .slack_logic 0.075 ;
gp Q[1];
ap .slack_logic 0.106 ;
gp Q[2];
ap .slack_logic 0.166 ;
gp Q[3];
ap .slack_logic 0.226 ;
gp Q[4];
ap .slack_logic 0.286 ;
gp Q[5];
ap .slack_logic 0.346 ;
gp Q[6];
ap .slack_logic 0.406 ;
gp Q[7];
ap .slack_logic 0.466 ;
gp D[0];
ap .slack_logic 6.489 ;
gp D[1];
ap .slack_logic 6.489 ;
gp D[2];
ap .slack_logic 6.489 ;
gp D[3];
ap .slack_logic 6.489 ;
gp D[4];
ap .slack_logic 6.489 ;
gp D[5];
ap .slack_logic 6.489 ;
gp D[6];
ap .slack_logic 6.489 ;
gp D[7];
ap .slack_logic 6.489 ;
gp C;
ap .is_clock 1;
gp E;
ap .slack_logic 2.020 ;

gi temp_indexs_2_1[31:0];
ai .slack_logic 2.020 ;
gp Q[0];
ap .slack_logic 5.569 ;
gp Q[1];
ap .slack_logic 5.121 ;
gp Q[2];
ap .slack_logic 5.569 ;
gp Q[3];
ap .slack_logic 5.121 ;
gp Q[4];
ap .slack_logic 6.050 ;
gp Q[5];
ap .slack_logic 6.050 ;
gp Q[6];
ap .slack_logic 6.050 ;
gp Q[7];
ap .slack_logic 6.050 ;
gp Q[8];
ap .slack_logic 6.050 ;
gp Q[9];
ap .slack_logic 6.050 ;
gp Q[10];
ap .slack_logic 6.050 ;
gp Q[11];
ap .slack_logic 6.050 ;
gp Q[12];
ap .slack_logic 6.050 ;
gp Q[13];
ap .slack_logic 6.050 ;
gp Q[14];
ap .slack_logic 6.050 ;
gp Q[15];
ap .slack_logic 6.050 ;
gp Q[16];
ap .slack_logic 6.050 ;
gp Q[17];
ap .slack_logic 6.050 ;
gp Q[18];
ap .slack_logic 6.050 ;
gp Q[19];
ap .slack_logic 6.050 ;
gp Q[20];
ap .slack_logic 6.050 ;
gp Q[21];
ap .slack_logic 6.050 ;
gp Q[22];
ap .slack_logic 6.050 ;
gp Q[23];
ap .slack_logic 6.050 ;
gp Q[24];
ap .slack_logic 6.050 ;
gp Q[25];
ap .slack_logic 6.050 ;
gp Q[26];
ap .slack_logic 6.050 ;
gp Q[27];
ap .slack_logic 6.050 ;
gp Q[28];
ap .slack_logic 6.050 ;
gp Q[29];
ap .slack_logic 6.050 ;
gp Q[30];
ap .slack_logic 6.050 ;
gp Q[31];
ap .slack_logic 6.050 ;
gp D[0];
ap .slack_logic 6.489 ;
gp D[1];
ap .slack_logic 6.489 ;
gp D[2];
ap .slack_logic 6.489 ;
gp D[3];
ap .slack_logic 6.489 ;
gp D[4];
ap .slack_logic 6.489 ;
gp D[5];
ap .slack_logic 6.489 ;
gp D[6];
ap .slack_logic 6.489 ;
gp D[7];
ap .slack_logic 6.489 ;
gp D[8];
ap .slack_logic 6.489 ;
gp D[9];
ap .slack_logic 6.489 ;
gp D[10];
ap .slack_logic 6.489 ;
gp D[11];
ap .slack_logic 6.489 ;
gp D[12];
ap .slack_logic 6.489 ;
gp D[13];
ap .slack_logic 6.489 ;
gp D[14];
ap .slack_logic 6.489 ;
gp D[15];
ap .slack_logic 6.489 ;
gp D[16];
ap .slack_logic 6.489 ;
gp D[17];
ap .slack_logic 6.489 ;
gp D[18];
ap .slack_logic 6.489 ;
gp D[19];
ap .slack_logic 6.489 ;
gp D[20];
ap .slack_logic 6.489 ;
gp D[21];
ap .slack_logic 6.489 ;
gp D[22];
ap .slack_logic 6.489 ;
gp D[23];
ap .slack_logic 6.489 ;
gp D[24];
ap .slack_logic 6.489 ;
gp D[25];
ap .slack_logic 6.489 ;
gp D[26];
ap .slack_logic 6.489 ;
gp D[27];
ap .slack_logic 6.489 ;
gp D[28];
ap .slack_logic 6.489 ;
gp D[29];
ap .slack_logic 6.489 ;
gp D[30];
ap .slack_logic 6.489 ;
gp D[31];
ap .slack_logic 6.489 ;
gp C;
ap .is_clock 1;
gp E;
ap .slack_logic 2.020 ;

gi fit_sum[10:0];
ai .slack_logic -1.768 ;
gp Q[0];
ap .slack_logic -1.768 ;
gp Q[1];
ap .slack_logic -1.768 ;
gp Q[2];
ap .slack_logic -1.768 ;
gp Q[3];
ap .slack_logic -1.768 ;
gp Q[4];
ap .slack_logic -1.768 ;
gp Q[5];
ap .slack_logic -1.768 ;
gp Q[6];
ap .slack_logic -1.768 ;
gp Q[7];
ap .slack_logic -1.768 ;
gp Q[8];
ap .slack_logic -1.768 ;
gp Q[9];
ap .slack_logic -1.768 ;
gp Q[10];
ap .slack_logic -1.768 ;
gp D[0];
ap .slack_logic 2.084 ;
gp D[1];
ap .slack_logic 0.807 ;
gp D[2];
ap .slack_logic -0.629 ;
gp D[3];
ap .slack_logic -0.540 ;
gp D[4];
ap .slack_logic -0.600 ;
gp D[5];
ap .slack_logic -0.660 ;
gp D[6];
ap .slack_logic -0.720 ;
gp D[7];
ap .slack_logic -0.780 ;
gp D[8];
ap .slack_logic -0.840 ;
gp D[9];
ap .slack_logic -0.900 ;
gp D[10];
ap .slack_logic -0.960 ;
gp C;
ap .is_clock 1;
gp E;
ap .slack_logic 0.791 ;

gi sum_p[10:0];
ai .slack_logic -0.960 ;
gp Q[0];
ap .slack_logic 2.448 ;
gp Q[1];
ap .slack_logic -0.865 ;
gp Q[2];
ap .slack_logic -0.804 ;
gp Q[3];
ap .slack_logic -0.745 ;
gp Q[4];
ap .slack_logic -0.685 ;
gp Q[5];
ap .slack_logic -0.625 ;
gp Q[6];
ap .slack_logic -0.565 ;
gp Q[7];
ap .slack_logic 0.149 ;
gp Q[8];
ap .slack_logic 0.610 ;
gp Q[9];
ap .slack_logic 1.323 ;
gp Q[10];
ap .slack_logic 2.036 ;
gp D[0];
ap .slack_logic 2.084 ;
gp D[1];
ap .slack_logic 0.807 ;
gp D[2];
ap .slack_logic -0.629 ;
gp D[3];
ap .slack_logic -0.540 ;
gp D[4];
ap .slack_logic -0.600 ;
gp D[5];
ap .slack_logic -0.660 ;
gp D[6];
ap .slack_logic -0.720 ;
gp D[7];
ap .slack_logic -0.780 ;
gp D[8];
ap .slack_logic -0.840 ;
gp D[9];
ap .slack_logic -0.900 ;
gp D[10];
ap .slack_logic -0.960 ;
gp C;
ap .is_clock 1;
gp E;
ap .slack_logic -0.815 ;

d U5;

gi count;
ai .slack_logic -0.780 ;
gp Q[0];
ap .slack_logic -0.780 ;
gp D[0];
ap .slack_logic 6.404 ;
gp C;
ap .is_clock 1;

gi cumSum_p1[10:0];
gp C;
ap .is_clock 1;

gi scalFitSum[14:0];
ai .slack_logic 2.552 ;
gp A[0];
ap .slack_logic 2.552 ;
gp A[1];
ap .slack_logic 2.612 ;
gp A[3];
ap .slack_logic 2.732 ;
gp A[4];
ap .slack_logic 2.821 ;
gp A[5];
ap .slack_logic 2.852 ;
gp A[6];
ap .slack_logic 2.941 ;
gp A[7];
ap .slack_logic 2.972 ;
gp A[8];
ap .slack_logic 3.061 ;
gp A[9];
ap .slack_logic 3.092 ;
gp A[10];
ap .slack_logic 3.152 ;

gi scalFitSum_p[14:0];
ai .slack_logic 1.618 ;
gp Q[0];
ap .slack_logic 2.552 ;
gp Q[1];
ap .slack_logic 2.612 ;
gp Q[2];
ap .slack_logic 2.437 ;
gp Q[3];
ap .slack_logic 2.732 ;
gp Q[4];
ap .slack_logic 2.821 ;
gp Q[5];
ap .slack_logic 2.852 ;
gp Q[6];
ap .slack_logic 2.941 ;
gp Q[7];
ap .slack_logic 2.972 ;
gp Q[8];
ap .slack_logic 3.061 ;
gp Q[9];
ap .slack_logic 3.092 ;
gp Q[10];
ap .slack_logic 3.152 ;
gp D[0];
ap .slack_logic 2.578 ;
gp D[1];
ap .slack_logic 2.482 ;
gp D[2];
ap .slack_logic 2.309 ;
gp D[3];
ap .slack_logic 2.290 ;
gp D[4];
ap .slack_logic 2.117 ;
gp D[5];
ap .slack_logic 2.098 ;
gp D[6];
ap .slack_logic 1.925 ;
gp D[7];
ap .slack_logic 1.906 ;
gp D[8];
ap .slack_logic 1.733 ;
gp D[9];
ap .slack_logic 1.714 ;
gp D[10];
ap .slack_logic 1.618 ;
gp C;
ap .is_clock 1;
gp R;
ap .slack_logic 3.852 ;

gi done_t;
gp C;
ap .is_clock 1;

gi temp_rd;
gp C;
ap .is_clock 1;

gi selParent_p[7:0];
gp C;
ap .is_clock 1;

d U6;

gi crossout1_0_sqmuxa;
ai .slack_logic 4.674 ;
gp I0[0];
ap .slack_logic 4.674 ;

gi done_t;
ai .slack_logic 4.150 ;
gp Q[0];
ap .slack_logic 4.150 ;
gp D[0];
ap .slack_logic 4.502 ;
gp C;
ap .is_clock 1;

gi crossout1_t[7:0];
gp C;
ap .is_clock 1;

d U7;

gi un10_clk;
ai .slack_logic 4.502 ;
gp I0[0];
ap .slack_logic 4.502 ;

gi done_p;
ai .slack_logic 2.063 ;
gp Q[0];
ap .slack_logic 2.644 ;
gp D[0];
ap .slack_logic 2.063 ;
gp C;
ap .is_clock 1;

gi count[3:0];
ai .slack_logic 0.562 ;
gp Q[0];
ap .slack_logic 0.629 ;
gp Q[1];
ap .slack_logic 0.639 ;
gp Q[2];
ap .slack_logic 0.562 ;
gp Q[3];
ap .slack_logic 0.572 ;
gp D[0];
ap .slack_logic 0.562 ;
gp D[1];
ap .slack_logic 0.562 ;
gp D[2];
ap .slack_logic 0.562 ;
gp D[3];
ap .slack_logic 0.562 ;
gp C;
ap .is_clock 1;

gi mutout_p1[7:0];
ai .slack_logic 0.178 ;
gp Q[0];
ap .slack_logic 5.521 ;
gp Q[3];
ap .slack_logic 5.521 ;
gp D[0];
ap .slack_logic 0.960 ;
gp D[3];
ap .slack_logic 0.178 ;
gp C;
ap .is_clock 1;
gp E;
ap .slack_logic 1.825 ;

d U8;

gi rd;
ai .slack_logic 1.081 ;
gp Q[0];
ap .slack_logic 1.081 ;
gp C;
ap .is_clock 1;

gi fitlim_rd;
ai .slack_logic 1.119 ;
gp Q[0];
ap .slack_logic 1.119 ;
gp D[0];
ap .slack_logic 5.073 ;
gp C;
ap .is_clock 1;

d U9;

gi wr_r;
ai .slack_logic 0.988 ;
gp Q[0];
ap .slack_logic 4.297 ;
gp D[0];
ap .slack_logic 0.988 ;
gp C;
ap .is_clock 1;

gi add_r[2:0];
gp C;
ap .is_clock 1;

gi data_out_cl[15];
gp C;
ap .is_clock 1;

gi data_out_cl_1[15];
gp C;
ap .is_clock 1;

gi data_out_cl_2[15];
gp C;
ap .is_clock 1;

gi data_out_cl_3[15];
gp C;
ap .is_clock 1;

gi data_out_cl_4[15];
gp C;
ap .is_clock 1;

gi data_out_cl_5[15];
gp C;
ap .is_clock 1;

gi data_out_cl_6[15];
gp C;
ap .is_clock 1;

gi data_out_cl_7[15];
gp C;
ap .is_clock 1;

gi data_out_cl_8[15];
gp C;
ap .is_clock 1;

gi data_out_cl_9[15];
gp C;
ap .is_clock 1;

gi data_out_cl_10[15];
gp C;
ap .is_clock 1;

gi data_out_cl_11[15];
gp C;
ap .is_clock 1;

gi data_out_cl_12[15];
gp C;
ap .is_clock 1;

gi data_out_cl_13[15];
gp C;
ap .is_clock 1;

gi data_out_cl_14[15];
gp C;
ap .is_clock 1;

gi data_out_cl_15[15];
gp C;
ap .is_clock 1;

gi data[15:0];
gp CLK;
ap .is_clock 1;

gi data_out_1[0];
ai .slack_logic 3.263 ;
gp Q[0];
ap .slack_logic 4.176 ;
gp D[0];
ap .slack_logic 3.263 ;
gp C;
ap .is_clock 1;
gp E;
ap .slack_logic 4.297 ;

gi data_out_1[1];
ai .slack_logic 3.263 ;
gp Q[0];
ap .slack_logic 4.236 ;
gp D[0];
ap .slack_logic 3.263 ;
gp C;
ap .is_clock 1;
gp E;
ap .slack_logic 4.297 ;

gi data_out_1[2];
ai .slack_logic 3.263 ;
gp Q[0];
ap .slack_logic 4.296 ;
gp D[0];
ap .slack_logic 3.263 ;
gp C;
ap .is_clock 1;
gp E;
ap .slack_logic 4.297 ;

gi data_out_1[3];
ai .slack_logic 3.263 ;
gp Q[0];
ap .slack_logic 4.356 ;
gp D[0];
ap .slack_logic 3.263 ;
gp C;
ap .is_clock 1;
gp E;
ap .slack_logic 4.297 ;

gi data_out_1[4];
ai .slack_logic 3.263 ;
gp Q[0];
ap .slack_logic 4.416 ;
gp D[0];
ap .slack_logic 3.263 ;
gp C;
ap .is_clock 1;
gp E;
ap .slack_logic 4.297 ;

gi data_out_1[5];
ai .slack_logic 3.263 ;
gp Q[0];
ap .slack_logic 4.476 ;
gp D[0];
ap .slack_logic 3.263 ;
gp C;
ap .is_clock 1;
gp E;
ap .slack_logic 4.297 ;

gi data_out_1[6];
ai .slack_logic 3.263 ;
gp Q[0];
ap .slack_logic 4.536 ;
gp D[0];
ap .slack_logic 3.263 ;
gp C;
ap .is_clock 1;
gp E;
ap .slack_logic 4.297 ;

gi data_out_1[7];
ai .slack_logic 3.263 ;
gp Q[0];
ap .slack_logic 4.596 ;
gp D[0];
ap .slack_logic 3.263 ;
gp C;
ap .is_clock 1;
gp E;
ap .slack_logic 4.297 ;

gi data_out_1[8];
ai .slack_logic 3.263 ;
gp Q[0];
ap .slack_logic 6.164 ;
gp D[0];
ap .slack_logic 3.263 ;
gp C;
ap .is_clock 1;
gp E;
ap .slack_logic 4.297 ;

gi data_out_1[9];
ai .slack_logic 3.263 ;
gp Q[0];
ap .slack_logic 6.164 ;
gp D[0];
ap .slack_logic 3.263 ;
gp C;
ap .is_clock 1;
gp E;
ap .slack_logic 4.297 ;

gi data_out_1[10];
ai .slack_logic 3.263 ;
gp Q[0];
ap .slack_logic 6.164 ;
gp D[0];
ap .slack_logic 3.263 ;
gp C;
ap .is_clock 1;
gp E;
ap .slack_logic 4.297 ;

gi data_out_1[11];
ai .slack_logic 3.263 ;
gp Q[0];
ap .slack_logic 6.164 ;
gp D[0];
ap .slack_logic 3.263 ;
gp C;
ap .is_clock 1;
gp E;
ap .slack_logic 4.297 ;

gi data_out_1[12];
ai .slack_logic 3.263 ;
gp Q[0];
ap .slack_logic 6.164 ;
gp D[0];
ap .slack_logic 3.263 ;
gp C;
ap .is_clock 1;
gp E;
ap .slack_logic 4.297 ;

gi data_out_1[13];
ai .slack_logic 3.263 ;
gp Q[0];
ap .slack_logic 6.164 ;
gp D[0];
ap .slack_logic 3.263 ;
gp C;
ap .is_clock 1;
gp E;
ap .slack_logic 4.297 ;

gi data_out_1[14];
ai .slack_logic 3.263 ;
gp Q[0];
ap .slack_logic 6.164 ;
gp D[0];
ap .slack_logic 3.263 ;
gp C;
ap .is_clock 1;
gp E;
ap .slack_logic 4.297 ;

gi data_out_1[15];
ai .slack_logic 3.263 ;
gp Q[0];
ap .slack_logic 6.164 ;
gp D[0];
ap .slack_logic 3.263 ;
gp C;
ap .is_clock 1;
gp E;
ap .slack_logic 4.297 ;

d U10;

gi wr_r;
ai .slack_logic 3.341 ;
gp Q[0];
ap .slack_logic 4.354 ;
gp D[0];
ap .slack_logic 3.341 ;
gp C;
ap .is_clock 1;

gi add_r[3:0];
ai .slack_logic 0.081 ;
gp Q[0];
ap .slack_logic 5.200 ;
gp Q[1];
ap .slack_logic 5.200 ;
gp Q[2];
ap .slack_logic 5.200 ;
gp Q[3];
ap .slack_logic 5.200 ;
gp D[0];
ap .slack_logic 0.081 ;
gp D[1];
ap .slack_logic 0.081 ;
gp D[2];
ap .slack_logic 0.081 ;
gp D[3];
ap .slack_logic 0.081 ;
gp C;
ap .is_clock 1;

gi data_out_cl[7];
gp C;
ap .is_clock 1;

gi data_out_cl_1[7];
gp C;
ap .is_clock 1;

gi data_out_cl_2[7];
gp C;
ap .is_clock 1;

gi data_out_cl_3[7];
gp C;
ap .is_clock 1;

gi data_out_cl_4[7];
gp C;
ap .is_clock 1;

gi data_out_cl_5[7];
gp C;
ap .is_clock 1;

gi data_out_cl_6[7];
gp C;
ap .is_clock 1;

gi data_out_cl_7[7];
gp C;
ap .is_clock 1;

gi data[7:0];
gp CLK;
ap .is_clock 1;

gi data_out_1[0];
ai .slack_logic 4.354 ;
gp Q[0];
ap .slack_logic 6.002 ;
gp D[0];
ap .slack_logic 5.200 ;
gp C;
ap .is_clock 1;
gp E;
ap .slack_logic 4.354 ;

gi data_out_1[1];
ai .slack_logic 4.354 ;
gp Q[0];
ap .slack_logic 6.002 ;
gp D[0];
ap .slack_logic 5.200 ;
gp C;
ap .is_clock 1;
gp E;
ap .slack_logic 4.354 ;

gi data_out_1[2];
ai .slack_logic 4.354 ;
gp Q[0];
ap .slack_logic 6.002 ;
gp D[0];
ap .slack_logic 5.200 ;
gp C;
ap .is_clock 1;
gp E;
ap .slack_logic 4.354 ;

gi data_out_1[3];
ai .slack_logic 4.354 ;
gp Q[0];
ap .slack_logic 6.002 ;
gp D[0];
ap .slack_logic 5.200 ;
gp C;
ap .is_clock 1;
gp E;
ap .slack_logic 4.354 ;

gi data_out_1[4];
ai .slack_logic 4.354 ;
gp Q[0];
ap .slack_logic 6.002 ;
gp D[0];
ap .slack_logic 5.200 ;
gp C;
ap .is_clock 1;
gp E;
ap .slack_logic 4.354 ;

gi data_out_1[5];
ai .slack_logic 4.354 ;
gp Q[0];
ap .slack_logic 6.002 ;
gp D[0];
ap .slack_logic 5.200 ;
gp C;
ap .is_clock 1;
gp E;
ap .slack_logic 4.354 ;

gi data_out_1[6];
ai .slack_logic 4.354 ;
gp Q[0];
ap .slack_logic 6.002 ;
gp D[0];
ap .slack_logic 5.200 ;
gp C;
ap .is_clock 1;
gp E;
ap .slack_logic 4.354 ;

gi data_out_1[7];
ai .slack_logic 4.354 ;
gp Q[0];
ap .slack_logic 6.002 ;
gp D[0];
ap .slack_logic 5.200 ;
gp C;
ap .is_clock 1;
gp E;
ap .slack_logic 4.354 ;

d U11;

gi sreg[0:8];
ai .slack_logic 0.347 ;
gp C;
ap .is_clock 1;

gi term_rd_p1;
ai .slack_logic 0.338 ;
gp Q[0];
ap .slack_logic 0.338 ;
gp D[0];
ap .slack_logic 6.404 ;
gp C;
ap .is_clock 1;

gi notify_cnt_p[0:7];
ai .slack_logic 0.431 ;
gp I[5];
ap .slack_logic 2.644 ;
gp I[17];
ap .slack_logic 0.431 ;
gp C;
ap .is_clock 1;

gi elite_null;
ai .slack_logic 1.301 ;
gp Q[0];
ap .slack_logic 1.301 ;
gp D[0];
ap .slack_logic 4.791 ;
gp C;
ap .is_clock 1;

gi next_gene;
ai .slack_logic 4.232 ;
gp Q[0];
ap .slack_logic 4.373 ;
gp D[0];
ap .slack_logic 4.232 ;
gp C;
ap .is_clock 1;

gi un6_count_sel_wr_p1;
ai .slack_logic -0.833 ;
gp I3[0];
ap .slack_logic -0.833 ;

gi flag;
ai .slack_logic 4.502 ;
gp Q[0];
ap .slack_logic 4.502 ;
gp D[0];
ap .slack_logic 4.689 ;
gp C;
ap .is_clock 1;

gi un5_dummy_cnt_adapt[28:32];
ai .slack_logic -1.413 ;
gp D0[1];
ap .slack_logic -1.413 ;
gp D0[2];
ap .slack_logic -0.037 ;

gi run2;
ai .slack_logic 3.550 ;
gp Q[0];
ap .slack_logic 5.783 ;
gp D[0];
ap .slack_logic 3.550 ;
gp C;
ap .is_clock 1;

gi data_valid;
ai .slack_logic -0.798 ;
gp Q[0];
ap .slack_logic -0.798 ;
gp D[0];
ap .slack_logic 3.525 ;
gp C;
ap .is_clock 1;

gi cross_out;
ai .slack_logic 3.468 ;
gp Q[0];
ap .slack_logic 4.674 ;
gp D[0];
ap .slack_logic 3.468 ;
gp C;
ap .is_clock 1;

gi load;
ai .slack_logic 4.304 ;
gp D[0];
ap .slack_logic 4.304 ;
gp C;
ap .is_clock 1;

gi mut_out;
ai .slack_logic 2.149 ;
gp Q[0];
ap .slack_logic 2.149 ;
gp D[0];
ap .slack_logic 4.503 ;
gp C;
ap .is_clock 1;

gi run;
ai .slack_logic 2.082 ;
gp Q[0];
ap .slack_logic 5.756 ;
gp D[0];
ap .slack_logic 2.082 ;
gp C;
ap .is_clock 1;

gi index[3:0];
ai .slack_logic 0.435 ;
gp Q[0];
ap .slack_logic 2.438 ;
gp Q[1];
ap .slack_logic 2.438 ;
gp Q[2];
ap .slack_logic 2.438 ;
gp Q[3];
ap .slack_logic 2.438 ;
gp D[0];
ap .slack_logic 1.648 ;
gp D[1];
ap .slack_logic 1.648 ;
gp D[2];
ap .slack_logic 0.435 ;
gp D[3];
ap .slack_logic 0.881 ;
gp C;
ap .is_clock 1;

gi run1;
ai .slack_logic 3.063 ;
gp Q[0];
ap .slack_logic 5.696 ;
gp D[0];
ap .slack_logic 3.063 ;
gp C;
ap .is_clock 1;

gi decode;
ai .slack_logic 0.910 ;
gp Q[0];
ap .slack_logic 0.910 ;
gp D[0];
ap .slack_logic 2.064 ;
gp C;
ap .is_clock 1;

gi temp1[7:0];
ai .slack_logic 0.271 ;
gp Q[0];
ap .slack_logic 6.537 ;
gp Q[1];
ap .slack_logic 6.537 ;
gp Q[2];
ap .slack_logic 6.537 ;
gp Q[3];
ap .slack_logic 6.537 ;
gp Q[4];
ap .slack_logic 6.537 ;
gp Q[5];
ap .slack_logic 6.537 ;
gp Q[6];
ap .slack_logic 6.537 ;
gp Q[7];
ap .slack_logic 6.537 ;
gp D[0];
ap .slack_logic 3.468 ;
gp D[1];
ap .slack_logic 3.468 ;
gp D[2];
ap .slack_logic 3.468 ;
gp D[3];
ap .slack_logic 3.468 ;
gp D[4];
ap .slack_logic 3.468 ;
gp D[5];
ap .slack_logic 3.468 ;
gp D[6];
ap .slack_logic 3.468 ;
gp D[7];
ap .slack_logic 3.468 ;
gp C;
ap .is_clock 1;
gp E;
ap .slack_logic 0.271 ;

gi sel_out;
ai .slack_logic 1.929 ;
gp Q[0];
ap .slack_logic 3.852 ;
gp D[0];
ap .slack_logic 1.929 ;
gp C;
ap .is_clock 1;

gi term_out;
ai .slack_logic 2.110 ;
gp D[0];
ap .slack_logic 2.110 ;
gp C;
ap .is_clock 1;

gi data_out_cross1[7:0];
ai .slack_logic 6.537 ;
gp Q[0];
ap .slack_logic 6.537 ;
gp Q[1];
ap .slack_logic 6.537 ;
gp Q[2];
ap .slack_logic 6.537 ;
gp Q[3];
ap .slack_logic 6.537 ;
gp Q[4];
ap .slack_logic 6.537 ;
gp Q[5];
ap .slack_logic 6.537 ;
gp Q[6];
ap .slack_logic 6.537 ;
gp Q[7];
ap .slack_logic 6.537 ;
gp D[0];
ap .slack_logic 6.537 ;
gp D[1];
ap .slack_logic 6.537 ;
gp D[2];
ap .slack_logic 6.537 ;
gp D[3];
ap .slack_logic 6.537 ;
gp D[4];
ap .slack_logic 6.537 ;
gp D[5];
ap .slack_logic 6.537 ;
gp D[6];
ap .slack_logic 6.537 ;
gp D[7];
ap .slack_logic 6.537 ;
gp C;
ap .is_clock 1;

gi ga_fin;
ai .slack_logic 3.174 ;
gp Q[0];
ap .slack_logic 6.212 ;
gp D[0];
ap .slack_logic 3.174 ;
gp C;
ap .is_clock 1;

gi count_gen_p1[6:0];
ai .slack_logic -0.286 ;
gp Q[0];
ap .slack_logic 3.071 ;
gp Q[1];
ap .slack_logic 3.131 ;
gp Q[2];
ap .slack_logic 3.191 ;
gp Q[3];
ap .slack_logic -0.286 ;
gp Q[4];
ap .slack_logic -0.286 ;
gp Q[5];
ap .slack_logic 4.024 ;
gp Q[6];
ap .slack_logic -0.286 ;
gp D[0];
ap .slack_logic 4.032 ;
gp D[1];
ap .slack_logic 2.450 ;
gp D[2];
ap .slack_logic 2.391 ;
gp D[3];
ap .slack_logic 3.249 ;
gp D[4];
ap .slack_logic 3.189 ;
gp D[5];
ap .slack_logic 2.211 ;
gp D[6];
ap .slack_logic 3.069 ;
gp C;
ap .is_clock 1;

gi temp2[7:0];
ai .slack_logic -0.300 ;
gp Q[0];
ap .slack_logic 6.537 ;
gp Q[1];
ap .slack_logic 6.537 ;
gp Q[2];
ap .slack_logic 6.537 ;
gp Q[3];
ap .slack_logic 6.537 ;
gp Q[4];
ap .slack_logic 6.537 ;
gp Q[5];
ap .slack_logic 6.537 ;
gp Q[6];
ap .slack_logic 6.537 ;
gp Q[7];
ap .slack_logic 6.537 ;
gp D[0];
ap .slack_logic 3.468 ;
gp D[1];
ap .slack_logic 3.468 ;
gp D[2];
ap .slack_logic 3.468 ;
gp D[3];
ap .slack_logic 3.468 ;
gp D[4];
ap .slack_logic 3.468 ;
gp D[5];
ap .slack_logic 3.468 ;
gp D[6];
ap .slack_logic 3.468 ;
gp D[7];
ap .slack_logic 3.468 ;
gp C;
ap .is_clock 1;
gp E;
ap .slack_logic -0.300 ;

gi cnt_adapted;
gp C;
ap .is_clock 1;

gi count_sel_wr_p1[3:0];
ai .slack_logic -0.880 ;
gp Q[0];
ap .slack_logic -0.880 ;
gp Q[1];
ap .slack_logic -0.861 ;
gp Q[2];
ap .slack_logic -0.842 ;
gp Q[3];
ap .slack_logic -0.833 ;
gp D[0];
ap .slack_logic 1.425 ;
gp D[1];
ap .slack_logic 1.425 ;
gp D[2];
ap .slack_logic 0.496 ;
gp D[3];
ap .slack_logic 0.496 ;
gp C;
ap .is_clock 1;

gi valid;
ai .slack_logic -0.815 ;
gp Q[0];
ap .slack_logic -0.815 ;
gp D[0];
ap .slack_logic -0.118 ;
gp C;
ap .is_clock 1;

gi data_out_cross2[7:0];
ai .slack_logic 6.537 ;
gp Q[0];
ap .slack_logic 6.537 ;
gp Q[1];
ap .slack_logic 6.537 ;
gp Q[2];
ap .slack_logic 6.537 ;
gp Q[3];
ap .slack_logic 6.537 ;
gp Q[4];
ap .slack_logic 6.537 ;
gp Q[5];
ap .slack_logic 6.537 ;
gp Q[6];
ap .slack_logic 6.537 ;
gp Q[7];
ap .slack_logic 6.537 ;
gp D[0];
ap .slack_logic 6.537 ;
gp D[1];
ap .slack_logic 6.537 ;
gp D[2];
ap .slack_logic 6.537 ;
gp D[3];
ap .slack_logic 6.537 ;
gp D[4];
ap .slack_logic 6.537 ;
gp D[5];
ap .slack_logic 6.537 ;
gp D[6];
ap .slack_logic 6.537 ;
gp D[7];
ap .slack_logic 6.537 ;
gp C;
ap .is_clock 1;

gi count_parents_p1[3:0];
ai .slack_logic 0.020 ;
gp Q[0];
ap .slack_logic 0.505 ;
gp Q[1];
ap .slack_logic 0.505 ;
gp Q[2];
ap .slack_logic 0.524 ;
gp D[0];
ap .slack_logic 1.397 ;
gp D[1];
ap .slack_logic 0.020 ;
gp D[2];
ap .slack_logic 0.020 ;
gp C;
ap .is_clock 1;

gi cnt_parents_1[3:0];
ai .slack_logic 0.757 ;
gp Q[0];
ap .slack_logic 0.795 ;
gp Q[1];
ap .slack_logic 0.795 ;
gp Q[2];
ap .slack_logic 0.757 ;
gp D[0];
ap .slack_logic 6.404 ;
gp D[1];
ap .slack_logic 6.404 ;
gp D[2];
ap .slack_logic 6.423 ;
gp C;
ap .is_clock 1;

gi count_offs_p1[3:0];
ai .slack_logic -1.494 ;
gp Q[0];
ap .slack_logic -1.494 ;
gp Q[1];
ap .slack_logic -1.466 ;
gp Q[3];
ap .slack_logic -0.319 ;
gp D[0];
ap .slack_logic -0.118 ;
gp D[1];
ap .slack_logic -1.494 ;
gp D[3];
ap .slack_logic -0.952 ;
gp C;
ap .is_clock 1;

gi incr[3:0];
gp C;
ap .is_clock 1;

gi run3;
ai .slack_logic 2.043 ;
gp Q[0];
ap .slack_logic 5.811 ;
gp D[0];
ap .slack_logic 2.043 ;
gp C;
ap .is_clock 1;

gi incr_p1[3:0];
ai .slack_logic -1.470 ;
gp Q[0];
ap .slack_logic -1.470 ;
gp Q[1];
ap .slack_logic -1.413 ;
gp Q[2];
ap .slack_logic -0.037 ;
gp Q[3];
ap .slack_logic 1.416 ;
gp D[0];
ap .slack_logic 5.608 ;
gp D[1];
ap .slack_logic 4.155 ;
gp D[2];
ap .slack_logic 4.155 ;
gp D[3];
ap .slack_logic 4.155 ;
gp C;
ap .is_clock 1;

gi count_cross_offs_p1[2:0];
ai .slack_logic -0.386 ;
gp Q[0];
ap .slack_logic 0.360 ;
gp Q[1];
ap .slack_logic 0.395 ;
gp Q[2];
ap .slack_logic 0.448 ;
gp D[0];
ap .slack_logic 0.419 ;
gp D[1];
ap .slack_logic -0.386 ;
gp D[2];
ap .slack_logic -0.386 ;
gp C;
ap .is_clock 1;

gi count_sel_rd_p1[3:0];
ai .slack_logic 0.696 ;
gp Q[0];
ap .slack_logic 3.487 ;
gp Q[1];
ap .slack_logic 3.487 ;
gp Q[2];
ap .slack_logic 3.506 ;
gp Q[3];
ap .slack_logic 3.572 ;
gp D[0];
ap .slack_logic 1.353 ;
gp D[1];
ap .slack_logic 0.696 ;
gp D[2];
ap .slack_logic 0.696 ;
gp D[3];
ap .slack_logic 1.143 ;
gp C;
ap .is_clock 1;

d U15;

gi case1.iwidth.0.ilatency.0.idin.intern_0[0];
gp C;
ap .is_clock 1;

gi case1.iwidth.1.ilatency.0.idin.intern_0[1];
gp C;
ap .is_clock 1;

gi case1.iwidth.2.ilatency.0.idin.intern_0[2];
gp C;
ap .is_clock 1;

gi case1.iwidth.3.ilatency.0.idin.intern_0[3];
gp C;
ap .is_clock 1;

gi case1.iwidth.4.ilatency.0.idin.intern_0[4];
gp C;
ap .is_clock 1;

gi case1.iwidth.5.ilatency.0.idin.intern_0[5];
gp C;
ap .is_clock 1;

gi case1.iwidth.6.ilatency.0.idin.intern_0[6];
gp C;
ap .is_clock 1;

gi case1.iwidth.7.ilatency.0.idin.intern_0[7];
gp C;
ap .is_clock 1;

gi case1.iwidth.8.ilatency.0.idin.intern_0[8];
gp C;
ap .is_clock 1;

gi case1.iwidth.9.ilatency.0.idin.intern_0[9];
gp C;
ap .is_clock 1;

gi case1.iwidth.10.ilatency.0.idin.intern_0[10];
gp C;
ap .is_clock 1;

gi case1.iwidth.11.ilatency.0.idin.intern_0[11];
gp C;
ap .is_clock 1;

gi case1.iwidth.12.ilatency.0.idin.intern_0[12];
gp C;
ap .is_clock 1;

gi case1.iwidth.13.ilatency.0.idin.intern_0[13];
gp C;
ap .is_clock 1;

gi case1.iwidth.14.ilatency.0.idin.intern_0[14];
gp C;
ap .is_clock 1;

gi case1.iwidth.15.ilatency.0.idin.intern_0[15];
gp C;
ap .is_clock 1;

d U16;

gi case1.iwidth.0.ilatency.0.idin.intern_0[0];
gp C;
ap .is_clock 1;

gi case1.iwidth.1.ilatency.0.idin.intern_0[1];
gp C;
ap .is_clock 1;

gi case1.iwidth.2.ilatency.0.idin.intern_0[2];
gp C;
ap .is_clock 1;

gi case1.iwidth.3.ilatency.0.idin.intern_0[3];
gp C;
ap .is_clock 1;

gi case1.iwidth.4.ilatency.0.idin.intern_0[4];
gp C;
ap .is_clock 1;

gi case1.iwidth.5.ilatency.0.idin.intern_0[5];
gp C;
ap .is_clock 1;

d U17;

gi case1.iwidth.0.ilatency.0.idin.intern_0[0];
gp C;
ap .is_clock 1;

gi case1.iwidth.1.ilatency.0.idin.intern_0[1];
gp C;
ap .is_clock 1;

gi case1.iwidth.2.ilatency.0.idin.intern_0[2];
gp C;
ap .is_clock 1;

gi case1.iwidth.3.ilatency.0.idin.intern_0[3];
gp C;
ap .is_clock 1;

n work ga str;
av syn_information_type logic;

d U22;

gi intern_0[0];
gp C;
ap .is_clock 1;

d U21;

gi intern_0[0];
gp C;
ap .is_clock 1;

d U20;

gi intern_0[0];
gp C;
ap .is_clock 1;

d U19;

gi case1.iwidth.0.ilatency.0.idin.intern_0[0];
gp C;
ap .is_clock 1;

gi case1.iwidth.1.ilatency.0.idin.intern_0[1];
gp C;
ap .is_clock 1;

d U18;

gi case1.iwidth.0.ilatency.0.idin.intern_0[0];
gp C;
ap .is_clock 1;

gi case1.iwidth.1.ilatency.0.idin.intern_0[1];
gp C;
ap .is_clock 1;

d U14;

gi case1.iwidth.0.ilatency.0.idin.intern_0[0];
gp C;
ap .is_clock 1;

gi case1.iwidth.1.ilatency.0.idin.intern_0[1];
gp C;
ap .is_clock 1;

gi case1.iwidth.2.ilatency.0.idin.intern_0[2];
gp C;
ap .is_clock 1;

gi case1.iwidth.3.ilatency.0.idin.intern_0[3];
gp C;
ap .is_clock 1;

gi case1.iwidth.4.ilatency.0.idin.intern_0[4];
gp C;
ap .is_clock 1;

gi case1.iwidth.5.ilatency.0.idin.intern_0[5];
gp C;
ap .is_clock 1;

gi case1.iwidth.6.ilatency.0.idin.intern_0[6];
gp C;
ap .is_clock 1;

gi case1.iwidth.7.ilatency.0.idin.intern_0[7];
gp C;
ap .is_clock 1;

d U13;

gi case1.iwidth.0.ilatency.0.idin.intern_0[0];
gp C;
ap .is_clock 1;

gi case1.iwidth.1.ilatency.0.idin.intern_0[1];
gp C;
ap .is_clock 1;

gi case1.iwidth.2.ilatency.0.idin.intern_0[2];
gp C;
ap .is_clock 1;

gi case1.iwidth.3.ilatency.0.idin.intern_0[3];
gp C;
ap .is_clock 1;

gi case1.iwidth.4.ilatency.0.idin.intern_0[4];
gp C;
ap .is_clock 1;

gi case1.iwidth.5.ilatency.0.idin.intern_0[5];
gp C;
ap .is_clock 1;

gi case1.iwidth.6.ilatency.0.idin.intern_0[6];
gp C;
ap .is_clock 1;

gi case1.iwidth.7.ilatency.0.idin.intern_0[7];
gp C;
ap .is_clock 1;

d U12;

gi case1.iwidth.0.ilatency.0.idin.intern_0[0];
gp C;
ap .is_clock 1;

gi case1.iwidth.1.ilatency.0.idin.intern_0[1];
gp C;
ap .is_clock 1;

gi case1.iwidth.2.ilatency.0.idin.intern_0[2];
gp C;
ap .is_clock 1;

gi case1.iwidth.3.ilatency.0.idin.intern_0[3];
gp C;
ap .is_clock 1;

gi case1.iwidth.4.ilatency.0.idin.intern_0[4];
gp C;
ap .is_clock 1;

gi case1.iwidth.5.ilatency.0.idin.intern_0[5];
gp C;
ap .is_clock 1;

gi case1.iwidth.6.ilatency.0.idin.intern_0[6];
gp C;
ap .is_clock 1;

gi case1.iwidth.7.ilatency.0.idin.intern_0[7];
gp C;
ap .is_clock 1;
