
d U0;

gi un5_data_out[11];
ai .slack_logic -0.256 ;

d U1;

gi parallel_out_1[2];
ai .slack_logic -0.373 ;
gp Q[0];
ap .slack_logic -0.373 ;
gp D[0];
ap .slack_logic 8.089 ;
gp C;
ap .is_clock 1;

gi LFSR.lfsr_reg[2];
gp C;
ap .is_clock 1;

gi parallel_out_1[4];
ai .slack_logic -0.287 ;
gp Q[0];
ap .slack_logic -0.287 ;
gp D[0];
ap .slack_logic 6.680 ;
gp C;
ap .is_clock 1;

gi LFSR.lfsr_reg[4];
gp C;
ap .is_clock 1;

gi parallel_out_1[5];
ai .slack_logic 0.605 ;
gp Q[0];
ap .slack_logic 0.605 ;
gp D[0];
ap .slack_logic 6.680 ;
gp C;
ap .is_clock 1;

gi LFSR.lfsr_reg[5];
gp C;
ap .is_clock 1;

gi parallel_out_1[6];
ai .slack_logic 0.605 ;
gp Q[0];
ap .slack_logic 0.605 ;
gp D[0];
ap .slack_logic 6.680 ;
gp C;
ap .is_clock 1;

gi LFSR.lfsr_reg[6];
gp C;
ap .is_clock 1;

gi parallel_out_1[3];
ai .slack_logic -0.325 ;
gp Q[0];
ap .slack_logic -0.325 ;
gp D[0];
ap .slack_logic 8.089 ;
gp C;
ap .is_clock 1;

gi LFSR.lfsr_reg[3];
gp C;
ap .is_clock 1;

gi parallel_out_1[7];
ai .slack_logic -0.239 ;
gp Q[0];
ap .slack_logic 2.029 ;
gp D[0];
ap .slack_logic 8.070 ;
gp C;
ap .is_clock 1;

gi LFSR.lfsr_reg[7];
gp C;
ap .is_clock 1;

gi parallel_out_1[0];
ai .slack_logic -0.325 ;
gp Q[0];
ap .slack_logic -0.325 ;
gp D[0];
ap .slack_logic 8.056 ;
gp C;
ap .is_clock 1;

gi LFSR.lfsr_reg[0];
gp C;
ap .is_clock 1;

gi parallel_out_1[1];
ai .slack_logic -0.373 ;
gp Q[0];
ap .slack_logic -0.373 ;
gp D[0];
ap .slack_logic 8.089 ;
gp C;
ap .is_clock 1;

gi LFSR.lfsr_reg[1];
gp C;
ap .is_clock 1;

d U2;

gi parallel_out_1[0];
ai .slack_logic -0.287 ;
gp Q[0];
ap .slack_logic 1.090 ;
gp D[0];
ap .slack_logic 8.056 ;
gp C;
ap .is_clock 1;

gi LFSR.lfsr_reg[0];
gp C;
ap .is_clock 1;

gi parallel_out_1[5];
ai .slack_logic -0.354 ;
gp Q[0];
ap .slack_logic 2.752 ;
gp D[0];
ap .slack_logic 6.556 ;
gp C;
ap .is_clock 1;

gi LFSR.lfsr_reg[5];
gp C;
ap .is_clock 1;

gi parallel_out_1[1];
ai .slack_logic -0.287 ;
gp Q[0];
ap .slack_logic 1.090 ;
gp D[0];
ap .slack_logic 8.061 ;
gp C;
ap .is_clock 1;

gi LFSR.lfsr_reg[1];
gp C;
ap .is_clock 1;

gi parallel_out_1[2];
ai .slack_logic -0.205 ;
gp Q[0];
ap .slack_logic 1.090 ;
gp D[0];
ap .slack_logic 8.061 ;
gp C;
ap .is_clock 1;

gi LFSR.lfsr_reg[2];
gp C;
ap .is_clock 1;

gi parallel_out_1[3];
ai .slack_logic -0.481 ;
gp Q[0];
ap .slack_logic -0.238 ;
gp D[0];
ap .slack_logic 8.070 ;
gp C;
ap .is_clock 1;

gi LFSR.lfsr_reg[3];
gp C;
ap .is_clock 1;

gi parallel_out_1[4];
ai .slack_logic -0.471 ;
gp Q[0];
ap .slack_logic -0.291 ;
gp D[0];
ap .slack_logic 8.070 ;
gp C;
ap .is_clock 1;

gi LFSR.lfsr_reg[4];
gp C;
ap .is_clock 1;

d U3;

gi parallel_out_1[0];
ai .slack_logic -0.752 ;
gp Q[0];
ap .slack_logic -0.752 ;
gp D[0];
ap .slack_logic 8.070 ;
gp C;
ap .is_clock 1;

gi LFSR.lfsr_reg[0];
gp C;
ap .is_clock 1;

gi parallel_out_1[3];
ai .slack_logic -0.752 ;
gp Q[0];
ap .slack_logic -0.752 ;
gp D[0];
ap .slack_logic 6.694 ;
gp C;
ap .is_clock 1;

gi LFSR.lfsr_reg[3];
gp C;
ap .is_clock 1;

gi parallel_out_1[1];
ai .slack_logic -0.752 ;
gp Q[0];
ap .slack_logic -0.752 ;
gp D[0];
ap .slack_logic 8.089 ;
gp C;
ap .is_clock 1;

gi LFSR.lfsr_reg[1];
gp C;
ap .is_clock 1;

gi parallel_out_1[2];
ai .slack_logic -0.752 ;
gp Q[0];
ap .slack_logic -0.752 ;
gp D[0];
ap .slack_logic 8.089 ;
gp C;
ap .is_clock 1;

gi LFSR.lfsr_reg[2];
gp C;
ap .is_clock 1;

d U4.U0;

gi gene[20:0];
ai .slack_logic -1.090 ;
gp A[1];
ap .slack_logic -1.090 ;
gp A[4];
ap .slack_logic -1.090 ;
gp A[6];
ap .slack_logic -0.103 ;
gp A[7];
ap .slack_logic -1.090 ;
gp A[8];
ap .slack_logic 0.391 ;
gp A[16];
ap .slack_logic -0.161 ;
gp A[17];
ap .slack_logic 1.321 ;

gi dist_1[5:0];
ai .slack_logic -1.205 ;
gp Q[0];
ap .slack_logic -0.198 ;
gp Q[1];
ap .slack_logic -0.179 ;
gp Q[3];
ap .slack_logic -0.198 ;
gp Q[4];
ap .slack_logic -0.179 ;
gp D[0];
ap .slack_logic -0.762 ;
gp D[1];
ap .slack_logic -1.205 ;
gp D[3];
ap .slack_logic -0.762 ;
gp D[4];
ap .slack_logic -1.205 ;
gp C;
ap .is_clock 1;

gi dist_2[5:0];
ai .slack_logic -0.179 ;
gp Q[0];
ap .slack_logic -0.179 ;
gp Q[1];
ap .slack_logic -0.169 ;
gp Q[2];
ap .slack_logic 1.245 ;
gp Q[3];
ap .slack_logic -0.179 ;
gp Q[4];
ap .slack_logic -0.169 ;
gp Q[5];
ap .slack_logic 1.245 ;
gp D[0];
ap .slack_logic 5.810 ;
gp D[1];
ap .slack_logic 5.810 ;
gp D[2];
ap .slack_logic 5.810 ;
gp D[3];
ap .slack_logic 5.810 ;
gp D[4];
ap .slack_logic 5.810 ;
gp D[5];
ap .slack_logic 5.810 ;
gp C;
ap .is_clock 1;

gi done_p;
ai .slack_logic 0.695 ;
gp Q[0];
ap .slack_logic 0.695 ;
gp D[0];
ap .slack_logic 6.578 ;
gp C;
ap .is_clock 1;

gi fit[9:0];
gp C;
ap .is_clock 1;

gi gene_score[30:0];
gp C;
ap .is_clock 1;

gi counter_read_rom[3:0];
gp C;
ap .is_clock 1;

gi ready_out;
gp C;
ap .is_clock 1;

gi fit_n[9:0];
gp C;
ap .is_clock 1;

d U4.U1;

gi un3_fit_sum[9:0];
ai .slack_logic 2.585 ;
gp A[3];
ap .slack_logic 2.765 ;
gp A[4];
ap .slack_logic 2.825 ;
gp A[7];
ap .slack_logic 3.005 ;
gp A[8];
ap .slack_logic 3.065 ;
gp B[0];
ap .slack_logic 2.585 ;
gp B[1];
ap .slack_logic 2.645 ;
gp B[2];
ap .slack_logic 2.705 ;
gp B[5];
ap .slack_logic 2.885 ;
gp B[6];
ap .slack_logic 2.945 ;
gp B[9];
ap .slack_logic 3.125 ;

gi count_cycle[0:3];
ai .slack_logic 3.467 ;
gp C;
ap .is_clock 1;

gi best_fit_prev_gen_0_4[9:0];
ai .slack_logic 6.742 ;
gp B[0];
ap .slack_logic 6.742 ;
gp B[1];
ap .slack_logic 6.742 ;
gp B[2];
ap .slack_logic 6.742 ;
gp B[3];
ap .slack_logic 6.780 ;
gp B[4];
ap .slack_logic 6.780 ;
gp B[5];
ap .slack_logic 6.780 ;
gp B[6];
ap .slack_logic 6.742 ;
gp B[7];
ap .slack_logic 6.742 ;
gp B[8];
ap .slack_logic 6.742 ;
gp B[9];
ap .slack_logic 6.742 ;

gi elite_offs_0_4[31:0];
ai .slack_logic 7.669 ;
gp B[0];
ap .slack_logic 7.669 ;
gp B[1];
ap .slack_logic 7.669 ;
gp B[2];
ap .slack_logic 7.669 ;
gp B[3];
ap .slack_logic 7.669 ;
gp B[4];
ap .slack_logic 7.669 ;
gp B[5];
ap .slack_logic 7.669 ;
gp B[6];
ap .slack_logic 7.669 ;
gp B[7];
ap .slack_logic 7.669 ;
gp B[8];
ap .slack_logic 7.669 ;
gp B[9];
ap .slack_logic 7.669 ;
gp B[10];
ap .slack_logic 7.669 ;
gp B[11];
ap .slack_logic 7.669 ;
gp B[12];
ap .slack_logic 7.669 ;
gp B[13];
ap .slack_logic 7.669 ;
gp B[14];
ap .slack_logic 7.669 ;
gp B[15];
ap .slack_logic 7.669 ;
gp B[16];
ap .slack_logic 7.669 ;
gp B[17];
ap .slack_logic 7.669 ;
gp B[18];
ap .slack_logic 7.669 ;
gp B[19];
ap .slack_logic 7.669 ;
gp B[20];
ap .slack_logic 7.669 ;
gp B[21];
ap .slack_logic 7.669 ;
gp B[22];
ap .slack_logic 7.669 ;
gp B[23];
ap .slack_logic 7.669 ;
gp B[24];
ap .slack_logic 7.669 ;
gp B[25];
ap .slack_logic 7.669 ;
gp B[26];
ap .slack_logic 7.669 ;
gp B[27];
ap .slack_logic 7.669 ;
gp B[28];
ap .slack_logic 7.669 ;
gp B[29];
ap .slack_logic 7.669 ;
gp B[30];
ap .slack_logic 7.669 ;
gp B[31];
ap .slack_logic 7.669 ;

gi rd;
ai .slack_logic 2.146 ;
gp Q[0];
ap .slack_logic 2.146 ;
gp D[0];
ap .slack_logic 4.751 ;
gp C;
ap .is_clock 1;
gp E;
ap .slack_logic 2.912 ;

gi max_fit[9:0];
ai .slack_logic 3.906 ;
gp Q[0];
ap .slack_logic 7.879 ;
gp Q[1];
ap .slack_logic 7.879 ;
gp Q[2];
ap .slack_logic 7.879 ;
gp Q[3];
ap .slack_logic 7.879 ;
gp Q[4];
ap .slack_logic 7.879 ;
gp Q[5];
ap .slack_logic 7.879 ;
gp Q[6];
ap .slack_logic 7.879 ;
gp Q[7];
ap .slack_logic 7.879 ;
gp Q[8];
ap .slack_logic 7.879 ;
gp Q[9];
ap .slack_logic 7.879 ;
gp D[0];
ap .slack_logic 4.751 ;
gp D[1];
ap .slack_logic 4.751 ;
gp D[2];
ap .slack_logic 4.751 ;
gp D[3];
ap .slack_logic 4.751 ;
gp D[4];
ap .slack_logic 4.751 ;
gp D[5];
ap .slack_logic 4.751 ;
gp D[6];
ap .slack_logic 4.751 ;
gp D[7];
ap .slack_logic 4.751 ;
gp D[8];
ap .slack_logic 4.751 ;
gp D[9];
ap .slack_logic 4.751 ;
gp C;
ap .is_clock 1;
gp E;
ap .slack_logic 3.906 ;

gi counter[0];
ai .slack_logic 2.414 ;
gp Q[0];
ap .slack_logic 2.414 ;
gp D[0];
ap .slack_logic 6.083 ;
gp C;
ap .is_clock 1;
gp E;
ap .slack_logic 5.873 ;

gi elite_indexs_0_5[31:0];
ai .slack_logic 7.669 ;
gp D1[1];
ap .slack_logic 7.669 ;
gp D1[2];
ap .slack_logic 7.669 ;
gp D1[3];
ap .slack_logic 7.669 ;
gp D1[4];
ap .slack_logic 7.669 ;

gi best_fit_0[9:0];
ai .slack_logic 3.693 ;
gp Q[0];
ap .slack_logic 6.742 ;
gp Q[1];
ap .slack_logic 6.742 ;
gp Q[2];
ap .slack_logic 6.742 ;
gp Q[3];
ap .slack_logic 6.780 ;
gp Q[4];
ap .slack_logic 6.780 ;
gp Q[5];
ap .slack_logic 6.780 ;
gp Q[6];
ap .slack_logic 6.742 ;
gp Q[7];
ap .slack_logic 6.742 ;
gp Q[8];
ap .slack_logic 6.742 ;
gp Q[9];
ap .slack_logic 6.742 ;
gp D[0];
ap .slack_logic 3.693 ;
gp D[1];
ap .slack_logic 3.693 ;
gp D[2];
ap .slack_logic 3.693 ;
gp D[3];
ap .slack_logic 3.693 ;
gp D[4];
ap .slack_logic 3.693 ;
gp D[5];
ap .slack_logic 3.693 ;
gp D[6];
ap .slack_logic 3.693 ;
gp D[7];
ap .slack_logic 3.693 ;
gp D[8];
ap .slack_logic 3.693 ;
gp D[9];
ap .slack_logic 3.693 ;
gp C;
ap .is_clock 1;
gp E;
ap .slack_logic 3.848 ;

gi elite_indexs_0[31:0];
ai .slack_logic 3.693 ;
gp Q[0];
ap .slack_logic 7.669 ;
gp Q[1];
ap .slack_logic 7.669 ;
gp Q[2];
ap .slack_logic 7.669 ;
gp Q[3];
ap .slack_logic 7.669 ;
gp Q[4];
ap .slack_logic 7.669 ;
gp Q[5];
ap .slack_logic 7.669 ;
gp Q[6];
ap .slack_logic 7.669 ;
gp Q[7];
ap .slack_logic 7.669 ;
gp Q[8];
ap .slack_logic 7.669 ;
gp Q[9];
ap .slack_logic 7.669 ;
gp Q[10];
ap .slack_logic 7.669 ;
gp Q[11];
ap .slack_logic 7.669 ;
gp Q[12];
ap .slack_logic 7.669 ;
gp Q[13];
ap .slack_logic 7.669 ;
gp Q[14];
ap .slack_logic 7.669 ;
gp Q[15];
ap .slack_logic 7.669 ;
gp Q[16];
ap .slack_logic 7.669 ;
gp Q[17];
ap .slack_logic 7.669 ;
gp Q[18];
ap .slack_logic 7.669 ;
gp Q[19];
ap .slack_logic 7.669 ;
gp Q[20];
ap .slack_logic 7.669 ;
gp Q[21];
ap .slack_logic 7.669 ;
gp Q[22];
ap .slack_logic 7.669 ;
gp Q[23];
ap .slack_logic 7.669 ;
gp Q[24];
ap .slack_logic 7.669 ;
gp Q[25];
ap .slack_logic 7.669 ;
gp Q[26];
ap .slack_logic 7.669 ;
gp Q[27];
ap .slack_logic 7.669 ;
gp Q[28];
ap .slack_logic 7.669 ;
gp Q[29];
ap .slack_logic 7.669 ;
gp Q[30];
ap .slack_logic 7.669 ;
gp Q[31];
ap .slack_logic 7.669 ;
gp D[0];
ap .slack_logic 3.693 ;
gp D[1];
ap .slack_logic 3.693 ;
gp D[2];
ap .slack_logic 3.693 ;
gp D[3];
ap .slack_logic 3.693 ;
gp D[4];
ap .slack_logic 3.693 ;
gp D[5];
ap .slack_logic 3.693 ;
gp D[6];
ap .slack_logic 3.693 ;
gp D[7];
ap .slack_logic 3.693 ;
gp D[8];
ap .slack_logic 3.693 ;
gp D[9];
ap .slack_logic 3.693 ;
gp D[10];
ap .slack_logic 3.693 ;
gp D[11];
ap .slack_logic 3.693 ;
gp D[12];
ap .slack_logic 3.693 ;
gp D[13];
ap .slack_logic 3.693 ;
gp D[14];
ap .slack_logic 3.693 ;
gp D[15];
ap .slack_logic 3.693 ;
gp D[16];
ap .slack_logic 3.693 ;
gp D[17];
ap .slack_logic 3.693 ;
gp D[18];
ap .slack_logic 3.693 ;
gp D[19];
ap .slack_logic 3.693 ;
gp D[20];
ap .slack_logic 3.693 ;
gp D[21];
ap .slack_logic 3.693 ;
gp D[22];
ap .slack_logic 3.693 ;
gp D[23];
ap .slack_logic 3.693 ;
gp D[24];
ap .slack_logic 3.693 ;
gp D[25];
ap .slack_logic 3.693 ;
gp D[26];
ap .slack_logic 3.693 ;
gp D[27];
ap .slack_logic 3.693 ;
gp D[28];
ap .slack_logic 3.693 ;
gp D[29];
ap .slack_logic 3.693 ;
gp D[30];
ap .slack_logic 3.693 ;
gp D[31];
ap .slack_logic 3.693 ;
gp C;
ap .is_clock 1;
gp E;
ap .slack_logic 3.848 ;

gi best_fit_prev_gen_0[9:0];
ai .slack_logic 2.585 ;
gp Q[0];
ap .slack_logic 2.585 ;
gp Q[1];
ap .slack_logic 2.645 ;
gp Q[2];
ap .slack_logic 2.705 ;
gp Q[3];
ap .slack_logic 2.765 ;
gp Q[4];
ap .slack_logic 2.825 ;
gp Q[5];
ap .slack_logic 2.885 ;
gp Q[6];
ap .slack_logic 2.945 ;
gp Q[7];
ap .slack_logic 3.005 ;
gp Q[8];
ap .slack_logic 3.065 ;
gp Q[9];
ap .slack_logic 3.125 ;
gp D[0];
ap .slack_logic 4.751 ;
gp D[1];
ap .slack_logic 4.751 ;
gp D[2];
ap .slack_logic 4.751 ;
gp D[3];
ap .slack_logic 4.751 ;
gp D[4];
ap .slack_logic 4.751 ;
gp D[5];
ap .slack_logic 4.751 ;
gp D[6];
ap .slack_logic 4.751 ;
gp D[7];
ap .slack_logic 4.751 ;
gp D[8];
ap .slack_logic 4.751 ;
gp D[9];
ap .slack_logic 4.751 ;
gp C;
ap .is_clock 1;
gp E;
ap .slack_logic 3.765 ;

gi best_fit_prev_gen_1[9:0];
ai .slack_logic 2.585 ;
gp Q[0];
ap .slack_logic 2.585 ;
gp Q[1];
ap .slack_logic 2.645 ;
gp Q[2];
ap .slack_logic 2.705 ;
gp Q[3];
ap .slack_logic 2.765 ;
gp Q[4];
ap .slack_logic 2.825 ;
gp Q[5];
ap .slack_logic 2.885 ;
gp Q[6];
ap .slack_logic 2.945 ;
gp Q[7];
ap .slack_logic 3.005 ;
gp Q[8];
ap .slack_logic 3.065 ;
gp Q[9];
ap .slack_logic 3.125 ;
gp D[0];
ap .slack_logic 5.637 ;
gp D[1];
ap .slack_logic 5.637 ;
gp D[2];
ap .slack_logic 5.637 ;
gp D[3];
ap .slack_logic 5.640 ;
gp D[4];
ap .slack_logic 5.640 ;
gp D[5];
ap .slack_logic 5.640 ;
gp D[6];
ap .slack_logic 5.637 ;
gp D[7];
ap .slack_logic 5.637 ;
gp D[8];
ap .slack_logic 5.637 ;
gp D[9];
ap .slack_logic 5.637 ;
gp C;
ap .is_clock 1;
gp E;
ap .slack_logic 3.765 ;

gi temp1_1[9:0];
gp C;
ap .is_clock 1;

gi temp2_0[9:0];
ai .slack_logic 1.296 ;
gp Q[0];
ap .slack_logic 1.296 ;
gp Q[1];
ap .slack_logic 1.356 ;
gp Q[2];
ap .slack_logic 1.416 ;
gp Q[3];
ap .slack_logic 1.320 ;
gp Q[4];
ap .slack_logic 1.320 ;
gp Q[5];
ap .slack_logic 1.320 ;
gp Q[6];
ap .slack_logic 1.656 ;
gp Q[7];
ap .slack_logic 1.716 ;
gp Q[8];
ap .slack_logic 1.776 ;
gp Q[9];
ap .slack_logic 1.836 ;
gp D[0];
ap .slack_logic 8.118 ;
gp D[1];
ap .slack_logic 8.118 ;
gp D[2];
ap .slack_logic 8.118 ;
gp D[3];
ap .slack_logic 8.156 ;
gp D[4];
ap .slack_logic 8.156 ;
gp D[5];
ap .slack_logic 8.156 ;
gp D[6];
ap .slack_logic 8.118 ;
gp D[7];
ap .slack_logic 8.118 ;
gp D[8];
ap .slack_logic 8.118 ;
gp D[9];
ap .slack_logic 8.118 ;
gp C;
ap .is_clock 1;
gp E;
ap .slack_logic 3.757 ;

gi elite_offs_0[31:0];
ai .slack_logic 2.591 ;
gp Q[0];
ap .slack_logic 3.412 ;
gp Q[1];
ap .slack_logic 3.412 ;
gp Q[2];
ap .slack_logic 3.472 ;
gp Q[3];
ap .slack_logic 2.591 ;
gp Q[4];
ap .slack_logic 3.580 ;
gp Q[5];
ap .slack_logic 3.580 ;
gp Q[6];
ap .slack_logic 3.640 ;
gp Q[7];
ap .slack_logic 3.640 ;
gp Q[8];
ap .slack_logic 3.700 ;
gp Q[9];
ap .slack_logic 3.700 ;
gp Q[10];
ap .slack_logic 3.760 ;
gp Q[11];
ap .slack_logic 3.760 ;
gp Q[12];
ap .slack_logic 3.820 ;
gp Q[13];
ap .slack_logic 3.820 ;
gp Q[14];
ap .slack_logic 3.880 ;
gp Q[15];
ap .slack_logic 3.880 ;
gp Q[16];
ap .slack_logic 3.940 ;
gp Q[17];
ap .slack_logic 3.940 ;
gp Q[18];
ap .slack_logic 4.000 ;
gp Q[19];
ap .slack_logic 4.000 ;
gp Q[20];
ap .slack_logic 4.060 ;
gp Q[21];
ap .slack_logic 4.060 ;
gp Q[22];
ap .slack_logic 4.120 ;
gp Q[23];
ap .slack_logic 4.120 ;
gp Q[24];
ap .slack_logic 4.180 ;
gp Q[25];
ap .slack_logic 4.180 ;
gp Q[26];
ap .slack_logic 4.240 ;
gp Q[27];
ap .slack_logic 4.240 ;
gp Q[28];
ap .slack_logic 4.300 ;
gp Q[29];
ap .slack_logic 4.300 ;
gp Q[30];
ap .slack_logic 4.360 ;
gp Q[31];
ap .slack_logic 4.360 ;
gp D[0];
ap .slack_logic 5.640 ;
gp D[1];
ap .slack_logic 5.640 ;
gp D[2];
ap .slack_logic 5.640 ;
gp D[3];
ap .slack_logic 5.640 ;
gp D[4];
ap .slack_logic 5.640 ;
gp D[5];
ap .slack_logic 5.640 ;
gp D[6];
ap .slack_logic 5.640 ;
gp D[7];
ap .slack_logic 5.640 ;
gp D[8];
ap .slack_logic 5.640 ;
gp D[9];
ap .slack_logic 5.640 ;
gp D[10];
ap .slack_logic 5.640 ;
gp D[11];
ap .slack_logic 5.640 ;
gp D[12];
ap .slack_logic 5.640 ;
gp D[13];
ap .slack_logic 5.640 ;
gp D[14];
ap .slack_logic 5.640 ;
gp D[15];
ap .slack_logic 5.640 ;
gp D[16];
ap .slack_logic 5.640 ;
gp D[17];
ap .slack_logic 5.640 ;
gp D[18];
ap .slack_logic 5.640 ;
gp D[19];
ap .slack_logic 5.640 ;
gp D[20];
ap .slack_logic 5.640 ;
gp D[21];
ap .slack_logic 5.640 ;
gp D[22];
ap .slack_logic 5.640 ;
gp D[23];
ap .slack_logic 5.640 ;
gp D[24];
ap .slack_logic 5.640 ;
gp D[25];
ap .slack_logic 5.640 ;
gp D[26];
ap .slack_logic 5.640 ;
gp D[27];
ap .slack_logic 5.640 ;
gp D[28];
ap .slack_logic 5.640 ;
gp D[29];
ap .slack_logic 5.640 ;
gp D[30];
ap .slack_logic 5.640 ;
gp D[31];
ap .slack_logic 5.640 ;
gp C;
ap .is_clock 1;
gp E;
ap .slack_logic 3.765 ;

gi elite_offs_1[31:0];
ai .slack_logic 2.591 ;
gp Q[0];
ap .slack_logic 3.460 ;
gp Q[1];
ap .slack_logic 3.460 ;
gp Q[2];
ap .slack_logic 3.520 ;
gp Q[3];
ap .slack_logic 2.591 ;
gp Q[4];
ap .slack_logic 3.580 ;
gp Q[5];
ap .slack_logic 3.580 ;
gp Q[6];
ap .slack_logic 3.640 ;
gp Q[7];
ap .slack_logic 3.640 ;
gp Q[8];
ap .slack_logic 3.700 ;
gp Q[9];
ap .slack_logic 3.700 ;
gp Q[10];
ap .slack_logic 3.760 ;
gp Q[11];
ap .slack_logic 3.760 ;
gp Q[12];
ap .slack_logic 3.820 ;
gp Q[13];
ap .slack_logic 3.820 ;
gp Q[14];
ap .slack_logic 3.880 ;
gp Q[15];
ap .slack_logic 3.880 ;
gp Q[16];
ap .slack_logic 3.940 ;
gp Q[17];
ap .slack_logic 3.940 ;
gp Q[18];
ap .slack_logic 4.000 ;
gp Q[19];
ap .slack_logic 4.000 ;
gp Q[20];
ap .slack_logic 4.060 ;
gp Q[21];
ap .slack_logic 4.060 ;
gp Q[22];
ap .slack_logic 4.120 ;
gp Q[23];
ap .slack_logic 4.120 ;
gp Q[24];
ap .slack_logic 4.180 ;
gp Q[25];
ap .slack_logic 4.180 ;
gp Q[26];
ap .slack_logic 4.240 ;
gp Q[27];
ap .slack_logic 4.240 ;
gp Q[28];
ap .slack_logic 4.300 ;
gp Q[29];
ap .slack_logic 4.300 ;
gp Q[30];
ap .slack_logic 4.360 ;
gp Q[31];
ap .slack_logic 4.360 ;
gp D[0];
ap .slack_logic 5.640 ;
gp D[1];
ap .slack_logic 5.640 ;
gp D[2];
ap .slack_logic 5.640 ;
gp D[3];
ap .slack_logic 5.640 ;
gp D[4];
ap .slack_logic 5.640 ;
gp D[5];
ap .slack_logic 5.640 ;
gp D[6];
ap .slack_logic 5.640 ;
gp D[7];
ap .slack_logic 5.640 ;
gp D[8];
ap .slack_logic 5.640 ;
gp D[9];
ap .slack_logic 5.640 ;
gp D[10];
ap .slack_logic 5.640 ;
gp D[11];
ap .slack_logic 5.640 ;
gp D[12];
ap .slack_logic 5.640 ;
gp D[13];
ap .slack_logic 5.640 ;
gp D[14];
ap .slack_logic 5.640 ;
gp D[15];
ap .slack_logic 5.640 ;
gp D[16];
ap .slack_logic 5.640 ;
gp D[17];
ap .slack_logic 5.640 ;
gp D[18];
ap .slack_logic 5.640 ;
gp D[19];
ap .slack_logic 5.640 ;
gp D[20];
ap .slack_logic 5.640 ;
gp D[21];
ap .slack_logic 5.640 ;
gp D[22];
ap .slack_logic 5.640 ;
gp D[23];
ap .slack_logic 5.640 ;
gp D[24];
ap .slack_logic 5.640 ;
gp D[25];
ap .slack_logic 5.640 ;
gp D[26];
ap .slack_logic 5.640 ;
gp D[27];
ap .slack_logic 5.640 ;
gp D[28];
ap .slack_logic 5.640 ;
gp D[29];
ap .slack_logic 5.640 ;
gp D[30];
ap .slack_logic 5.640 ;
gp D[31];
ap .slack_logic 5.640 ;
gp C;
ap .is_clock 1;
gp E;
ap .slack_logic 3.765 ;

gi temp_indexs_1_1[31:0];
gp C;
ap .is_clock 1;

gi temp_indexs_2_0[31:0];
ai .slack_logic 3.757 ;
gp Q[0];
ap .slack_logic 7.669 ;
gp Q[1];
ap .slack_logic 7.669 ;
gp Q[2];
ap .slack_logic 7.669 ;
gp Q[3];
ap .slack_logic 7.669 ;
gp Q[4];
ap .slack_logic 7.669 ;
gp Q[5];
ap .slack_logic 7.669 ;
gp Q[6];
ap .slack_logic 7.669 ;
gp Q[7];
ap .slack_logic 7.669 ;
gp Q[8];
ap .slack_logic 7.669 ;
gp Q[9];
ap .slack_logic 7.669 ;
gp Q[10];
ap .slack_logic 7.669 ;
gp Q[11];
ap .slack_logic 7.669 ;
gp Q[12];
ap .slack_logic 7.669 ;
gp Q[13];
ap .slack_logic 7.669 ;
gp Q[14];
ap .slack_logic 7.669 ;
gp Q[15];
ap .slack_logic 7.669 ;
gp Q[16];
ap .slack_logic 7.669 ;
gp Q[17];
ap .slack_logic 7.669 ;
gp Q[18];
ap .slack_logic 7.669 ;
gp Q[19];
ap .slack_logic 7.669 ;
gp Q[20];
ap .slack_logic 7.669 ;
gp Q[21];
ap .slack_logic 7.669 ;
gp Q[22];
ap .slack_logic 7.669 ;
gp Q[23];
ap .slack_logic 7.669 ;
gp Q[24];
ap .slack_logic 7.669 ;
gp Q[25];
ap .slack_logic 7.669 ;
gp Q[26];
ap .slack_logic 7.669 ;
gp Q[27];
ap .slack_logic 7.669 ;
gp Q[28];
ap .slack_logic 7.669 ;
gp Q[29];
ap .slack_logic 7.669 ;
gp Q[30];
ap .slack_logic 7.669 ;
gp Q[31];
ap .slack_logic 7.669 ;
gp D[0];
ap .slack_logic 8.156 ;
gp D[1];
ap .slack_logic 8.156 ;
gp D[2];
ap .slack_logic 8.156 ;
gp D[3];
ap .slack_logic 8.156 ;
gp D[4];
ap .slack_logic 8.156 ;
gp D[5];
ap .slack_logic 8.156 ;
gp D[6];
ap .slack_logic 8.156 ;
gp D[7];
ap .slack_logic 8.156 ;
gp D[8];
ap .slack_logic 8.156 ;
gp D[9];
ap .slack_logic 8.156 ;
gp D[10];
ap .slack_logic 8.156 ;
gp D[11];
ap .slack_logic 8.156 ;
gp D[12];
ap .slack_logic 8.156 ;
gp D[13];
ap .slack_logic 8.156 ;
gp D[14];
ap .slack_logic 8.156 ;
gp D[15];
ap .slack_logic 8.156 ;
gp D[16];
ap .slack_logic 8.156 ;
gp D[17];
ap .slack_logic 8.156 ;
gp D[18];
ap .slack_logic 8.156 ;
gp D[19];
ap .slack_logic 8.156 ;
gp D[20];
ap .slack_logic 8.156 ;
gp D[21];
ap .slack_logic 8.156 ;
gp D[22];
ap .slack_logic 8.156 ;
gp D[23];
ap .slack_logic 8.156 ;
gp D[24];
ap .slack_logic 8.156 ;
gp D[25];
ap .slack_logic 8.156 ;
gp D[26];
ap .slack_logic 8.156 ;
gp D[27];
ap .slack_logic 8.156 ;
gp D[28];
ap .slack_logic 8.156 ;
gp D[29];
ap .slack_logic 8.156 ;
gp D[30];
ap .slack_logic 8.156 ;
gp D[31];
ap .slack_logic 8.156 ;
gp C;
ap .is_clock 1;
gp E;
ap .slack_logic 3.757 ;

gi best_fit_1[9:0];
gp C;
ap .is_clock 1;

gi elite_indexs_1[31:0];
gp C;
ap .is_clock 1;

gi temp2_1[9:0];
ai .slack_logic 1.339 ;
gp Q[0];
ap .slack_logic 1.439 ;
gp Q[1];
ap .slack_logic 1.499 ;
gp Q[2];
ap .slack_logic 1.559 ;
gp Q[3];
ap .slack_logic 1.339 ;
gp Q[4];
ap .slack_logic 1.339 ;
gp Q[5];
ap .slack_logic 1.339 ;
gp Q[6];
ap .slack_logic 1.799 ;
gp Q[7];
ap .slack_logic 1.859 ;
gp Q[8];
ap .slack_logic 1.919 ;
gp Q[9];
ap .slack_logic 1.979 ;
gp D[0];
ap .slack_logic 6.124 ;
gp D[1];
ap .slack_logic 6.124 ;
gp D[2];
ap .slack_logic 6.124 ;
gp D[3];
ap .slack_logic 6.162 ;
gp D[4];
ap .slack_logic 6.162 ;
gp D[5];
ap .slack_logic 6.162 ;
gp D[6];
ap .slack_logic 6.124 ;
gp D[7];
ap .slack_logic 6.124 ;
gp D[8];
ap .slack_logic 6.124 ;
gp D[9];
ap .slack_logic 6.124 ;
gp C;
ap .is_clock 1;
gp E;
ap .slack_logic 3.757 ;

gi temp_indexs_2_1[31:0];
ai .slack_logic 3.757 ;
gp Q[0];
ap .slack_logic 8.204 ;
gp Q[1];
ap .slack_logic 8.204 ;
gp Q[2];
ap .slack_logic 8.204 ;
gp Q[3];
ap .slack_logic 8.204 ;
gp Q[4];
ap .slack_logic 8.204 ;
gp Q[5];
ap .slack_logic 8.204 ;
gp Q[6];
ap .slack_logic 8.204 ;
gp Q[7];
ap .slack_logic 8.204 ;
gp Q[8];
ap .slack_logic 8.204 ;
gp Q[9];
ap .slack_logic 8.204 ;
gp Q[10];
ap .slack_logic 8.204 ;
gp Q[11];
ap .slack_logic 8.204 ;
gp Q[12];
ap .slack_logic 8.204 ;
gp Q[13];
ap .slack_logic 8.204 ;
gp Q[14];
ap .slack_logic 8.204 ;
gp Q[15];
ap .slack_logic 8.204 ;
gp Q[16];
ap .slack_logic 8.204 ;
gp Q[17];
ap .slack_logic 8.204 ;
gp Q[18];
ap .slack_logic 8.204 ;
gp Q[19];
ap .slack_logic 8.204 ;
gp Q[20];
ap .slack_logic 8.204 ;
gp Q[21];
ap .slack_logic 8.204 ;
gp Q[22];
ap .slack_logic 8.204 ;
gp Q[23];
ap .slack_logic 8.204 ;
gp Q[24];
ap .slack_logic 8.204 ;
gp Q[25];
ap .slack_logic 8.204 ;
gp Q[26];
ap .slack_logic 8.204 ;
gp Q[27];
ap .slack_logic 8.204 ;
gp Q[28];
ap .slack_logic 8.204 ;
gp Q[29];
ap .slack_logic 8.204 ;
gp Q[30];
ap .slack_logic 8.204 ;
gp Q[31];
ap .slack_logic 8.204 ;
gp D[0];
ap .slack_logic 6.162 ;
gp D[1];
ap .slack_logic 6.162 ;
gp D[2];
ap .slack_logic 6.162 ;
gp D[3];
ap .slack_logic 6.162 ;
gp D[4];
ap .slack_logic 7.122 ;
gp D[5];
ap .slack_logic 7.122 ;
gp D[6];
ap .slack_logic 7.122 ;
gp D[7];
ap .slack_logic 7.122 ;
gp D[8];
ap .slack_logic 7.122 ;
gp D[9];
ap .slack_logic 7.122 ;
gp D[10];
ap .slack_logic 7.122 ;
gp D[11];
ap .slack_logic 7.122 ;
gp D[12];
ap .slack_logic 7.122 ;
gp D[13];
ap .slack_logic 7.122 ;
gp D[14];
ap .slack_logic 7.122 ;
gp D[15];
ap .slack_logic 7.122 ;
gp D[16];
ap .slack_logic 7.122 ;
gp D[17];
ap .slack_logic 7.122 ;
gp D[18];
ap .slack_logic 7.122 ;
gp D[19];
ap .slack_logic 7.122 ;
gp D[20];
ap .slack_logic 7.122 ;
gp D[21];
ap .slack_logic 7.122 ;
gp D[22];
ap .slack_logic 7.122 ;
gp D[23];
ap .slack_logic 7.122 ;
gp D[24];
ap .slack_logic 7.122 ;
gp D[25];
ap .slack_logic 7.122 ;
gp D[26];
ap .slack_logic 7.141 ;
gp D[27];
ap .slack_logic 7.141 ;
gp D[28];
ap .slack_logic 7.141 ;
gp D[29];
ap .slack_logic 7.141 ;
gp D[30];
ap .slack_logic 7.141 ;
gp D[31];
ap .slack_logic 7.141 ;
gp C;
ap .is_clock 1;
gp E;
ap .slack_logic 3.757 ;

gi fit_sum[12:0];
ai .slack_logic -0.752 ;
gp Q[0];
ap .slack_logic -0.752 ;
gp Q[1];
ap .slack_logic -0.752 ;
gp Q[2];
ap .slack_logic -0.752 ;
gp Q[3];
ap .slack_logic -0.752 ;
gp Q[4];
ap .slack_logic -0.752 ;
gp Q[5];
ap .slack_logic -0.752 ;
gp Q[6];
ap .slack_logic -0.752 ;
gp Q[7];
ap .slack_logic -0.752 ;
gp Q[8];
ap .slack_logic -0.752 ;
gp Q[9];
ap .slack_logic -0.752 ;
gp Q[10];
ap .slack_logic -0.752 ;
gp Q[11];
ap .slack_logic -0.752 ;
gp Q[12];
ap .slack_logic -0.752 ;
gp D[0];
ap .slack_logic 3.541 ;
gp D[1];
ap .slack_logic 1.691 ;
gp D[2];
ap .slack_logic 0.978 ;
gp D[3];
ap .slack_logic 0.918 ;
gp D[4];
ap .slack_logic 0.858 ;
gp D[5];
ap .slack_logic 0.797 ;
gp D[6];
ap .slack_logic 0.738 ;
gp D[7];
ap .slack_logic 0.677 ;
gp D[8];
ap .slack_logic 0.618 ;
gp D[9];
ap .slack_logic 0.558 ;
gp D[10];
ap .slack_logic 0.498 ;
gp D[11];
ap .slack_logic 0.438 ;
gp D[12];
ap .slack_logic 0.378 ;
gp C;
ap .is_clock 1;
gp E;
ap .slack_logic 3.906 ;

gi sum_p[12:0];
ai .slack_logic 0.378 ;
gp Q[0];
ap .slack_logic 2.211 ;
gp Q[1];
ap .slack_logic 2.271 ;
gp Q[2];
ap .slack_logic 2.331 ;
gp Q[3];
ap .slack_logic 2.391 ;
gp Q[4];
ap .slack_logic 2.451 ;
gp Q[5];
ap .slack_logic 2.511 ;
gp Q[6];
ap .slack_logic 2.571 ;
gp Q[7];
ap .slack_logic 2.631 ;
gp Q[8];
ap .slack_logic 2.691 ;
gp Q[9];
ap .slack_logic 2.751 ;
gp Q[10];
ap .slack_logic 2.811 ;
gp Q[11];
ap .slack_logic 3.524 ;
gp Q[12];
ap .slack_logic 4.237 ;
gp D[0];
ap .slack_logic 3.541 ;
gp D[1];
ap .slack_logic 1.691 ;
gp D[2];
ap .slack_logic 0.978 ;
gp D[3];
ap .slack_logic 0.918 ;
gp D[4];
ap .slack_logic 0.858 ;
gp D[5];
ap .slack_logic 0.797 ;
gp D[6];
ap .slack_logic 0.738 ;
gp D[7];
ap .slack_logic 0.677 ;
gp D[8];
ap .slack_logic 0.618 ;
gp D[9];
ap .slack_logic 0.558 ;
gp D[10];
ap .slack_logic 0.498 ;
gp D[11];
ap .slack_logic 0.438 ;
gp D[12];
ap .slack_logic 0.378 ;
gp C;
ap .is_clock 1;
gp E;
ap .slack_logic 3.024 ;

d U5;

gi count;
gp C;
ap .is_clock 1;

gi cumSum_p1[12:0];
ai .slack_logic 4.797 ;
gp Q[0];
ap .slack_logic 5.006 ;
gp Q[1];
ap .slack_logic 5.066 ;
gp Q[2];
ap .slack_logic 5.126 ;
gp Q[3];
ap .slack_logic 5.186 ;
gp Q[4];
ap .slack_logic 5.246 ;
gp Q[5];
ap .slack_logic 5.306 ;
gp Q[6];
ap .slack_logic 5.366 ;
gp Q[7];
ap .slack_logic 5.426 ;
gp Q[8];
ap .slack_logic 5.486 ;
gp Q[9];
ap .slack_logic 4.797 ;
gp Q[10];
ap .slack_logic 5.606 ;
gp Q[11];
ap .slack_logic 4.857 ;
gp Q[12];
ap .slack_logic 4.907 ;
gp D[0];
ap .slack_logic 6.551 ;
gp D[1];
ap .slack_logic 6.106 ;
gp D[2];
ap .slack_logic 6.046 ;
gp D[3];
ap .slack_logic 5.986 ;
gp D[4];
ap .slack_logic 5.926 ;
gp D[5];
ap .slack_logic 5.866 ;
gp D[6];
ap .slack_logic 5.806 ;
gp D[7];
ap .slack_logic 5.746 ;
gp D[8];
ap .slack_logic 5.686 ;
gp D[9];
ap .slack_logic 5.626 ;
gp D[10];
ap .slack_logic 5.566 ;
gp D[11];
ap .slack_logic 5.506 ;
gp D[12];
ap .slack_logic 5.446 ;
gp C;
ap .is_clock 1;
gp E;
ap .slack_logic 5.753 ;

gi scalFitSum[16:0];
ai .slack_logic 3.640 ;
gp A[0];
ap .slack_logic 3.640 ;
gp A[1];
ap .slack_logic 3.700 ;
gp A[2];
ap .slack_logic 3.760 ;
gp A[3];
ap .slack_logic 3.820 ;
gp A[4];
ap .slack_logic 3.880 ;
gp A[5];
ap .slack_logic 3.940 ;
gp A[6];
ap .slack_logic 4.000 ;
gp A[7];
ap .slack_logic 4.059 ;
gp A[8];
ap .slack_logic 4.120 ;
gp A[9];
ap .slack_logic 4.208 ;
gp A[10];
ap .slack_logic 4.240 ;
gp A[11];
ap .slack_logic 4.328 ;
gp A[12];
ap .slack_logic 4.388 ;
gp A[16];
ap .slack_logic 5.966 ;

gi scalFitSum_p[16:0];
ai .slack_logic 3.016 ;
gp Q[0];
ap .slack_logic 3.640 ;
gp Q[1];
ap .slack_logic 3.700 ;
gp Q[2];
ap .slack_logic 3.760 ;
gp Q[3];
ap .slack_logic 3.820 ;
gp Q[4];
ap .slack_logic 3.880 ;
gp Q[5];
ap .slack_logic 3.940 ;
gp Q[6];
ap .slack_logic 4.000 ;
gp Q[7];
ap .slack_logic 4.059 ;
gp Q[8];
ap .slack_logic 4.120 ;
gp Q[9];
ap .slack_logic 4.208 ;
gp Q[10];
ap .slack_logic 4.240 ;
gp Q[11];
ap .slack_logic 4.328 ;
gp Q[12];
ap .slack_logic 4.388 ;
gp Q[13];
ap .slack_logic 4.448 ;
gp Q[14];
ap .slack_logic 4.508 ;
gp Q[15];
ap .slack_logic 4.568 ;
gp Q[16];
ap .slack_logic 5.966 ;
gp D[0];
ap .slack_logic 4.244 ;
gp D[1];
ap .slack_logic 4.148 ;
gp D[2];
ap .slack_logic 4.052 ;
gp D[3];
ap .slack_logic 3.956 ;
gp D[4];
ap .slack_logic 3.860 ;
gp D[5];
ap .slack_logic 3.764 ;
gp D[6];
ap .slack_logic 3.668 ;
gp D[7];
ap .slack_logic 3.572 ;
gp D[8];
ap .slack_logic 3.476 ;
gp D[9];
ap .slack_logic 3.304 ;
gp D[10];
ap .slack_logic 3.284 ;
gp D[11];
ap .slack_logic 3.112 ;
gp D[12];
ap .slack_logic 3.016 ;
gp D[13];
ap .slack_logic 4.107 ;
gp D[14];
ap .slack_logic 4.107 ;
gp D[15];
ap .slack_logic 4.107 ;
gp D[16];
ap .slack_logic 4.996 ;
gp C;
ap .is_clock 1;
gp R;
ap .slack_logic 5.481 ;

gi done_t;
gp C;
ap .is_clock 1;

gi temp_rd;
gp C;
ap .is_clock 1;

gi selParent_p[20:0];
gp C;
ap .is_clock 1;

d U6;

gi un131_clk[0:6];
ai .slack_logic 0.189 ;
gp D[2];
ap .slack_logic 0.189 ;

gi un133_clk[2:0];
ai .slack_logic 1.342 ;
gp D0[1];
ap .slack_logic 1.360 ;
gp D1[2];
ap .slack_logic 1.342 ;
gp D2[1];
ap .slack_logic 1.398 ;
gp D2[2];
ap .slack_logic 1.398 ;

gi done;
ai .slack_logic 6.043 ;
gp Q[0];
ap .slack_logic 8.204 ;
gp D[0];
ap .slack_logic 7.882 ;
gp C;
ap .is_clock 1;
gp E;
ap .slack_logic 6.043 ;

gi crossout1[20:0];
ai .slack_logic 6.787 ;
gp Q[0];
ap .slack_logic 8.204 ;
gp Q[1];
ap .slack_logic 8.204 ;
gp Q[2];
ap .slack_logic 8.204 ;
gp Q[3];
ap .slack_logic 8.204 ;
gp Q[4];
ap .slack_logic 8.204 ;
gp Q[5];
ap .slack_logic 8.204 ;
gp Q[6];
ap .slack_logic 8.204 ;
gp Q[7];
ap .slack_logic 8.204 ;
gp Q[8];
ap .slack_logic 8.204 ;
gp Q[9];
ap .slack_logic 8.204 ;
gp Q[10];
ap .slack_logic 8.204 ;
gp Q[11];
ap .slack_logic 8.204 ;
gp Q[12];
ap .slack_logic 8.204 ;
gp Q[13];
ap .slack_logic 8.204 ;
gp Q[14];
ap .slack_logic 8.204 ;
gp Q[15];
ap .slack_logic 8.204 ;
gp Q[16];
ap .slack_logic 8.204 ;
gp Q[17];
ap .slack_logic 8.204 ;
gp Q[18];
ap .slack_logic 8.204 ;
gp Q[19];
ap .slack_logic 8.204 ;
gp Q[20];
ap .slack_logic 8.204 ;
gp D[0];
ap .slack_logic 7.489 ;
gp D[1];
ap .slack_logic 7.489 ;
gp D[2];
ap .slack_logic 6.787 ;
gp D[3];
ap .slack_logic 7.489 ;
gp D[4];
ap .slack_logic 7.489 ;
gp D[5];
ap .slack_logic 7.489 ;
gp D[6];
ap .slack_logic 7.489 ;
gp D[7];
ap .slack_logic 7.489 ;
gp D[8];
ap .slack_logic 7.489 ;
gp D[9];
ap .slack_logic 7.489 ;
gp D[10];
ap .slack_logic 7.489 ;
gp D[11];
ap .slack_logic 7.489 ;
gp D[12];
ap .slack_logic 7.489 ;
gp D[13];
ap .slack_logic 7.489 ;
gp D[14];
ap .slack_logic 7.489 ;
gp D[15];
ap .slack_logic 7.489 ;
gp D[16];
ap .slack_logic 7.489 ;
gp D[17];
ap .slack_logic 7.489 ;
gp D[18];
ap .slack_logic 7.489 ;
gp D[19];
ap .slack_logic 7.489 ;
gp D[20];
ap .slack_logic 7.489 ;
gp C;
ap .is_clock 1;
gp E;
ap .slack_logic 7.333 ;

gi un658_temp1[2:0];
ai .slack_logic 1.029 ;
gp D0[1];
ap .slack_logic 3.710 ;
gp D2[3];
ap .slack_logic 1.029 ;
gp D3[1];
ap .slack_logic 3.710 ;
gp D3[2];
ap .slack_logic 3.334 ;
gp D3[3];
ap .slack_logic 1.958 ;
gp D4[2];
ap .slack_logic 3.334 ;
gp D4[3];
ap .slack_logic 1.958 ;
gp D5[1];
ap .slack_logic 2.781 ;
gp D5[2];
ap .slack_logic 2.405 ;
gp D5[3];
ap .slack_logic 1.029 ;
gp D6[1];
ap .slack_logic 2.781 ;
gp D6[2];
ap .slack_logic 2.405 ;

gi rd;
ai .slack_logic 6.255 ;
gp Q[0];
ap .slack_logic 6.255 ;
gp D[0];
ap .slack_logic 8.204 ;
gp C;
ap .is_clock 1;

gi crossOffspr1[20:0];
ai .slack_logic 3.863 ;
gp Q[0];
ap .slack_logic 5.733 ;
gp Q[1];
ap .slack_logic 5.715 ;
gp Q[2];
ap .slack_logic 5.733 ;
gp Q[3];
ap .slack_logic 3.887 ;
gp Q[4];
ap .slack_logic 4.317 ;
gp Q[5];
ap .slack_logic 3.887 ;
gp Q[6];
ap .slack_logic 3.887 ;
gp Q[7];
ap .slack_logic 3.887 ;
gp Q[8];
ap .slack_logic 3.887 ;
gp Q[9];
ap .slack_logic 3.887 ;
gp Q[10];
ap .slack_logic 3.887 ;
gp Q[11];
ap .slack_logic 4.317 ;
gp Q[12];
ap .slack_logic 3.891 ;
gp Q[13];
ap .slack_logic 3.891 ;
gp Q[14];
ap .slack_logic 3.891 ;
gp Q[15];
ap .slack_logic 3.887 ;
gp Q[16];
ap .slack_logic 4.317 ;
gp Q[17];
ap .slack_logic 3.887 ;
gp Q[18];
ap .slack_logic 3.863 ;
gp Q[19];
ap .slack_logic 3.863 ;
gp Q[20];
ap .slack_logic 4.294 ;
gp D[0];
ap .slack_logic 8.204 ;
gp D[1];
ap .slack_logic 8.204 ;
gp D[2];
ap .slack_logic 8.204 ;
gp D[3];
ap .slack_logic 8.204 ;
gp D[4];
ap .slack_logic 8.204 ;
gp D[5];
ap .slack_logic 8.204 ;
gp D[6];
ap .slack_logic 8.204 ;
gp D[7];
ap .slack_logic 8.204 ;
gp D[8];
ap .slack_logic 8.204 ;
gp D[9];
ap .slack_logic 8.204 ;
gp D[10];
ap .slack_logic 8.204 ;
gp D[11];
ap .slack_logic 8.204 ;
gp D[12];
ap .slack_logic 8.204 ;
gp D[13];
ap .slack_logic 8.204 ;
gp D[14];
ap .slack_logic 8.204 ;
gp D[15];
ap .slack_logic 8.204 ;
gp D[16];
ap .slack_logic 8.204 ;
gp D[17];
ap .slack_logic 8.204 ;
gp D[18];
ap .slack_logic 8.204 ;
gp D[19];
ap .slack_logic 8.204 ;
gp D[20];
ap .slack_logic 8.204 ;
gp C;
ap .is_clock 1;

gi loop7.cross_point_int[2:0];
gp C;
ap .is_clock 1;

gi cont1[0:5];
gp C;
ap .is_clock 1;

gi pool_int_6[0];
ai .slack_logic 1.360 ;
gp Q[0];
ap .slack_logic 1.360 ;
gp D[0];
ap .slack_logic 6.570 ;
gp C;
ap .is_clock 1;
gp E;
ap .slack_logic 2.200 ;

gi pool_int_2[0];
ai .slack_logic 1.398 ;
gp Q[0];
ap .slack_logic 1.398 ;
gp D[0];
ap .slack_logic 6.570 ;
gp C;
ap .is_clock 1;
gp E;
ap .slack_logic 2.200 ;

gi pool_int_5[1];
ai .slack_logic 1.342 ;
gp Q[0];
ap .slack_logic 1.342 ;
gp D[0];
ap .slack_logic 6.570 ;
gp C;
ap .is_clock 1;
gp E;
ap .slack_logic 2.010 ;

gi index_1[2:0];
ai .slack_logic 1.029 ;
gp Q[0];
ap .slack_logic 2.781 ;
gp Q[1];
ap .slack_logic 2.405 ;
gp Q[2];
ap .slack_logic 1.029 ;
gp D[0];
ap .slack_logic 6.315 ;
gp D[1];
ap .slack_logic 6.315 ;
gp D[2];
ap .slack_logic 6.315 ;
gp C;
ap .is_clock 1;
gp E;
ap .slack_logic 1.266 ;

gi index_2[2:0];
ai .slack_logic 1.029 ;
gp Q[0];
ap .slack_logic 2.781 ;
gp Q[1];
ap .slack_logic 2.405 ;
gp Q[2];
ap .slack_logic 1.029 ;
gp D[0];
ap .slack_logic 6.315 ;
gp D[1];
ap .slack_logic 6.315 ;
gp D[2];
ap .slack_logic 6.315 ;
gp C;
ap .is_clock 1;
gp E;
ap .slack_logic 1.266 ;

gi index_3[2:0];
ai .slack_logic 1.266 ;
gp Q[0];
ap .slack_logic 3.710 ;
gp Q[1];
ap .slack_logic 3.334 ;
gp Q[2];
ap .slack_logic 1.958 ;
gp D[0];
ap .slack_logic 6.315 ;
gp D[1];
ap .slack_logic 6.315 ;
gp D[2];
ap .slack_logic 6.315 ;
gp C;
ap .is_clock 1;
gp E;
ap .slack_logic 1.266 ;

gi index_4[2:0];
ai .slack_logic 1.958 ;
gp Q[0];
ap .slack_logic 3.710 ;
gp Q[1];
ap .slack_logic 3.334 ;
gp Q[2];
ap .slack_logic 1.958 ;
gp D[0];
ap .slack_logic 6.315 ;
gp D[1];
ap .slack_logic 6.315 ;
gp D[2];
ap .slack_logic 6.315 ;
gp C;
ap .is_clock 1;
gp E;
ap .slack_logic 2.642 ;

gi index_5[2:0];
ai .slack_logic 1.029 ;
gp Q[0];
ap .slack_logic 2.781 ;
gp Q[1];
ap .slack_logic 2.405 ;
gp Q[2];
ap .slack_logic 1.029 ;
gp D[0];
ap .slack_logic 6.315 ;
gp D[1];
ap .slack_logic 6.315 ;
gp D[2];
ap .slack_logic 6.315 ;
gp C;
ap .is_clock 1;
gp E;
ap .slack_logic 1.266 ;

gi index_6[2:0];
ai .slack_logic 1.029 ;
gp Q[0];
ap .slack_logic 2.781 ;
gp Q[1];
ap .slack_logic 2.405 ;
gp Q[2];
ap .slack_logic 1.029 ;
gp D[0];
ap .slack_logic 6.315 ;
gp D[1];
ap .slack_logic 6.315 ;
gp D[2];
ap .slack_logic 6.315 ;
gp C;
ap .is_clock 1;
gp E;
ap .slack_logic 1.266 ;

gi index_7[2:0];
ai .slack_logic 1.266 ;
gp Q[0];
ap .slack_logic 3.710 ;
gp Q[1];
ap .slack_logic 3.334 ;
gp Q[2];
ap .slack_logic 1.958 ;
gp D[0];
ap .slack_logic 6.315 ;
gp D[1];
ap .slack_logic 6.315 ;
gp D[2];
ap .slack_logic 6.315 ;
gp C;
ap .is_clock 1;
gp E;
ap .slack_logic 1.266 ;

gi pool_int_0[0];
ai .slack_logic 1.360 ;
gp Q[0];
ap .slack_logic 1.360 ;
gp D[0];
ap .slack_logic 4.291 ;
gp C;
ap .is_clock 1;
gp E;
ap .slack_logic 7.333 ;

gi pool_int_4[0];
ai .slack_logic 1.350 ;
gp Q[0];
ap .slack_logic 1.350 ;
gp D[0];
ap .slack_logic 3.362 ;
gp C;
ap .is_clock 1;
gp E;
ap .slack_logic 7.333 ;

gi pool_int_1[1];
ai .slack_logic 1.342 ;
gp Q[0];
ap .slack_logic 1.342 ;
gp D[0];
ap .slack_logic 3.552 ;
gp C;
ap .is_clock 1;
gp E;
ap .slack_logic 7.333 ;

gi pool_int_3[2];
ai .slack_logic 2.272 ;
gp Q[0];
ap .slack_logic 2.272 ;
gp D[0];
ap .slack_logic 4.291 ;
gp C;
ap .is_clock 1;
gp E;
ap .slack_logic 7.333 ;

gi pool_int_4[2];
gp C;
ap .is_clock 1;

gi ind[2:0];
ai .slack_logic 0.179 ;
gp Q[0];
ap .slack_logic 2.143 ;
gp Q[1];
ap .slack_logic 0.838 ;
gp Q[2];
ap .slack_logic 0.838 ;
gp D[0];
ap .slack_logic 1.109 ;
gp D[1];
ap .slack_logic 1.109 ;
gp D[2];
ap .slack_logic 0.179 ;
gp C;
ap .is_clock 1;

gi counter[2:0];
ai .slack_logic 0.179 ;
gp Q[0];
ap .slack_logic 0.179 ;
gp Q[1];
ap .slack_logic 0.179 ;
gp Q[2];
ap .slack_logic 0.189 ;
gp D[0];
ap .slack_logic 3.694 ;
gp D[1];
ap .slack_logic 3.577 ;
gp D[2];
ap .slack_logic 2.205 ;
gp C;
ap .is_clock 1;

gi temp1[20:0];
ai .slack_logic 0.030 ;
gp Q[0];
ap .slack_logic 0.370 ;
gp Q[1];
ap .slack_logic 0.385 ;
gp Q[3];
ap .slack_logic 0.030 ;
gp Q[4];
ap .slack_logic 0.030 ;
gp Q[5];
ap .slack_logic 1.387 ;
gp Q[6];
ap .slack_logic 0.471 ;
gp Q[7];
ap .slack_logic 0.456 ;
gp Q[8];
ap .slack_logic 1.386 ;
gp Q[9];
ap .slack_logic 0.380 ;
gp Q[10];
ap .slack_logic 0.380 ;
gp Q[11];
ap .slack_logic 1.453 ;
gp Q[12];
ap .slack_logic 1.314 ;
gp Q[13];
ap .slack_logic 1.314 ;
gp Q[14];
ap .slack_logic 1.909 ;
gp Q[15];
ap .slack_logic 0.030 ;
gp Q[16];
ap .slack_logic 1.919 ;
gp Q[17];
ap .slack_logic 1.396 ;
gp Q[18];
ap .slack_logic 0.485 ;
gp Q[19];
ap .slack_logic 0.485 ;
gp Q[20];
ap .slack_logic 1.329 ;
gp D[0];
ap .slack_logic 0.409 ;
gp D[1];
ap .slack_logic 0.409 ;
gp D[3];
ap .slack_logic 0.030 ;
gp D[4];
ap .slack_logic 0.030 ;
gp D[5];
ap .slack_logic 0.030 ;
gp D[6];
ap .slack_logic 0.456 ;
gp D[7];
ap .slack_logic 0.456 ;
gp D[8];
ap .slack_logic 0.456 ;
gp D[9];
ap .slack_logic 0.542 ;
gp D[10];
ap .slack_logic 0.542 ;
gp D[11];
ap .slack_logic 0.542 ;
gp D[12];
ap .slack_logic 1.255 ;
gp D[13];
ap .slack_logic 0.838 ;
gp D[14];
ap .slack_logic 2.244 ;
gp D[15];
ap .slack_logic 1.698 ;
gp D[16];
ap .slack_logic 0.838 ;
gp D[17];
ap .slack_logic 2.239 ;
gp D[18];
ap .slack_logic 1.255 ;
gp D[19];
ap .slack_logic 0.838 ;
gp D[20];
ap .slack_logic 2.657 ;
gp C;
ap .is_clock 1;

d U7;

gi done_p;
ai .slack_logic 1.957 ;
gp Q[0];
ap .slack_logic 1.957 ;
gp D[0];
ap .slack_logic 7.227 ;
gp C;
ap .is_clock 1;
gp E;
ap .slack_logic 6.073 ;

gi mutout_615[2:0];
ai .slack_logic 5.715 ;
gp D0[2];
ap .slack_logic 5.715 ;

gi mutout_615[14:12];
ai .slack_logic 5.715 ;
gp D6[2];
ap .slack_logic 5.715 ;

gi mutout_p1[20:0];
ai .slack_logic -1.090 ;
gp Q[1];
ap .slack_logic -1.090 ;
gp Q[3];
ap .slack_logic 0.742 ;
gp Q[4];
ap .slack_logic -1.090 ;
gp Q[5];
ap .slack_logic 0.391 ;
gp Q[6];
ap .slack_logic -0.103 ;
gp Q[7];
ap .slack_logic -1.090 ;
gp Q[8];
ap .slack_logic 0.391 ;
gp Q[11];
ap .slack_logic 0.391 ;
gp Q[13];
ap .slack_logic -1.090 ;
gp Q[15];
ap .slack_logic 0.742 ;
gp Q[16];
ap .slack_logic -0.161 ;
gp Q[17];
ap .slack_logic 1.321 ;
gp D[1];
ap .slack_logic -0.481 ;
gp D[3];
ap .slack_logic -0.238 ;
gp D[4];
ap .slack_logic -0.238 ;
gp D[5];
ap .slack_logic 0.192 ;
gp D[6];
ap .slack_logic 1.093 ;
gp D[7];
ap .slack_logic 0.959 ;
gp D[8];
ap .slack_logic 0.959 ;
gp D[11];
ap .slack_logic 0.052 ;
gp D[13];
ap .slack_logic -0.373 ;
gp D[15];
ap .slack_logic -0.291 ;
gp D[16];
ap .slack_logic 0.140 ;
gp D[17];
ap .slack_logic -0.291 ;
gp C;
ap .is_clock 1;
gp E;
ap .slack_logic 7.363 ;

d U8;

gi wr_r;
ai .slack_logic 2.745 ;
gp Q[0];
ap .slack_logic 5.906 ;
gp D[0];
ap .slack_logic 2.745 ;
gp C;
ap .is_clock 1;

gi add_r[2:0];
ai .slack_logic 0.904 ;
gp Q[0];
ap .slack_logic 6.767 ;
gp Q[1];
ap .slack_logic 6.767 ;
gp Q[2];
ap .slack_logic 6.767 ;
gp D[0];
ap .slack_logic 0.904 ;
gp D[1];
ap .slack_logic 0.904 ;
gp D[2];
ap .slack_logic 0.904 ;
gp C;
ap .is_clock 1;

gi data_out_cl[30];
gp C;
ap .is_clock 1;

gi data_out_cl_1[30];
gp C;
ap .is_clock 1;

gi data_out_cl_2[30];
gp C;
ap .is_clock 1;

gi data_out_cl_3[30];
gp C;
ap .is_clock 1;

gi data_out_cl_4[30];
gp C;
ap .is_clock 1;

gi data_out_cl_5[30];
gp C;
ap .is_clock 1;

gi data_out_cl_6[30];
gp C;
ap .is_clock 1;

gi data_out_cl_7[30];
gp C;
ap .is_clock 1;

gi data_out_cl_8[30];
gp C;
ap .is_clock 1;

gi data_out_cl_9[30];
gp C;
ap .is_clock 1;

gi data_out_cl_10[30];
gp C;
ap .is_clock 1;

gi data_out_cl_11[30];
gp C;
ap .is_clock 1;

gi data_out_cl_12[30];
gp C;
ap .is_clock 1;

gi data_out_cl_13[30];
gp C;
ap .is_clock 1;

gi data_out_cl_14[30];
gp C;
ap .is_clock 1;

gi data_out_cl_15[30];
gp C;
ap .is_clock 1;

gi data_out_cl_16[30];
gp C;
ap .is_clock 1;

gi data_out_cl_17[30];
gp C;
ap .is_clock 1;

gi data_out_cl_18[30];
gp C;
ap .is_clock 1;

gi data_out_cl_19[30];
gp C;
ap .is_clock 1;

gi data_out_cl_20[30];
gp C;
ap .is_clock 1;

gi data_out_cl_21[30];
gp C;
ap .is_clock 1;

gi data_out_cl_22[30];
gp C;
ap .is_clock 1;

gi data_out_cl_23[30];
gp C;
ap .is_clock 1;

gi data_out_cl_24[30];
gp C;
ap .is_clock 1;

gi data_out_cl_25[30];
gp C;
ap .is_clock 1;

gi data_out_cl_26[30];
gp C;
ap .is_clock 1;

gi data_out_cl_27[30];
gp C;
ap .is_clock 1;

gi data_out_cl_28[30];
gp C;
ap .is_clock 1;

gi data_out_cl_29[30];
gp C;
ap .is_clock 1;

gi data_out_cl_30[30];
gp C;
ap .is_clock 1;

gi data[30:0];
gp CLK;
ap .is_clock 1;

gi data_out_1[0];
ai .slack_logic 5.723 ;
gp Q[0];
ap .slack_logic 5.723 ;
gp D[0];
ap .slack_logic 6.767 ;
gp C;
ap .is_clock 1;
gp E;
ap .slack_logic 5.906 ;

gi data_out_1[1];
ai .slack_logic 5.783 ;
gp Q[0];
ap .slack_logic 5.783 ;
gp D[0];
ap .slack_logic 6.767 ;
gp C;
ap .is_clock 1;
gp E;
ap .slack_logic 5.906 ;

gi data_out_1[2];
ai .slack_logic 5.843 ;
gp Q[0];
ap .slack_logic 5.843 ;
gp D[0];
ap .slack_logic 6.767 ;
gp C;
ap .is_clock 1;
gp E;
ap .slack_logic 5.906 ;

gi data_out_1[3];
ai .slack_logic 5.903 ;
gp Q[0];
ap .slack_logic 5.903 ;
gp D[0];
ap .slack_logic 6.767 ;
gp C;
ap .is_clock 1;
gp E;
ap .slack_logic 5.906 ;

gi data_out_1[4];
ai .slack_logic 5.906 ;
gp Q[0];
ap .slack_logic 5.963 ;
gp D[0];
ap .slack_logic 6.767 ;
gp C;
ap .is_clock 1;
gp E;
ap .slack_logic 5.906 ;

gi data_out_1[5];
ai .slack_logic 5.906 ;
gp Q[0];
ap .slack_logic 6.023 ;
gp D[0];
ap .slack_logic 6.767 ;
gp C;
ap .is_clock 1;
gp E;
ap .slack_logic 5.906 ;

gi data_out_1[6];
ai .slack_logic 5.906 ;
gp Q[0];
ap .slack_logic 6.083 ;
gp D[0];
ap .slack_logic 6.767 ;
gp C;
ap .is_clock 1;
gp E;
ap .slack_logic 5.906 ;

gi data_out_1[7];
ai .slack_logic 5.906 ;
gp Q[0];
ap .slack_logic 6.143 ;
gp D[0];
ap .slack_logic 6.767 ;
gp C;
ap .is_clock 1;
gp E;
ap .slack_logic 5.906 ;

gi data_out_1[8];
ai .slack_logic 5.906 ;
gp Q[0];
ap .slack_logic 6.203 ;
gp D[0];
ap .slack_logic 6.767 ;
gp C;
ap .is_clock 1;
gp E;
ap .slack_logic 5.906 ;

gi data_out_1[9];
ai .slack_logic 5.906 ;
gp Q[0];
ap .slack_logic 6.263 ;
gp D[0];
ap .slack_logic 6.767 ;
gp C;
ap .is_clock 1;
gp E;
ap .slack_logic 5.906 ;

gi data_out_1[10];
ai .slack_logic 5.906 ;
gp Q[0];
ap .slack_logic 7.831 ;
gp D[0];
ap .slack_logic 6.767 ;
gp C;
ap .is_clock 1;
gp E;
ap .slack_logic 5.906 ;

gi data_out_1[11];
ai .slack_logic 5.906 ;
gp Q[0];
ap .slack_logic 7.831 ;
gp D[0];
ap .slack_logic 6.767 ;
gp C;
ap .is_clock 1;
gp E;
ap .slack_logic 5.906 ;

gi data_out_1[12];
ai .slack_logic 5.906 ;
gp Q[0];
ap .slack_logic 7.831 ;
gp D[0];
ap .slack_logic 6.767 ;
gp C;
ap .is_clock 1;
gp E;
ap .slack_logic 5.906 ;

gi data_out_1[13];
ai .slack_logic 5.906 ;
gp Q[0];
ap .slack_logic 7.831 ;
gp D[0];
ap .slack_logic 6.767 ;
gp C;
ap .is_clock 1;
gp E;
ap .slack_logic 5.906 ;

gi data_out_1[14];
ai .slack_logic 5.906 ;
gp Q[0];
ap .slack_logic 7.831 ;
gp D[0];
ap .slack_logic 6.767 ;
gp C;
ap .is_clock 1;
gp E;
ap .slack_logic 5.906 ;

gi data_out_1[15];
ai .slack_logic 5.906 ;
gp Q[0];
ap .slack_logic 7.831 ;
gp D[0];
ap .slack_logic 6.767 ;
gp C;
ap .is_clock 1;
gp E;
ap .slack_logic 5.906 ;

gi data_out_1[16];
ai .slack_logic 5.906 ;
gp Q[0];
ap .slack_logic 7.831 ;
gp D[0];
ap .slack_logic 6.767 ;
gp C;
ap .is_clock 1;
gp E;
ap .slack_logic 5.906 ;

gi data_out_1[17];
ai .slack_logic 5.906 ;
gp Q[0];
ap .slack_logic 7.831 ;
gp D[0];
ap .slack_logic 6.767 ;
gp C;
ap .is_clock 1;
gp E;
ap .slack_logic 5.906 ;

gi data_out_1[18];
ai .slack_logic 5.906 ;
gp Q[0];
ap .slack_logic 7.831 ;
gp D[0];
ap .slack_logic 6.767 ;
gp C;
ap .is_clock 1;
gp E;
ap .slack_logic 5.906 ;

gi data_out_1[19];
ai .slack_logic 5.906 ;
gp Q[0];
ap .slack_logic 7.831 ;
gp D[0];
ap .slack_logic 6.767 ;
gp C;
ap .is_clock 1;
gp E;
ap .slack_logic 5.906 ;

gi data_out_1[20];
ai .slack_logic 5.906 ;
gp Q[0];
ap .slack_logic 7.831 ;
gp D[0];
ap .slack_logic 6.767 ;
gp C;
ap .is_clock 1;
gp E;
ap .slack_logic 5.906 ;

gi data_out_1[21];
ai .slack_logic 5.906 ;
gp Q[0];
ap .slack_logic 7.831 ;
gp D[0];
ap .slack_logic 6.767 ;
gp C;
ap .is_clock 1;
gp E;
ap .slack_logic 5.906 ;

gi data_out_1[22];
ai .slack_logic 5.906 ;
gp Q[0];
ap .slack_logic 7.831 ;
gp D[0];
ap .slack_logic 6.767 ;
gp C;
ap .is_clock 1;
gp E;
ap .slack_logic 5.906 ;

gi data_out_1[23];
ai .slack_logic 5.906 ;
gp Q[0];
ap .slack_logic 7.831 ;
gp D[0];
ap .slack_logic 6.767 ;
gp C;
ap .is_clock 1;
gp E;
ap .slack_logic 5.906 ;

gi data_out_1[24];
ai .slack_logic 5.906 ;
gp Q[0];
ap .slack_logic 7.831 ;
gp D[0];
ap .slack_logic 6.767 ;
gp C;
ap .is_clock 1;
gp E;
ap .slack_logic 5.906 ;

gi data_out_1[25];
ai .slack_logic 5.906 ;
gp Q[0];
ap .slack_logic 7.831 ;
gp D[0];
ap .slack_logic 6.767 ;
gp C;
ap .is_clock 1;
gp E;
ap .slack_logic 5.906 ;

gi data_out_1[26];
ai .slack_logic 5.906 ;
gp Q[0];
ap .slack_logic 7.831 ;
gp D[0];
ap .slack_logic 6.767 ;
gp C;
ap .is_clock 1;
gp E;
ap .slack_logic 5.906 ;

gi data_out_1[27];
ai .slack_logic 5.906 ;
gp Q[0];
ap .slack_logic 7.831 ;
gp D[0];
ap .slack_logic 6.767 ;
gp C;
ap .is_clock 1;
gp E;
ap .slack_logic 5.906 ;

gi data_out_1[28];
ai .slack_logic 5.906 ;
gp Q[0];
ap .slack_logic 7.831 ;
gp D[0];
ap .slack_logic 6.767 ;
gp C;
ap .is_clock 1;
gp E;
ap .slack_logic 5.906 ;

gi data_out_1[29];
ai .slack_logic 5.906 ;
gp Q[0];
ap .slack_logic 7.831 ;
gp D[0];
ap .slack_logic 6.767 ;
gp C;
ap .is_clock 1;
gp E;
ap .slack_logic 5.906 ;

gi data_out_1[30];
ai .slack_logic 5.906 ;
gp Q[0];
ap .slack_logic 7.831 ;
gp D[0];
ap .slack_logic 6.767 ;
gp C;
ap .is_clock 1;
gp E;
ap .slack_logic 5.906 ;

d U9;

gi wr_r;
ai .slack_logic 5.707 ;
gp Q[0];
ap .slack_logic 5.944 ;
gp D[0];
ap .slack_logic 5.707 ;
gp C;
ap .is_clock 1;

gi add_r[3:0];
ai .slack_logic 2.557 ;
gp Q[0];
ap .slack_logic 6.781 ;
gp Q[1];
ap .slack_logic 6.781 ;
gp Q[2];
ap .slack_logic 6.781 ;
gp Q[3];
ap .slack_logic 6.781 ;
gp D[0];
ap .slack_logic 2.557 ;
gp D[1];
ap .slack_logic 2.557 ;
gp D[2];
ap .slack_logic 2.557 ;
gp D[3];
ap .slack_logic 2.557 ;
gp C;
ap .is_clock 1;

gi data_out_cl[20];
gp C;
ap .is_clock 1;

gi data_out_cl_1[20];
gp C;
ap .is_clock 1;

gi data_out_cl_2[20];
gp C;
ap .is_clock 1;

gi data_out_cl_3[20];
gp C;
ap .is_clock 1;

gi data_out_cl_4[20];
gp C;
ap .is_clock 1;

gi data_out_cl_5[20];
gp C;
ap .is_clock 1;

gi data_out_cl_6[20];
gp C;
ap .is_clock 1;

gi data_out_cl_7[20];
gp C;
ap .is_clock 1;

gi data_out_cl_8[20];
gp C;
ap .is_clock 1;

gi data_out_cl_9[20];
gp C;
ap .is_clock 1;

gi data_out_cl_10[20];
gp C;
ap .is_clock 1;

gi data_out_cl_11[20];
gp C;
ap .is_clock 1;

gi data_out_cl_12[20];
gp C;
ap .is_clock 1;

gi data_out_cl_13[20];
gp C;
ap .is_clock 1;

gi data_out_cl_14[20];
gp C;
ap .is_clock 1;

gi data_out_cl_15[20];
gp C;
ap .is_clock 1;

gi data_out_cl_16[20];
gp C;
ap .is_clock 1;

gi data_out_cl_17[20];
gp C;
ap .is_clock 1;

gi data_out_cl_18[20];
gp C;
ap .is_clock 1;

gi data_out_cl_19[20];
gp C;
ap .is_clock 1;

gi data_out_cl_20[20];
gp C;
ap .is_clock 1;

gi data[20:0];
gp CLK;
ap .is_clock 1;

gi data_out_1[0];
ai .slack_logic 5.944 ;
gp Q[0];
ap .slack_logic 7.669 ;
gp D[0];
ap .slack_logic 6.781 ;
gp C;
ap .is_clock 1;
gp E;
ap .slack_logic 5.944 ;

gi data_out_1[1];
ai .slack_logic 5.944 ;
gp Q[0];
ap .slack_logic 7.669 ;
gp D[0];
ap .slack_logic 6.781 ;
gp C;
ap .is_clock 1;
gp E;
ap .slack_logic 5.944 ;

gi data_out_1[2];
ai .slack_logic 5.944 ;
gp Q[0];
ap .slack_logic 7.669 ;
gp D[0];
ap .slack_logic 6.781 ;
gp C;
ap .is_clock 1;
gp E;
ap .slack_logic 5.944 ;

gi data_out_1[3];
ai .slack_logic 5.944 ;
gp Q[0];
ap .slack_logic 7.669 ;
gp D[0];
ap .slack_logic 6.781 ;
gp C;
ap .is_clock 1;
gp E;
ap .slack_logic 5.944 ;

gi data_out_1[4];
ai .slack_logic 5.944 ;
gp Q[0];
ap .slack_logic 7.669 ;
gp D[0];
ap .slack_logic 6.781 ;
gp C;
ap .is_clock 1;
gp E;
ap .slack_logic 5.944 ;

gi data_out_1[5];
ai .slack_logic 5.944 ;
gp Q[0];
ap .slack_logic 7.669 ;
gp D[0];
ap .slack_logic 6.781 ;
gp C;
ap .is_clock 1;
gp E;
ap .slack_logic 5.944 ;

gi data_out_1[6];
ai .slack_logic 5.944 ;
gp Q[0];
ap .slack_logic 7.669 ;
gp D[0];
ap .slack_logic 6.781 ;
gp C;
ap .is_clock 1;
gp E;
ap .slack_logic 5.944 ;

gi data_out_1[7];
ai .slack_logic 5.944 ;
gp Q[0];
ap .slack_logic 7.669 ;
gp D[0];
ap .slack_logic 6.781 ;
gp C;
ap .is_clock 1;
gp E;
ap .slack_logic 5.944 ;

gi data_out_1[8];
ai .slack_logic 5.944 ;
gp Q[0];
ap .slack_logic 7.669 ;
gp D[0];
ap .slack_logic 6.781 ;
gp C;
ap .is_clock 1;
gp E;
ap .slack_logic 5.944 ;

gi data_out_1[9];
ai .slack_logic 5.944 ;
gp Q[0];
ap .slack_logic 7.669 ;
gp D[0];
ap .slack_logic 6.781 ;
gp C;
ap .is_clock 1;
gp E;
ap .slack_logic 5.944 ;

gi data_out_1[10];
ai .slack_logic 5.944 ;
gp Q[0];
ap .slack_logic 7.669 ;
gp D[0];
ap .slack_logic 6.781 ;
gp C;
ap .is_clock 1;
gp E;
ap .slack_logic 5.944 ;

gi data_out_1[11];
ai .slack_logic 5.944 ;
gp Q[0];
ap .slack_logic 7.669 ;
gp D[0];
ap .slack_logic 6.781 ;
gp C;
ap .is_clock 1;
gp E;
ap .slack_logic 5.944 ;

gi data_out_1[12];
ai .slack_logic 5.944 ;
gp Q[0];
ap .slack_logic 7.669 ;
gp D[0];
ap .slack_logic 6.781 ;
gp C;
ap .is_clock 1;
gp E;
ap .slack_logic 5.944 ;

gi data_out_1[13];
ai .slack_logic 5.944 ;
gp Q[0];
ap .slack_logic 7.669 ;
gp D[0];
ap .slack_logic 6.781 ;
gp C;
ap .is_clock 1;
gp E;
ap .slack_logic 5.944 ;

gi data_out_1[14];
ai .slack_logic 5.944 ;
gp Q[0];
ap .slack_logic 7.669 ;
gp D[0];
ap .slack_logic 6.781 ;
gp C;
ap .is_clock 1;
gp E;
ap .slack_logic 5.944 ;

gi data_out_1[15];
ai .slack_logic 5.944 ;
gp Q[0];
ap .slack_logic 7.669 ;
gp D[0];
ap .slack_logic 6.781 ;
gp C;
ap .is_clock 1;
gp E;
ap .slack_logic 5.944 ;

gi data_out_1[16];
ai .slack_logic 5.944 ;
gp Q[0];
ap .slack_logic 7.669 ;
gp D[0];
ap .slack_logic 6.781 ;
gp C;
ap .is_clock 1;
gp E;
ap .slack_logic 5.944 ;

gi data_out_1[17];
ai .slack_logic 5.944 ;
gp Q[0];
ap .slack_logic 7.669 ;
gp D[0];
ap .slack_logic 6.781 ;
gp C;
ap .is_clock 1;
gp E;
ap .slack_logic 5.944 ;

gi data_out_1[18];
ai .slack_logic 5.944 ;
gp Q[0];
ap .slack_logic 7.669 ;
gp D[0];
ap .slack_logic 6.781 ;
gp C;
ap .is_clock 1;
gp E;
ap .slack_logic 5.944 ;

gi data_out_1[19];
ai .slack_logic 5.944 ;
gp Q[0];
ap .slack_logic 7.669 ;
gp D[0];
ap .slack_logic 6.781 ;
gp C;
ap .is_clock 1;
gp E;
ap .slack_logic 5.944 ;

gi data_out_1[20];
ai .slack_logic 5.944 ;
gp Q[0];
ap .slack_logic 7.669 ;
gp D[0];
ap .slack_logic 6.781 ;
gp C;
ap .is_clock 1;
gp E;
ap .slack_logic 5.944 ;

d U10;

gi sreg[0:8];
ai .slack_logic 1.223 ;
gp I[14];
ap .slack_logic 1.872 ;
gp I[37];
ap .slack_logic 3.199 ;
gp C;
ap .is_clock 1;

gi notify_cnt_p[0:8];
ai .slack_logic 0.881 ;
gp I[5];
ap .slack_logic 1.957 ;
gp I[6];
ap .slack_logic 0.881 ;
gp I[17];
ap .slack_logic 2.146 ;
gp C;
ap .is_clock 1;

gi elite_null;
ai .slack_logic 4.746 ;
gp Q[0];
ap .slack_logic 4.746 ;
gp D[0];
ap .slack_logic 6.476 ;
gp C;
ap .is_clock 1;

gi next_gene;
ai .slack_logic 6.030 ;
gp Q[0];
ap .slack_logic 6.030 ;
gp D[0];
ap .slack_logic 6.113 ;
gp C;
ap .is_clock 1;

gi flag;
ai .slack_logic 4.832 ;
gp Q[0];
ap .slack_logic 6.317 ;
gp D[0];
ap .slack_logic 4.832 ;
gp C;
ap .is_clock 1;

gi un5_dummy_cnt_adapt[28:32];
ai .slack_logic 1.113 ;
gp D1[3];
ap .slack_logic 1.113 ;

gi un4_index_c[28:32];
ai .slack_logic 0.985 ;
gp D0[1];
ap .slack_logic 0.985 ;
gp D0[2];
ap .slack_logic 2.361 ;

gi run2_1;
ai .slack_logic 6.016 ;
gp Q[0];
ap .slack_logic 7.374 ;
gp D[0];
ap .slack_logic 6.016 ;
gp C;
ap .is_clock 1;

gi data_valid;
ai .slack_logic 1.687 ;
gp Q[0];
ap .slack_logic 1.687 ;
gp D[0];
ap .slack_logic 5.876 ;
gp C;
ap .is_clock 1;

gi load;
ai .slack_logic 5.989 ;
gp D[0];
ap .slack_logic 5.989 ;
gp C;
ap .is_clock 1;

gi cross_out;
ai .slack_logic 2.224 ;
gp Q[0];
ap .slack_logic 2.224 ;
gp D[0];
ap .slack_logic 5.741 ;
gp C;
ap .is_clock 1;

gi addr_rom_1[4:0];
ai .slack_logic -1.176 ;
gp Q[0];
ap .slack_logic -0.254 ;
gp Q[1];
ap .slack_logic -0.309 ;
gp Q[2];
ap .slack_logic -0.304 ;
gp Q[3];
ap .slack_logic -0.235 ;
gp D[0];
ap .slack_logic 3.979 ;
gp D[1];
ap .slack_logic 3.979 ;
gp D[2];
ap .slack_logic 3.979 ;
gp D[3];
ap .slack_logic 3.979 ;
gp C;
ap .is_clock 1;

gi mut_out;
ai .slack_logic 6.073 ;
gp Q[0];
ap .slack_logic 6.073 ;
gp D[0];
ap .slack_logic 6.207 ;
gp C;
ap .is_clock 1;

gi index[3:0];
ai .slack_logic 2.931 ;
gp Q[0];
ap .slack_logic 4.085 ;
gp Q[1];
ap .slack_logic 4.085 ;
gp Q[2];
ap .slack_logic 4.085 ;
gp Q[3];
ap .slack_logic 4.085 ;
gp D[0];
ap .slack_logic 4.073 ;
gp D[1];
ap .slack_logic 4.073 ;
gp D[2];
ap .slack_logic 4.073 ;
gp D[3];
ap .slack_logic 2.931 ;
gp C;
ap .is_clock 1;

gi count_gen_p1[8:0];
ai .slack_logic 1.794 ;
gp Q[0];
ap .slack_logic 1.794 ;
gp Q[1];
ap .slack_logic 1.794 ;
gp Q[2];
ap .slack_logic 1.794 ;
gp Q[3];
ap .slack_logic 1.794 ;
gp Q[4];
ap .slack_logic 1.794 ;
gp Q[5];
ap .slack_logic 1.794 ;
gp Q[6];
ap .slack_logic 1.794 ;
gp Q[7];
ap .slack_logic 1.794 ;
gp Q[8];
ap .slack_logic 3.199 ;
gp D[0];
ap .slack_logic 3.962 ;
gp D[1];
ap .slack_logic 3.249 ;
gp D[2];
ap .slack_logic 3.189 ;
gp D[3];
ap .slack_logic 3.129 ;
gp D[4];
ap .slack_logic 3.069 ;
gp D[5];
ap .slack_logic 3.009 ;
gp D[6];
ap .slack_logic 2.949 ;
gp D[7];
ap .slack_logic 2.889 ;
gp D[8];
ap .slack_logic 2.829 ;
gp C;
ap .is_clock 1;

gi ga_fin;
ai .slack_logic 4.764 ;
gp Q[0];
ap .slack_logic 7.879 ;
gp D[0];
ap .slack_logic 4.764 ;
gp C;
ap .is_clock 1;

gi decode;
ai .slack_logic -1.205 ;
gp Q[0];
ap .slack_logic 0.600 ;
gp D[0];
ap .slack_logic 3.407 ;
gp C;
ap .is_clock 1;

gi count_sel_rd_p1[3:0];
ai .slack_logic 3.047 ;
gp Q[0];
ap .slack_logic 5.153 ;
gp Q[1];
ap .slack_logic 5.153 ;
gp Q[2];
ap .slack_logic 5.172 ;
gp Q[3];
ap .slack_logic 5.239 ;
gp D[0];
ap .slack_logic 3.720 ;
gp D[1];
ap .slack_logic 3.047 ;
gp D[2];
ap .slack_logic 3.047 ;
gp D[3];
ap .slack_logic 3.494 ;
gp C;
ap .is_clock 1;

gi temp1[20:0];
ai .slack_logic 2.866 ;
gp Q[0];
ap .slack_logic 8.204 ;
gp Q[1];
ap .slack_logic 8.204 ;
gp Q[2];
ap .slack_logic 8.204 ;
gp Q[3];
ap .slack_logic 8.204 ;
gp Q[4];
ap .slack_logic 8.204 ;
gp Q[5];
ap .slack_logic 8.204 ;
gp Q[6];
ap .slack_logic 8.204 ;
gp Q[7];
ap .slack_logic 8.204 ;
gp Q[8];
ap .slack_logic 8.204 ;
gp Q[9];
ap .slack_logic 8.204 ;
gp Q[10];
ap .slack_logic 8.204 ;
gp Q[11];
ap .slack_logic 8.204 ;
gp Q[12];
ap .slack_logic 8.204 ;
gp Q[13];
ap .slack_logic 8.204 ;
gp Q[14];
ap .slack_logic 8.204 ;
gp Q[15];
ap .slack_logic 8.204 ;
gp Q[16];
ap .slack_logic 8.204 ;
gp Q[17];
ap .slack_logic 8.204 ;
gp Q[18];
ap .slack_logic 8.204 ;
gp Q[19];
ap .slack_logic 8.204 ;
gp Q[20];
ap .slack_logic 8.204 ;
gp D[0];
ap .slack_logic 5.741 ;
gp D[1];
ap .slack_logic 5.741 ;
gp D[2];
ap .slack_logic 5.741 ;
gp D[3];
ap .slack_logic 5.741 ;
gp D[4];
ap .slack_logic 5.741 ;
gp D[5];
ap .slack_logic 5.741 ;
gp D[6];
ap .slack_logic 5.741 ;
gp D[7];
ap .slack_logic 5.741 ;
gp D[8];
ap .slack_logic 5.741 ;
gp D[9];
ap .slack_logic 5.741 ;
gp D[10];
ap .slack_logic 5.741 ;
gp D[11];
ap .slack_logic 5.741 ;
gp D[12];
ap .slack_logic 5.741 ;
gp D[13];
ap .slack_logic 5.741 ;
gp D[14];
ap .slack_logic 5.741 ;
gp D[15];
ap .slack_logic 5.741 ;
gp D[16];
ap .slack_logic 5.741 ;
gp D[17];
ap .slack_logic 5.741 ;
gp D[18];
ap .slack_logic 5.741 ;
gp D[19];
ap .slack_logic 5.741 ;
gp D[20];
ap .slack_logic 5.741 ;
gp C;
ap .is_clock 1;
gp E;
ap .slack_logic 2.866 ;

gi un1_count_sel_wr_p1_6[0:3];
ai .slack_logic 5.316 ;
gp D0[0];
ap .slack_logic 5.316 ;
gp D0[1];
ap .slack_logic 5.762 ;

gi sel_out;
ai .slack_logic 4.203 ;
gp Q[0];
ap .slack_logic 5.481 ;
gp D[0];
ap .slack_logic 4.203 ;
gp C;
ap .is_clock 1;

gi loop0.cnt_adapted;
gp C;
ap .is_clock 1;

gi data_out_cross1[20:0];
ai .slack_logic 4.928 ;
gp Q[0];
ap .slack_logic 4.928 ;
gp Q[1];
ap .slack_logic 4.928 ;
gp Q[2];
ap .slack_logic 6.787 ;
gp Q[3];
ap .slack_logic 5.858 ;
gp Q[4];
ap .slack_logic 5.858 ;
gp Q[5];
ap .slack_logic 5.858 ;
gp Q[6];
ap .slack_logic 5.858 ;
gp Q[7];
ap .slack_logic 5.858 ;
gp Q[8];
ap .slack_logic 5.858 ;
gp Q[9];
ap .slack_logic 5.858 ;
gp Q[10];
ap .slack_logic 5.858 ;
gp Q[11];
ap .slack_logic 5.858 ;
gp Q[12];
ap .slack_logic 5.415 ;
gp Q[13];
ap .slack_logic 5.415 ;
gp Q[14];
ap .slack_logic 5.858 ;
gp Q[15];
ap .slack_logic 5.858 ;
gp Q[16];
ap .slack_logic 5.415 ;
gp Q[17];
ap .slack_logic 5.858 ;
gp Q[18];
ap .slack_logic 5.415 ;
gp Q[19];
ap .slack_logic 5.415 ;
gp Q[20];
ap .slack_logic 5.858 ;
gp D[0];
ap .slack_logic 8.204 ;
gp D[1];
ap .slack_logic 8.204 ;
gp D[2];
ap .slack_logic 8.204 ;
gp D[3];
ap .slack_logic 8.204 ;
gp D[4];
ap .slack_logic 8.204 ;
gp D[5];
ap .slack_logic 8.204 ;
gp D[6];
ap .slack_logic 8.204 ;
gp D[7];
ap .slack_logic 8.204 ;
gp D[8];
ap .slack_logic 8.204 ;
gp D[9];
ap .slack_logic 8.204 ;
gp D[10];
ap .slack_logic 8.204 ;
gp D[11];
ap .slack_logic 8.204 ;
gp D[12];
ap .slack_logic 8.204 ;
gp D[13];
ap .slack_logic 8.204 ;
gp D[14];
ap .slack_logic 8.204 ;
gp D[15];
ap .slack_logic 8.204 ;
gp D[16];
ap .slack_logic 8.204 ;
gp D[17];
ap .slack_logic 8.204 ;
gp D[18];
ap .slack_logic 8.204 ;
gp D[19];
ap .slack_logic 8.204 ;
gp D[20];
ap .slack_logic 8.204 ;
gp C;
ap .is_clock 1;

gi count_offs_p1[3:0];
ai .slack_logic -0.354 ;
gp Q[0];
ap .slack_logic 1.755 ;
gp Q[1];
ap .slack_logic 0.391 ;
gp Q[2];
ap .slack_logic -0.354 ;
gp Q[3];
ap .slack_logic 1.113 ;
gp D[0];
ap .slack_logic 1.816 ;
gp D[1];
ap .slack_logic 1.347 ;
gp D[2];
ap .slack_logic 1.347 ;
gp D[3];
ap .slack_logic 2.258 ;
gp C;
ap .is_clock 1;
gp E;
ap .slack_logic 3.163 ;

gi temp2[20:0];
ai .slack_logic 1.490 ;
gp Q[0];
ap .slack_logic 8.204 ;
gp Q[1];
ap .slack_logic 8.204 ;
gp Q[2];
ap .slack_logic 8.204 ;
gp Q[3];
ap .slack_logic 8.204 ;
gp Q[4];
ap .slack_logic 8.204 ;
gp Q[5];
ap .slack_logic 8.204 ;
gp Q[6];
ap .slack_logic 8.204 ;
gp Q[7];
ap .slack_logic 8.204 ;
gp Q[8];
ap .slack_logic 8.204 ;
gp Q[9];
ap .slack_logic 8.204 ;
gp Q[10];
ap .slack_logic 8.204 ;
gp Q[11];
ap .slack_logic 8.204 ;
gp Q[12];
ap .slack_logic 8.204 ;
gp Q[13];
ap .slack_logic 8.204 ;
gp Q[14];
ap .slack_logic 8.204 ;
gp Q[15];
ap .slack_logic 8.204 ;
gp Q[16];
ap .slack_logic 8.204 ;
gp Q[17];
ap .slack_logic 8.204 ;
gp Q[18];
ap .slack_logic 8.204 ;
gp Q[19];
ap .slack_logic 8.204 ;
gp Q[20];
ap .slack_logic 8.204 ;
gp D[0];
ap .slack_logic 5.741 ;
gp D[1];
ap .slack_logic 5.741 ;
gp D[2];
ap .slack_logic 5.741 ;
gp D[3];
ap .slack_logic 5.741 ;
gp D[4];
ap .slack_logic 5.741 ;
gp D[5];
ap .slack_logic 5.741 ;
gp D[6];
ap .slack_logic 5.741 ;
gp D[7];
ap .slack_logic 5.741 ;
gp D[8];
ap .slack_logic 5.741 ;
gp D[9];
ap .slack_logic 5.741 ;
gp D[10];
ap .slack_logic 5.741 ;
gp D[11];
ap .slack_logic 5.741 ;
gp D[12];
ap .slack_logic 5.741 ;
gp D[13];
ap .slack_logic 5.741 ;
gp D[14];
ap .slack_logic 5.741 ;
gp D[15];
ap .slack_logic 5.741 ;
gp D[16];
ap .slack_logic 5.741 ;
gp D[17];
ap .slack_logic 5.741 ;
gp D[18];
ap .slack_logic 5.741 ;
gp D[19];
ap .slack_logic 5.741 ;
gp D[20];
ap .slack_logic 5.741 ;
gp C;
ap .is_clock 1;
gp E;
ap .slack_logic 1.490 ;

gi count_sel_wr_p1[3:0];
ai .slack_logic 2.609 ;
gp Q[0];
ap .slack_logic 5.316 ;
gp Q[1];
ap .slack_logic 5.762 ;
gp Q[2];
ap .slack_logic 5.772 ;
gp Q[3];
ap .slack_logic 6.740 ;
gp D[0];
ap .slack_logic 3.760 ;
gp D[1];
ap .slack_logic 2.609 ;
gp D[2];
ap .slack_logic 2.609 ;
gp D[3];
ap .slack_logic 3.056 ;
gp C;
ap .is_clock 1;

gi valid;
ai .slack_logic 0.752 ;
gp Q[0];
ap .slack_logic 0.752 ;
gp D[0];
ap .slack_logic 3.188 ;
gp C;
ap .is_clock 1;

gi data_out_cross2[20:0];
ai .slack_logic 4.928 ;
gp Q[0];
ap .slack_logic 4.928 ;
gp Q[1];
ap .slack_logic 4.928 ;
gp Q[2];
ap .slack_logic 6.787 ;
gp Q[3];
ap .slack_logic 5.858 ;
gp Q[4];
ap .slack_logic 5.858 ;
gp Q[5];
ap .slack_logic 5.858 ;
gp Q[6];
ap .slack_logic 5.858 ;
gp Q[7];
ap .slack_logic 5.858 ;
gp Q[8];
ap .slack_logic 5.858 ;
gp Q[9];
ap .slack_logic 5.858 ;
gp Q[10];
ap .slack_logic 5.858 ;
gp Q[11];
ap .slack_logic 5.858 ;
gp Q[12];
ap .slack_logic 5.415 ;
gp Q[13];
ap .slack_logic 5.415 ;
gp Q[14];
ap .slack_logic 5.858 ;
gp Q[15];
ap .slack_logic 5.858 ;
gp Q[16];
ap .slack_logic 5.415 ;
gp Q[17];
ap .slack_logic 5.858 ;
gp Q[18];
ap .slack_logic 5.415 ;
gp Q[19];
ap .slack_logic 5.415 ;
gp Q[20];
ap .slack_logic 5.858 ;
gp D[0];
ap .slack_logic 8.204 ;
gp D[1];
ap .slack_logic 8.204 ;
gp D[2];
ap .slack_logic 8.204 ;
gp D[3];
ap .slack_logic 8.204 ;
gp D[4];
ap .slack_logic 8.204 ;
gp D[5];
ap .slack_logic 8.204 ;
gp D[6];
ap .slack_logic 8.204 ;
gp D[7];
ap .slack_logic 8.204 ;
gp D[8];
ap .slack_logic 8.204 ;
gp D[9];
ap .slack_logic 8.204 ;
gp D[10];
ap .slack_logic 8.204 ;
gp D[11];
ap .slack_logic 8.204 ;
gp D[12];
ap .slack_logic 8.204 ;
gp D[13];
ap .slack_logic 8.204 ;
gp D[14];
ap .slack_logic 8.204 ;
gp D[15];
ap .slack_logic 8.204 ;
gp D[16];
ap .slack_logic 8.204 ;
gp D[17];
ap .slack_logic 8.204 ;
gp D[18];
ap .slack_logic 8.204 ;
gp D[19];
ap .slack_logic 8.204 ;
gp D[20];
ap .slack_logic 8.204 ;
gp C;
ap .is_clock 1;

gi count_parents_p1[3:0];
ai .slack_logic 1.834 ;
gp Q[0];
ap .slack_logic 1.834 ;
gp Q[1];
ap .slack_logic 1.834 ;
gp Q[2];
ap .slack_logic 1.853 ;
gp Q[3];
ap .slack_logic 1.872 ;
gp D[0];
ap .slack_logic 3.082 ;
gp D[1];
ap .slack_logic 3.082 ;
gp D[2];
ap .slack_logic 3.082 ;
gp D[3];
ap .slack_logic 2.655 ;
gp C;
ap .is_clock 1;

gi loop1.incr[3:0];
gp C;
ap .is_clock 1;

gi cnt_parents_1[3:0];
ai .slack_logic 0.468 ;
gp Q[2];
ap .slack_logic 0.468 ;
gp Q[3];
ap .slack_logic 0.468 ;
gp D[2];
ap .slack_logic 8.089 ;
gp D[3];
ap .slack_logic 8.108 ;
gp C;
ap .is_clock 1;

gi incr_p1[3:0];
ai .slack_logic 0.928 ;
gp Q[0];
ap .slack_logic 0.928 ;
gp Q[1];
ap .slack_logic 0.985 ;
gp Q[2];
ap .slack_logic 2.361 ;
gp D[0];
ap .slack_logic 8.089 ;
gp D[1];
ap .slack_logic 8.108 ;
gp D[2];
ap .slack_logic 6.703 ;
gp C;
ap .is_clock 1;

gi run3;
ai .slack_logic 4.473 ;
gp Q[0];
ap .slack_logic 7.478 ;
gp D[0];
ap .slack_logic 4.473 ;
gp C;
ap .is_clock 1;

gi count_cross_offs_p1[2:0];
ai .slack_logic 0.832 ;
gp Q[0];
ap .slack_logic 0.881 ;
gp Q[1];
ap .slack_logic 0.832 ;
gp Q[2];
ap .slack_logic 0.996 ;
gp D[0];
ap .slack_logic 1.762 ;
gp D[1];
ap .slack_logic 1.762 ;
gp D[2];
ap .slack_logic 0.832 ;
gp C;
ap .is_clock 1;

d U11;

gi case1.iwidth.0.ilatency.0.idin.intern_0[0];
gp C;
ap .is_clock 1;

gi case1.iwidth.1.ilatency.0.idin.intern_0[1];
gp C;
ap .is_clock 1;

gi case1.iwidth.2.ilatency.0.idin.intern_0[2];
gp C;
ap .is_clock 1;

gi case1.iwidth.3.ilatency.0.idin.intern_0[3];
gp C;
ap .is_clock 1;

gi case1.iwidth.4.ilatency.0.idin.intern_0[4];
gp C;
ap .is_clock 1;

gi case1.iwidth.5.ilatency.0.idin.intern_0[5];
gp C;
ap .is_clock 1;

gi case1.iwidth.6.ilatency.0.idin.intern_0[6];
gp C;
ap .is_clock 1;

gi case1.iwidth.7.ilatency.0.idin.intern_0[7];
gp C;
ap .is_clock 1;

gi case1.iwidth.8.ilatency.0.idin.intern_0[8];
gp C;
ap .is_clock 1;

gi case1.iwidth.9.ilatency.0.idin.intern_0[9];
gp C;
ap .is_clock 1;

gi case1.iwidth.10.ilatency.0.idin.intern_0[10];
gp C;
ap .is_clock 1;

gi case1.iwidth.11.ilatency.0.idin.intern_0[11];
gp C;
ap .is_clock 1;

gi case1.iwidth.12.ilatency.0.idin.intern_0[12];
gp C;
ap .is_clock 1;

gi case1.iwidth.13.ilatency.0.idin.intern_0[13];
gp C;
ap .is_clock 1;

gi case1.iwidth.14.ilatency.0.idin.intern_0[14];
gp C;
ap .is_clock 1;

gi case1.iwidth.15.ilatency.0.idin.intern_0[15];
gp C;
ap .is_clock 1;

gi case1.iwidth.16.ilatency.0.idin.intern_0[16];
gp C;
ap .is_clock 1;

gi case1.iwidth.17.ilatency.0.idin.intern_0[17];
gp C;
ap .is_clock 1;

gi case1.iwidth.18.ilatency.0.idin.intern_0[18];
gp C;
ap .is_clock 1;

gi case1.iwidth.19.ilatency.0.idin.intern_0[19];
gp C;
ap .is_clock 1;

gi case1.iwidth.20.ilatency.0.idin.intern_0[20];
gp C;
ap .is_clock 1;

d U12;

gi case1.iwidth.0.ilatency.0.idin.intern_0[0];
gp C;
ap .is_clock 1;

gi case1.iwidth.1.ilatency.0.idin.intern_0[1];
gp C;
ap .is_clock 1;

gi case1.iwidth.2.ilatency.0.idin.intern_0[2];
gp C;
ap .is_clock 1;

gi case1.iwidth.3.ilatency.0.idin.intern_0[3];
gp C;
ap .is_clock 1;

gi case1.iwidth.4.ilatency.0.idin.intern_0[4];
gp C;
ap .is_clock 1;

gi case1.iwidth.5.ilatency.0.idin.intern_0[5];
gp C;
ap .is_clock 1;

gi case1.iwidth.6.ilatency.0.idin.intern_0[6];
gp C;
ap .is_clock 1;

gi case1.iwidth.7.ilatency.0.idin.intern_0[7];
gp C;
ap .is_clock 1;

gi case1.iwidth.8.ilatency.0.idin.intern_0[8];
gp C;
ap .is_clock 1;

gi case1.iwidth.9.ilatency.0.idin.intern_0[9];
gp C;
ap .is_clock 1;

d U13;

gi case1.iwidth.0.ilatency.0.idin.intern_0[0];
gp C;
ap .is_clock 1;

gi case1.iwidth.1.ilatency.0.idin.intern_0[1];
gp C;
ap .is_clock 1;

gi case1.iwidth.2.ilatency.0.idin.intern_0[2];
gp C;
ap .is_clock 1;

gi case1.iwidth.3.ilatency.0.idin.intern_0[3];
gp C;
ap .is_clock 1;

gi case1.iwidth.4.ilatency.0.idin.intern_0[4];
gp C;
ap .is_clock 1;

gi case1.iwidth.5.ilatency.0.idin.intern_0[5];
gp C;
ap .is_clock 1;

gi case1.iwidth.6.ilatency.0.idin.intern_0[6];
gp C;
ap .is_clock 1;

gi case1.iwidth.7.ilatency.0.idin.intern_0[7];
gp C;
ap .is_clock 1;

d U14;

gi case1.iwidth.0.ilatency.0.idin.intern_0[0];
gp C;
ap .is_clock 1;

gi case1.iwidth.1.ilatency.0.idin.intern_0[1];
gp C;
ap .is_clock 1;

gi case1.iwidth.2.ilatency.0.idin.intern_0[2];
gp C;
ap .is_clock 1;

gi case1.iwidth.3.ilatency.0.idin.intern_0[3];
gp C;
ap .is_clock 1;

gi case1.iwidth.4.ilatency.0.idin.intern_0[4];
gp C;
ap .is_clock 1;

gi case1.iwidth.5.ilatency.0.idin.intern_0[5];
gp C;
ap .is_clock 1;

d U15;

gi case1.iwidth.0.ilatency.0.idin.intern_0[0];
gp C;
ap .is_clock 1;

gi case1.iwidth.1.ilatency.0.idin.intern_0[1];
gp C;
ap .is_clock 1;

gi case1.iwidth.2.ilatency.0.idin.intern_0[2];
gp C;
ap .is_clock 1;

gi case1.iwidth.3.ilatency.0.idin.intern_0[3];
gp C;
ap .is_clock 1;

n work ga_tsp str;
av syn_information_type logic;

d U17;

gi intern_0[0];
gp C;
ap .is_clock 1;

d U16;

gi intern_0[0];
gp C;
ap .is_clock 1;
